Archive member included to satisfy reference by file (symbol)

/usr/lib/gcc/arm-none-eabi/14.2.0/thumb/v8-m.main+fp/hard/libgcc.a(_aeabi_ldivmod.o)
                              CMakeFiles/RA6M5-Projct.elf.dir/ra/fsp/src/r_sci_spi/r_sci_spi.c.obj (__aeabi_ldivmod)
/usr/lib/gcc/arm-none-eabi/14.2.0/thumb/v8-m.main+fp/hard/libgcc.a(_udivmoddi4.o)
                              /usr/lib/gcc/arm-none-eabi/14.2.0/thumb/v8-m.main+fp/hard/libgcc.a(_aeabi_ldivmod.o) (__udivmoddi4)
/usr/lib/gcc/arm-none-eabi/14.2.0/thumb/v8-m.main+fp/hard/libgcc.a(_dvmd_tls.o)
                              /usr/lib/gcc/arm-none-eabi/14.2.0/thumb/v8-m.main+fp/hard/libgcc.a(_aeabi_ldivmod.o) (__aeabi_ldiv0)
/usr/lib/gcc/arm-none-eabi/14.2.0/../../../../arm-none-eabi/lib/thumb/v8-m.main+fp/hard/libg_nano.a(libc_a-atexit.o)
                              /usr/lib/gcc/arm-none-eabi/14.2.0/../../../../arm-none-eabi/lib/thumb/v8-m.main+fp/hard/crt0.o (atexit)
/usr/lib/gcc/arm-none-eabi/14.2.0/../../../../arm-none-eabi/lib/thumb/v8-m.main+fp/hard/libg_nano.a(libc_a-exit.o)
                              /usr/lib/gcc/arm-none-eabi/14.2.0/../../../../arm-none-eabi/lib/thumb/v8-m.main+fp/hard/crt0.o (exit)
/usr/lib/gcc/arm-none-eabi/14.2.0/../../../../arm-none-eabi/lib/thumb/v8-m.main+fp/hard/libg_nano.a(libc_a-findfp.o)
                              /usr/lib/gcc/arm-none-eabi/14.2.0/../../../../arm-none-eabi/lib/thumb/v8-m.main+fp/hard/libg_nano.a(libc_a-exit.o) (__stdio_exit_handler)
/usr/lib/gcc/arm-none-eabi/14.2.0/../../../../arm-none-eabi/lib/thumb/v8-m.main+fp/hard/libg_nano.a(libc_a-fwalk.o)
                              /usr/lib/gcc/arm-none-eabi/14.2.0/../../../../arm-none-eabi/lib/thumb/v8-m.main+fp/hard/libg_nano.a(libc_a-findfp.o) (_fwalk_sglue)
/usr/lib/gcc/arm-none-eabi/14.2.0/../../../../arm-none-eabi/lib/thumb/v8-m.main+fp/hard/libg_nano.a(libc_a-printf.o)
                              CMakeFiles/RA6M5-Projct.elf.dir/src/drv_gpio.c.obj (printf)
/usr/lib/gcc/arm-none-eabi/14.2.0/../../../../arm-none-eabi/lib/thumb/v8-m.main+fp/hard/libg_nano.a(libc_a-puts.o)
                              CMakeFiles/RA6M5-Projct.elf.dir/src/drv_eeprom.c.obj (puts)
/usr/lib/gcc/arm-none-eabi/14.2.0/../../../../arm-none-eabi/lib/thumb/v8-m.main+fp/hard/libg_nano.a(libc_a-snprintf.o)
                              CMakeFiles/RA6M5-Projct.elf.dir/src/drv_w800.c.obj (snprintf)
/usr/lib/gcc/arm-none-eabi/14.2.0/../../../../arm-none-eabi/lib/thumb/v8-m.main+fp/hard/libg_nano.a(libc_a-stdio.o)
                              /usr/lib/gcc/arm-none-eabi/14.2.0/../../../../arm-none-eabi/lib/thumb/v8-m.main+fp/hard/libg_nano.a(libc_a-findfp.o) (__sread)
/usr/lib/gcc/arm-none-eabi/14.2.0/../../../../arm-none-eabi/lib/thumb/v8-m.main+fp/hard/libg_nano.a(libc_a-wbuf.o)
                              /usr/lib/gcc/arm-none-eabi/14.2.0/../../../../arm-none-eabi/lib/thumb/v8-m.main+fp/hard/libg_nano.a(libc_a-puts.o) (__swbuf_r)
/usr/lib/gcc/arm-none-eabi/14.2.0/../../../../arm-none-eabi/lib/thumb/v8-m.main+fp/hard/libg_nano.a(libc_a-wsetup.o)
                              /usr/lib/gcc/arm-none-eabi/14.2.0/../../../../arm-none-eabi/lib/thumb/v8-m.main+fp/hard/libg_nano.a(libc_a-puts.o) (__swsetup_r)
/usr/lib/gcc/arm-none-eabi/14.2.0/../../../../arm-none-eabi/lib/thumb/v8-m.main+fp/hard/libg_nano.a(libc_a-memset.o)
                              /usr/lib/gcc/arm-none-eabi/14.2.0/../../../../arm-none-eabi/lib/thumb/v8-m.main+fp/hard/crt0.o (memset)
/usr/lib/gcc/arm-none-eabi/14.2.0/../../../../arm-none-eabi/lib/thumb/v8-m.main+fp/hard/libg_nano.a(libc_a-closer.o)
                              /usr/lib/gcc/arm-none-eabi/14.2.0/../../../../arm-none-eabi/lib/thumb/v8-m.main+fp/hard/libg_nano.a(libc_a-stdio.o) (_close_r)
/usr/lib/gcc/arm-none-eabi/14.2.0/../../../../arm-none-eabi/lib/thumb/v8-m.main+fp/hard/libg_nano.a(libc_a-reent.o)
                              /usr/lib/gcc/arm-none-eabi/14.2.0/../../../../arm-none-eabi/lib/thumb/v8-m.main+fp/hard/libg_nano.a(libc_a-closer.o) (errno)
/usr/lib/gcc/arm-none-eabi/14.2.0/../../../../arm-none-eabi/lib/thumb/v8-m.main+fp/hard/libg_nano.a(libc_a-impure.o)
                              /usr/lib/gcc/arm-none-eabi/14.2.0/../../../../arm-none-eabi/lib/thumb/v8-m.main+fp/hard/libg_nano.a(libc_a-printf.o) (_impure_ptr)
/usr/lib/gcc/arm-none-eabi/14.2.0/../../../../arm-none-eabi/lib/thumb/v8-m.main+fp/hard/libg_nano.a(libc_a-lseekr.o)
                              /usr/lib/gcc/arm-none-eabi/14.2.0/../../../../arm-none-eabi/lib/thumb/v8-m.main+fp/hard/libg_nano.a(libc_a-stdio.o) (_lseek_r)
/usr/lib/gcc/arm-none-eabi/14.2.0/../../../../arm-none-eabi/lib/thumb/v8-m.main+fp/hard/libg_nano.a(libc_a-readr.o)
                              /usr/lib/gcc/arm-none-eabi/14.2.0/../../../../arm-none-eabi/lib/thumb/v8-m.main+fp/hard/libg_nano.a(libc_a-stdio.o) (_read_r)
/usr/lib/gcc/arm-none-eabi/14.2.0/../../../../arm-none-eabi/lib/thumb/v8-m.main+fp/hard/libg_nano.a(libc_a-writer.o)
[...]
Memory Configuration

Name             Origin             Length             Attributes
RAM              0x20000000         0x00080000         xrw
FLASH            0x00000000         0x00100000         xr
DATA_FLASH       0x08000000         0x00002000         xr
QSPI_FLASH       0x60000000         0x04000000         xr
OSPI0_CS0        0x68000000         0x08000000         xrw
OSPI0_CS1        0x70000000         0x10000000         xr
OPTION_SETTING_OFS0 0x0100a100         0x00000004         r
OPTION_SETTING_DUALSEL 0x0100a110         0x00000004         r
OPTION_SETTING_OFS1 0x0100a180         0x00000004         r
OPTION_SETTING_BANKSEL 0x0100a190         0x00000004         r
OPTION_SETTING_BPS 0x0100a1c0         0x00000010         r
OPTION_SETTING_PBPS 0x0100a1e0         0x00000010         r
OPTION_SETTING_OFS1_SEC 0x0100a200         0x00000004         r
OPTION_SETTING_BANKSEL_SEC 0x0100a210         0x00000004         r
OPTION_SETTING_BPS_SEC 0x0100a240         0x00000010         r
OPTION_SETTING_PBPS_SEC 0x0100a260         0x00000010         r
OPTION_SETTING_OFS1_SEL 0x0100a280         0x00000004         r
OPTION_SETTING_BANKSEL_SEL 0x0100a290         0x00000004         r
OPTION_SETTING_BPS_SEL 0x0100a2c0         0x00000010         r
*default*        0x00000000         0xffffffff

Linker script and memory map

LOAD /usr/lib/gcc/arm-none-eabi/14.2.0/thumb/v8-m.main+fp/hard/crti.o
LOAD /usr/lib/gcc/arm-none-eabi/14.2.0/thumb/v8-m.main+fp/hard/crtbegin.o
LOAD /usr/lib/gcc/arm-none-eabi/14.2.0/../../../../arm-none-eabi/lib/thumb/v8-m.main+fp/hard/crt0.o
LOAD CMakeFiles/RA6M5-Projct.elf.dir/ra/fsp/src/bsp/cmsis/Device/RENESAS/Source/startup.c.obj
LOAD CMakeFiles/RA6M5-Projct.elf.dir/ra/fsp/src/bsp/cmsis/Device/RENESAS/Source/system.c.obj
LOAD CMakeFiles/RA6M5-Projct.elf.dir/ra/fsp/src/bsp/mcu/all/bsp_clocks.c.obj
LOAD CMakeFiles/RA6M5-Projct.elf.dir/ra/fsp/src/bsp/mcu/all/bsp_common.c.obj
LOAD CMakeFiles/RA6M5-Projct.elf.dir/ra/fsp/src/bsp/mcu/all/bsp_delay.c.obj
LOAD CMakeFiles/RA6M5-Projct.elf.dir/ra/fsp/src/bsp/mcu/all/bsp_group_irq.c.obj
LOAD CMakeFiles/RA6M5-Projct.elf.dir/ra/fsp/src/bsp/mcu/all/bsp_guard.c.obj
LOAD CMakeFiles/RA6M5-Projct.elf.dir/ra/fsp/src/bsp/mcu/all/bsp_io.c.obj
LOAD CMakeFiles/RA6M5-Projct.elf.dir/ra/fsp/src/bsp/mcu/all/bsp_ipc.c.obj
LOAD CMakeFiles/RA6M5-Projct.elf.dir/ra/fsp/src/bsp/mcu/all/bsp_irq.c.obj
LOAD CMakeFiles/RA6M5-Projct.elf.dir/ra/fsp/src/bsp/mcu/all/bsp_macl.c.obj
LOAD CMakeFiles/RA6M5-Projct.elf.dir/ra/fsp/src/bsp/mcu/all/bsp_ospi_b.c.obj
LOAD CMakeFiles/RA6M5-Projct.elf.dir/ra/fsp/src/bsp/mcu/all/bsp_register_protection.c.obj
LOAD CMakeFiles/RA6M5-Projct.elf.dir/ra/fsp/src/bsp/mcu/all/bsp_sbrk.c.obj
LOAD CMakeFiles/RA6M5-Projct.elf.dir/ra/fsp/src/bsp/mcu/all/bsp_sdram.c.obj
LOAD CMakeFiles/RA6M5-Projct.elf.dir/ra/fsp/src/bsp/mcu/all/bsp_security.c.obj
LOAD CMakeFiles/RA6M5-Projct.elf.dir/ra/fsp/src/bsp/mcu/ra6m5/bsp_linker.c.obj
LOAD CMakeFiles/RA6M5-Projct.elf.dir/ra/fsp/src/r_dtc/r_dtc.c.obj
LOAD CMakeFiles/RA6M5-Projct.elf.dir/ra/fsp/src/r_icu/r_icu.c.obj
LOAD CMakeFiles/RA6M5-Projct.elf.dir/ra/fsp/src/r_ioport/r_ioport.c.obj
LOAD CMakeFiles/RA6M5-Projct.elf.dir/ra/fsp/src/r_sci_i2c/r_sci_i2c.c.obj
LOAD CMakeFiles/RA6M5-Projct.elf.dir/ra/fsp/src/r_sci_spi/r_sci_spi.c.obj
LOAD CMakeFiles/RA6M5-Projct.elf.dir/ra/fsp/src/r_sci_uart/r_sci_uart.c.obj
LOAD CMakeFiles/RA6M5-Projct.elf.dir/ra/fsp/src/r_spi/r_spi.c.obj
LOAD CMakeFiles/RA6M5-Projct.elf.dir/ra_gen/common_data.c.obj
LOAD CMakeFiles/RA6M5-Projct.elf.dir/ra_gen/hal_data.c.obj
LOAD CMakeFiles/RA6M5-Projct.elf.dir/ra_gen/main.c.obj
LOAD CMakeFiles/RA6M5-Projct.elf.dir/ra_gen/pin_data.c.obj
LOAD CMakeFiles/RA6M5-Projct.elf.dir/ra_gen/vector_data.c.obj
LOAD CMakeFiles/RA6M5-Projct.elf.dir/src/circle_buf.c.obj
LOAD CMakeFiles/RA6M5-Projct.elf.dir/src/drv_eeprom.c.obj
LOAD CMakeFiles/RA6M5-Projct.elf.dir/src/drv_gpio.c.obj
LOAD CMakeFiles/RA6M5-Projct.elf.dir/src/drv_oled.c.obj
LOAD CMakeFiles/RA6M5-Projct.elf.dir/src/drv_sci_spi.c.obj
LOAD CMakeFiles/RA6M5-Projct.elf.dir/src/drv_uart.c.obj
LOAD CMakeFiles/RA6M5-Projct.elf.dir/src/drv_w800.c.obj
LOAD CMakeFiles/RA6M5-Projct.elf.dir/src/hal_entry.c.obj
LOAD CMakeFiles/RA6M5-Projct.elf.dir/src/hal_systick.c.obj
LOAD CMakeFiles/RA6M5-Projct.elf.dir/src/hal_warmstart.c.obj
START GROUP
LOAD /usr/lib/gcc/arm-none-eabi/14.2.0/thumb/v8-m.main+fp/hard/libgcc.a
LOAD /usr/lib/gcc/arm-none-eabi/14.2.0/../../../../arm-none-eabi/lib/thumb/v8-m.main+fp/hard/libg_nano.a
LOAD /usr/lib/gcc/arm-none-eabi/14.2.0/../../../../arm-none-eabi/lib/thumb/v8-m.main+fp/hard/libc_nano.a
END GROUP
START GROUP
LOAD /usr/lib/gcc/arm-none-eabi/14.2.0/thumb/v8-m.main+fp/hard/libgcc.a
LOAD /usr/lib/gcc/arm-none-eabi/14.2.0/../../../../arm-none-eabi/lib/thumb/v8-m.main+fp/hard/libc_nano.a
END GROUP
LOAD /usr/lib/gcc/arm-none-eabi/14.2.0/thumb/v8-m.main+fp/hard/crtend.o
LOAD /usr/lib/gcc/arm-none-eabi/14.2.0/thumb/v8-m.main+fp/hard/crtn.o
                0x20000000                        RAM_START = 0x20000000
                0x00080000                        RAM_LENGTH = 0x80000
                0x00000000                        FLASH_START = 0x0
                0x00100000                        FLASH_LENGTH = 0x100000
                0x08000000                        DATA_FLASH_START = 0x8000000
                0x00002000                        DATA_FLASH_LENGTH = 0x2000
                0x60000000                        QSPI_FLASH_START = 0x60000000
                0x04000000                        QSPI_FLASH_LENGTH = 0x4000000
                0x68000000                        OSPI0_CS0_START = 0x68000000
                0x08000000                        OSPI0_CS0_LENGTH = 0x8000000
                0x70000000                        OSPI0_CS1_START = 0x70000000
                0x10000000                        OSPI0_CS1_LENGTH = 0x10000000
                0x0100a100                        OPTION_SETTING_OFS0_START = 0x100a100
                0x00000004                        OPTION_SETTING_OFS0_LENGTH = 0x4
                0x0100a110                        OPTION_SETTING_DUALSEL_START = 0x100a110
                0x00000004                        OPTION_SETTING_DUALSEL_LENGTH = 0x4
                0x0100a180                        OPTION_SETTING_OFS1_START = 0x100a180
                0x00000004                        OPTION_SETTING_OFS1_LENGTH = 0x4
                0x0100a190                        OPTION_SETTING_BANKSEL_START = 0x100a190
                0x00000004                        OPTION_SETTING_BANKSEL_LENGTH = 0x4
                0x0100a1c0                        OPTION_SETTING_BPS_START = 0x100a1c0
                0x00000010                        OPTION_SETTING_BPS_LENGTH = 0x10
                0x0100a1e0                        OPTION_SETTING_PBPS_START = 0x100a1e0
                0x00000010                        OPTION_SETTING_PBPS_LENGTH = 0x10
                0x0100a200                        OPTION_SETTING_OFS1_SEC_START = 0x100a200
                0x00000004                        OPTION_SETTING_OFS1_SEC_LENGTH = 0x4
                0x0100a210                        OPTION_SETTING_BANKSEL_SEC_START = 0x100a210
                0x00000004                        OPTION_SETTING_BANKSEL_SEC_LENGTH = 0x4
                0x0100a240                        OPTION_SETTING_BPS_SEC_START = 0x100a240
                0x00000010                        OPTION_SETTING_BPS_SEC_LENGTH = 0x10
                0x0100a260                        OPTION_SETTING_PBPS_SEC_START = 0x100a260
                0x00000010                        OPTION_SETTING_PBPS_SEC_LENGTH = 0x10
                0x0100a280                        OPTION_SETTING_OFS1_SEL_START = 0x100a280
                0x00000004                        OPTION_SETTING_OFS1_SEL_LENGTH = 0x4
                0x0100a290                        OPTION_SETTING_BANKSEL_SEL_START = 0x100a290
                0x00000004                        OPTION_SETTING_BANKSEL_SEL_LENGTH = 0x4
                0x0100a2c0                        OPTION_SETTING_BPS_SEL_START = 0x100a2c0
                0x00000010                        OPTION_SETTING_BPS_SEL_LENGTH = 0x10
START GROUP
LOAD /usr/lib/gcc/arm-none-eabi/14.2.0/thumb/v8-m.main+fp/hard/libgcc.a
LOAD /usr/lib/gcc/arm-none-eabi/14.2.0/../../../../arm-none-eabi/lib/thumb/v8-m.main+fp/hard/libc.a
LOAD /usr/lib/gcc/arm-none-eabi/14.2.0/../../../../arm-none-eabi/lib/thumb/v8-m.main+fp/hard/libm.a
END GROUP

.qspi_flash.startof
                0x60000000        0x0
                0x60000000                        __ddsc_QSPI_FLASH_START = .

.ospi0_cs0.startof
                0x68000000        0x0
                0x68000000                        __ddsc_OSPI0_CS0_START = .

__ospi0_cs0_from_qspi_flash$$
                0x68000000        0x0 load address 0x60000000
                0x68000000                        __ospi0_cs0_from_qspi_flash$$Base = .
                0x60000000                        __ospi0_cs0_from_qspi_flash$$Load = LOADADDR (__ospi0_cs0_from_qspi_flash$$)
 *(.ospi0_cs0_from_qspi_flash)
 *(.ospi0_cs0_code_from_qspi_flash)
                0x68000000                        __ospi0_cs0_from_qspi_flash$$Limit = .

.ram.startof    0x20000000        0x0
                0x20000000                        __ddsc_RAM_START = .

__ram_dtc_vector$$
                0x20000000       0x4c
                0x20000000                        __ram_dtc_vector$$Base = .
 *(.fsp_dtc_vector_table)
 .fsp_dtc_vector_table
                0x20000000       0x4c CMakeFiles/RA6M5-Projct.elf.dir/ra/fsp/src/r_dtc/r_dtc.c.obj
                0x2000004c                        __ram_dtc_vector$$Limit = .

__ram_from_qspi_flash$$
                0x2000004c        0x0 load address 0x60000000
                0x2000004c                        __ram_from_qspi_flash$$Base = .
                0x60000000                        __ram_from_qspi_flash$$Load = LOADADDR (__ram_from_qspi_flash$$)
 *(.ram_from_qspi_flash)
 *(.ram_code_from_qspi_flash)
                0x2000004c                        __ram_from_qspi_flash$$Limit = .

__qspi_flash_readonly$$
                0x60000000        0x0
                0x60000000                        __qspi_flash_readonly$$Base = .
 *(.qspi_flash)
 *(.qspi_flash_code)
                0x60000000                        __qspi_flash_readonly$$Limit = .

__qspi_flash_noinit$$
                0x60000000        0x0
                0x60000000                        __qspi_flash_noinit$$Base = .
 *(.qspi_flash_noinit)
                0x60000000                        __qspi_flash_noinit$$Limit = .

.qspi_flash.endof
                0x60000000        0x0
                0x60000000                        __ddsc_QSPI_FLASH_END = .

.ospi0_cs1.startof
                0x70000000        0x0
                0x70000000                        __ddsc_OSPI0_CS1_START = .

__ospi0_cs0_from_ospi0_cs1$$
                0x68000000        0x0 load address 0x70000000
                0x68000000                        __ospi0_cs0_from_ospi0_cs1$$Base = .
                0x70000000                        __ospi0_cs0_from_ospi0_cs1$$Load = LOADADDR (__ospi0_cs0_from_ospi0_cs1$$)
 *(.ospi0_cs0_from_ospi0_cs1)
 *(.ospi0_cs0_code_from_ospi0_cs1)
                0x68000000                        __ospi0_cs0_from_ospi0_cs1$$Limit = .

__ram_from_ospi0_cs1$$
                0x2000004c        0x0 load address 0x70000000
                0x2000004c                        __ram_from_ospi0_cs1$$Base = .
                0x70000000                        __ram_from_ospi0_cs1$$Load = LOADADDR (__ram_from_ospi0_cs1$$)
 *(.ram_from_ospi0_cs1)
 *(.ram_code_from_ospi0_cs1)
                0x2000004c                        __ram_from_ospi0_cs1$$Limit = .

__ospi0_cs1_readonly$$
                0x70000000        0x0
                0x70000000                        __ospi0_cs1_readonly$$Base = .
 *(.ospi0_cs1)
 *(.ospi0_cs1_code)
                0x70000000                        __ospi0_cs1_readonly$$Limit = .

__ospi0_cs1_noinit$$
                0x70000000        0x0
                0x70000000                        __ospi0_cs1_noinit$$Base = .
 *(.ospi0_cs1_noinit)
                0x70000000                        __ospi0_cs1_noinit$$Limit = .

.ospi0_cs1.endof
                0x70000000        0x0
                0x70000000                        __ddsc_OSPI0_CS1_END = .

.data_flash.startof
                0x08000000        0x0
                0x08000000                        __ddsc_DATA_FLASH_START = .

__ospi0_cs0_from_data_flash$$
                0x68000000        0x0 load address 0x08000000
                0x68000000                        __ospi0_cs0_from_data_flash$$Base = .
                0x08000000                        __ospi0_cs0_from_data_flash$$Load = LOADADDR (__ospi0_cs0_from_data_flash$$)
 *(.ospi0_cs0_from_data_flash)
 *(.ospi0_cs0_code_from_data_flash)
                0x68000000                        __ospi0_cs0_from_data_flash$$Limit = .

__ram_from_data_flash$$
                0x2000004c        0x0 load address 0x08000000
                0x2000004c                        __ram_from_data_flash$$Base = .
                0x08000000                        __ram_from_data_flash$$Load = LOADADDR (__ram_from_data_flash$$)
 *(.ram_from_data_flash)
 *(.ram_code_from_data_flash)
                0x2000004c                        __ram_from_data_flash$$Limit = .

__data_flash_readonly$$
                0x08000000        0x0
                0x08000000                        __data_flash_readonly$$Base = .
 *(.data_flash)
 *(.data_flash_code)
                0x08000000                        __data_flash_readonly$$Limit = .

__data_flash_noinit$$
                0x08000000        0x0
                0x08000000                        __data_flash_noinit$$Base = .
 *(.data_flash_noinit)
                0x08000000                        __data_flash_noinit$$Limit = .

.data_flash.endof
                0x08000000        0x0
                0x08000000                        __ddsc_DATA_FLASH_END = .

.flash.startof  0x00000000        0x0
                0x00000000                        __ddsc_FLASH_START = .

__flash_vectors$$
                0x00000000       0x8c
                0x00000000                        __flash_vectors$$Base = .
                0x00000000                        _VECTORS = .
 *(.fixed_vectors)
 .fixed_vectors
                0x00000000       0x40 CMakeFiles/RA6M5-Projct.elf.dir/ra/fsp/src/bsp/cmsis/Device/RENESAS/Source/startup.c.obj
                0x00000000                __Vectors
 *(.application_vectors)
 .application_vectors
                0x00000040       0x4c CMakeFiles/RA6M5-Projct.elf.dir/ra_gen/vector_data.c.obj
                0x00000040                g_vector_table
                0x0000008c                        __flash_vectors$$Limit = .

__flash_noinit$$
                0x0000008c        0x0
                0x0000008c                        __flash_noinit$$Base = .
 *(.flash_noinit)
                0x0000008c                        __flash_noinit$$Limit = .

__ospi0_cs0_from_flash$$
                0x68000000        0x0 load address 0x0000008c
                0x68000000                        __ospi0_cs0_from_flash$$Base = .
                0x0000008c                        __ospi0_cs0_from_flash$$Load = LOADADDR (__ospi0_cs0_from_flash$$)
 *(.ospi0_cs0_from_flash)
 *(.ospi0_cs0_code_from_flash)
                0x68000000                        __ospi0_cs0_from_flash$$Limit = .

__ospi0_cs0_noinit_nocache$$
                0x68000000        0x0 load address 0x000000a0
                0x68000000                        __ospi0_cs0_noinit_nocache$$Base = .
 *(.ospi0_cs0_noinit_nocache)
                0x68000000                        __ospi0_cs0_noinit_nocache$$Limit = .

__ospi0_cs0_zero_nocache$$
                0x68000000        0x0 load address 0x0000008c
                0x68000000                        __ospi0_cs0_zero_nocache$$Base = .
 *(.ospi0_cs0_nocache)
                0x68000000                        . = ALIGN (0x20)
                0x68000000                        __ospi0_cs0_zero_nocache$$Limit = .

__ospi0_cs0_noinit$$
                0x68000000        0x0 load address 0x0000008c
                0x68000000                        __ospi0_cs0_noinit$$Base = .
 *(.ospi0_cs0_noinit)
                0x68000000                        __ospi0_cs0_noinit$$Limit = .

__ospi0_cs0_zero$$
                0x68000000        0x0 load address 0x0000008c
                0x68000000                        __ospi0_cs0_zero$$Base = .
 *(.ospi0_cs0)
                0x68000000                        __ospi0_cs0_zero$$Limit = .

.ospi0_cs0.endof
                0x68000000        0x0
                0x68000000                        __ddsc_OSPI0_CS0_END = .

__ram_from_flash$$
                0x2000004c       0x98 load address 0x0000008c
                0x2000004c                        __ram_from_flash$$Base = .
                0x0000008c                        __ram_from_flash$$Load = LOADADDR (__ram_from_flash$$)
 *(.ram_from_flash)
 *(.ram_code_from_flash)
 *(.data*)
 .data.g_uart2_baud_setting
                0x2000004c        0x4 CMakeFiles/RA6M5-Projct.elf.dir/ra_gen/hal_data.c.obj
                0x2000004c                g_uart2_baud_setting
 .data.g_transfer2_info
                0x20000050       0x10 CMakeFiles/RA6M5-Projct.elf.dir/ra_gen/hal_data.c.obj
                0x20000050                g_transfer2_info
 .data.g_uart6_baud_setting
                0x20000060        0x4 CMakeFiles/RA6M5-Projct.elf.dir/ra_gen/hal_data.c.obj
                0x20000060                g_uart6_baud_setting
 .data.gLedLevel
                0x20000064        0x1 CMakeFiles/RA6M5-Projct.elf.dir/src/drv_gpio.c.obj
 *fill*         0x20000065        0x3 
 .data.gLedDev  0x20000068       0x10 CMakeFiles/RA6M5-Projct.elf.dir/src/drv_gpio.c.obj
 .data.gKeyDev  0x20000078       0x10 CMakeFiles/RA6M5-Projct.elf.dir/src/drv_gpio.c.obj
 .data.__sglue  0x20000088        0xc /usr/lib/gcc/arm-none-eabi/14.2.0/../../../../arm-none-eabi/lib/thumb/v8-m.main+fp/hard/libg_nano.a(libc_a-findfp.o)
                0x20000088                __sglue
 .data._impure_ptr
                0x20000094        0x4 /usr/lib/gcc/arm-none-eabi/14.2.0/../../../../arm-none-eabi/lib/thumb/v8-m.main+fp/hard/libg_nano.a(libc_a-impure.o)
                0x20000094                _impure_ptr
 .data._impure_data
                0x20000098       0x4c /usr/lib/gcc/arm-none-eabi/14.2.0/../../../../arm-none-eabi/lib/thumb/v8-m.main+fp/hard/libg_nano.a(libc_a-impure.o)
                0x20000098                _impure_data
 *(vtable)
                0x200000e4                        __ram_from_flash$$Limit = .

__ram_noinit_nocache$$
                0x20000100        0x0 load address 0x00000140
                0x20000100                        __ram_noinit_nocache$$Base = .
 *(.ram_noinit_nocache)
                0x20000100                        __ram_noinit_nocache$$Limit = .

__ram_zero_nocache$$
                0x200000e4       0x1c load address 0x00000124
                0x200000e4                        __ram_zero_nocache$$Base = .
 *(.ram_nocache)
                0x20000100                        . = ALIGN (0x20)
 *fill*         0x200000e4       0x1c 
                0x20000100                        __ram_zero_nocache$$Limit = .

__ram_noinit$$  0x20000100      0x41c load address 0x00000124
                0x20000100                        __ram_noinit$$Base = .
 *(.bss.g_heap)
 *(.bss.g_main_stack)
 .bss.g_main_stack
                0x20000100      0x400 CMakeFiles/RA6M5-Projct.elf.dir/ra/fsp/src/bsp/cmsis/Device/RENESAS/Source/startup.c.obj
                0x20000100                g_main_stack
 *(.ram_noinit)
 .ram_noinit    0x20000500       0x1c CMakeFiles/RA6M5-Projct.elf.dir/ra/fsp/src/bsp/mcu/all/bsp_clocks.c.obj
 *(.noinit)
                0x2000051c                        __ram_noinit$$Limit = .

__ram_zero$$    0x20000520      0x328 load address 0x00000124
                0x20000520                        __ram_zero$$Base = .
 *(.ram)
 *(.bss*)
 .bss.completed.1
                0x20000520        0x1 /usr/lib/gcc/arm-none-eabi/14.2.0/thumb/v8-m.main+fp/hard/crtbegin.o
 *fill*         0x20000521        0x3 
 .bss.object.0  0x20000524       0x18 /usr/lib/gcc/arm-none-eabi/14.2.0/thumb/v8-m.main+fp/hard/crtbegin.o
 .bss.SystemCoreClock
                0x2000053c        0x4 CMakeFiles/RA6M5-Projct.elf.dir/ra/fsp/src/bsp/cmsis/Device/RENESAS/Source/system.c.obj
                0x2000053c                SystemCoreClock
 .bss.g_bsp_group_irq_sources
                0x20000540       0x40 CMakeFiles/RA6M5-Projct.elf.dir/ra/fsp/src/bsp/mcu/all/bsp_group_irq.c.obj
                0x20000540                g_bsp_group_irq_sources
 .bss.g_protect_pfswe_counter
                0x20000580        0x4 CMakeFiles/RA6M5-Projct.elf.dir/ra/fsp/src/bsp/mcu/all/bsp_io.c.obj
                0x20000580                g_protect_pfswe_counter
 .bss.gp_renesas_isr_context
                0x20000584       0x4c CMakeFiles/RA6M5-Projct.elf.dir/ra/fsp/src/bsp/mcu/all/bsp_irq.c.obj
                0x20000584                gp_renesas_isr_context
 .bss.g_protect_counters
                0x200005d0        0xa CMakeFiles/RA6M5-Projct.elf.dir/ra/fsp/src/bsp/mcu/all/bsp_register_protection.c.obj
                0x200005d0                g_protect_counters
 .bss.g_dtc_state_initialized.0
                0x200005da        0x1 CMakeFiles/RA6M5-Projct.elf.dir/ra/fsp/src/r_dtc/r_dtc.c.obj
 *fill*         0x200005db        0x1 
 .bss.g_ioport_ctrl
                0x200005dc        0x8 CMakeFiles/RA6M5-Projct.elf.dir/ra_gen/common_data.c.obj
                0x200005dc                g_ioport_ctrl
 .bss.g_external_irq6_ctrl
                0x200005e4       0x10 CMakeFiles/RA6M5-Projct.elf.dir/ra_gen/common_data.c.obj
                0x200005e4                g_external_irq6_ctrl
 .bss.g_uart2_ctrl
                0x200005f4       0x30 CMakeFiles/RA6M5-Projct.elf.dir/ra_gen/hal_data.c.obj
                0x200005f4                g_uart2_ctrl
 .bss.g_transfer2_ctrl
                0x20000624        0x8 CMakeFiles/RA6M5-Projct.elf.dir/ra_gen/hal_data.c.obj
                0x20000624                g_transfer2_ctrl
 .bss.g_uart6_ctrl
                0x2000062c       0x30 CMakeFiles/RA6M5-Projct.elf.dir/ra_gen/hal_data.c.obj
                0x2000062c                g_uart6_ctrl
 *fill*         0x2000065c        0x4 
 .bss.g_rx_buf  0x20000660       0x18 CMakeFiles/RA6M5-Projct.elf.dir/src/circle_buf.c.obj
                0x20000660                g_rx_buf
 .bss.rx_buf    0x20000678       0x40 CMakeFiles/RA6M5-Projct.elf.dir/src/circle_buf.c.obj
 .bss.uwPressTick
                0x200006b8        0x4 CMakeFiles/RA6M5-Projct.elf.dir/src/drv_gpio.c.obj
 .bss.g_uart6_tx_complete
                0x200006bc        0x4 CMakeFiles/RA6M5-Projct.elf.dir/src/drv_uart.c.obj
 .bss.g_uart2_tx_complete
                0x200006c0        0x4 CMakeFiles/RA6M5-Projct.elf.dir/src/drv_uart.c.obj
 *fill*         0x200006c4        0x4 
 .bss.g_w800_dev
                0x200006c8       0x30 CMakeFiles/RA6M5-Projct.elf.dir/src/drv_w800.c.obj
 .bss.dwTick    0x200006f8        0x4 CMakeFiles/RA6M5-Projct.elf.dir/src/hal_systick.c.obj
 .bss.__sf      0x200006fc      0x138 /usr/lib/gcc/arm-none-eabi/14.2.0/../../../../arm-none-eabi/lib/thumb/v8-m.main+fp/hard/libg_nano.a(libc_a-findfp.o)
                0x200006fc                __sf
 .bss.__stdio_exit_handler
                0x20000834        0x4 /usr/lib/gcc/arm-none-eabi/14.2.0/../../../../arm-none-eabi/lib/thumb/v8-m.main+fp/hard/libg_nano.a(libc_a-findfp.o)
                0x20000834                __stdio_exit_handler
 .bss.errno     0x20000838        0x4 /usr/lib/gcc/arm-none-eabi/14.2.0/../../../../arm-none-eabi/lib/thumb/v8-m.main+fp/hard/libg_nano.a(libc_a-reent.o)
                0x20000838                errno
 .bss.__lock___malloc_recursive_mutex
                0x2000083c        0x1 /usr/lib/gcc/arm-none-eabi/14.2.0/../../../../arm-none-eabi/lib/thumb/v8-m.main+fp/hard/libg_nano.a(libc_a-lock.o)
                0x2000083c                __lock___malloc_recursive_mutex
 .bss.__lock___sfp_recursive_mutex
                0x2000083d        0x1 /usr/lib/gcc/arm-none-eabi/14.2.0/../../../../arm-none-eabi/lib/thumb/v8-m.main+fp/hard/libg_nano.a(libc_a-lock.o)
                0x2000083d                __lock___sfp_recursive_mutex
 *fill*         0x2000083e        0x2 
 .bss.__malloc_sbrk_start
                0x20000840        0x4 /usr/lib/gcc/arm-none-eabi/14.2.0/../../../../arm-none-eabi/lib/thumb/v8-m.main+fp/hard/libg_nano.a(libc_a-mallocr.o)
                0x20000840                __malloc_sbrk_start
 .bss.__malloc_free_list
                0x20000844        0x4 /usr/lib/gcc/arm-none-eabi/14.2.0/../../../../arm-none-eabi/lib/thumb/v8-m.main+fp/hard/libg_nano.a(libc_a-mallocr.o)
                0x20000844                __malloc_free_list
                0x20000848                        __ram_zero$$Limit = .

__ram_thread_stack$$
                0x20000848        0x0 load address 0x00000128
                0x20000848                        __ram_thread_stack$$Base = .
 *(.stack?*)
                0x20000848                        __ram_thread_stack$$Limit = .

.ram.endof      0x20000c00        0x0
                0x20000c00                        __ddsc_RAM_END = .

.ram.flat_nsc   0x20000c00        0x0
                0x20000c00                        __ddsc_RAM_NSC = .

__flash_readonly$$
                0x00000124     0x4a18
                0x00000124                        __flash_readonly$$Base = .
 *(.flash)
 *(.flash_code)
 *(.text*)
 .text.__do_global_dtors_aux
                0x00000124       0x24 /usr/lib/gcc/arm-none-eabi/14.2.0/thumb/v8-m.main+fp/hard/crtbegin.o
 .text.frame_dummy
                0x00000148       0x1c /usr/lib/gcc/arm-none-eabi/14.2.0/thumb/v8-m.main+fp/hard/crtbegin.o
 .text.Default_Handler
                0x00000164        0x4 CMakeFiles/RA6M5-Projct.elf.dir/ra/fsp/src/bsp/cmsis/Device/RENESAS/Source/startup.c.obj
                0x00000164                DebugMon_Handler
                0x00000164                HardFault_Handler
                0x00000164                PendSV_Handler
                0x00000164                UsageFault_Handler
                0x00000164                SecureFault_Handler
                0x00000164                Default_Handler
                0x00000164                MemManage_Handler
                0x00000164                SVC_Handler
                0x00000164                BusFault_Handler
 .text.Reset_Handler
                0x00000168        0xc CMakeFiles/RA6M5-Projct.elf.dir/ra/fsp/src/bsp/cmsis/Device/RENESAS/Source/startup.c.obj
                0x00000168                Reset_Handler
 .text.SystemRuntimeInit
                0x00000174       0x64 CMakeFiles/RA6M5-Projct.elf.dir/ra/fsp/src/bsp/cmsis/Device/RENESAS/Source/system.c.obj
 .text.SystemInit
                0x000001d8       0xc0 CMakeFiles/RA6M5-Projct.elf.dir/ra/fsp/src/bsp/cmsis/Device/RENESAS/Source/system.c.obj
                0x000001d8                SystemInit
 .text.SystemCoreClockUpdate
                0x00000298       0x28 CMakeFiles/RA6M5-Projct.elf.dir/ra/fsp/src/bsp/mcu/all/bsp_clocks.c.obj
                0x00000298                SystemCoreClockUpdate
 .text.R_BSP_SubClockStabilizeWaitAfterReset
                0x000002c0        0x4 CMakeFiles/RA6M5-Projct.elf.dir/ra/fsp/src/bsp/mcu/all/bsp_clocks.c.obj
                0x000002c0                R_BSP_SubClockStabilizeWaitAfterReset
 .text.bsp_clock_init
                0x000002c4      0x14c CMakeFiles/RA6M5-Projct.elf.dir/ra/fsp/src/bsp/mcu/all/bsp_clocks.c.obj
                0x000002c4                bsp_clock_init
 .text.R_BSP_SourceClockHzGet
                0x00000410        0xc CMakeFiles/RA6M5-Projct.elf.dir/ra/fsp/src/bsp/mcu/all/bsp_clocks.c.obj
                0x00000410                R_BSP_SourceClockHzGet
 .text.R_BSP_Init_RTC
                0x0000041c       0xb0 CMakeFiles/RA6M5-Projct.elf.dir/ra/fsp/src/bsp/mcu/all/bsp_clocks.c.obj
                0x0000041c                R_BSP_Init_RTC
 .text.bsp_init_internal
                0x000004cc        0x4 CMakeFiles/RA6M5-Projct.elf.dir/ra/fsp/src/bsp/mcu/all/bsp_common.c.obj
                0x000004cc                bsp_init
                0x000004cc                bsp_init_internal
 .text.bsp_prv_software_delay_loop
                0x000004d0        0xc CMakeFiles/RA6M5-Projct.elf.dir/ra/fsp/src/bsp/mcu/all/bsp_delay.c.obj
                0x000004d0                bsp_prv_software_delay_loop
 .text.R_BSP_SoftwareDelay
                0x000004dc       0x8c CMakeFiles/RA6M5-Projct.elf.dir/ra/fsp/src/bsp/mcu/all/bsp_delay.c.obj
                0x000004dc                R_BSP_SoftwareDelay
 .text.NMI_Handler
                0x00000568       0x3c CMakeFiles/RA6M5-Projct.elf.dir/ra/fsp/src/bsp/mcu/all/bsp_group_irq.c.obj
                0x00000568                NMI_Handler
 .text.bsp_irq_cfg
                0x000005a4       0x98 CMakeFiles/RA6M5-Projct.elf.dir/ra/fsp/src/bsp/mcu/all/bsp_irq.c.obj
                0x000005a4                bsp_irq_cfg
 .text.R_BSP_RegisterProtectEnable
                0x0000063c       0x60 CMakeFiles/RA6M5-Projct.elf.dir/ra/fsp/src/bsp/mcu/all/bsp_register_protection.c.obj
                0x0000063c                R_BSP_RegisterProtectEnable
 .text.R_BSP_RegisterProtectDisable
                0x0000069c       0x54 CMakeFiles/RA6M5-Projct.elf.dir/ra/fsp/src/bsp/mcu/all/bsp_register_protection.c.obj
                0x0000069c                R_BSP_RegisterProtectDisable
 .text._sbrk    0x000006f0       0x14 CMakeFiles/RA6M5-Projct.elf.dir/ra/fsp/src/bsp/mcu/all/bsp_sbrk.c.obj
                0x000006f0                _sbrk
 .text.R_DTC_Reset
                0x00000704       0x84 CMakeFiles/RA6M5-Projct.elf.dir/ra/fsp/src/r_dtc/r_dtc.c.obj
                0x00000704                R_DTC_Reset
 .text.R_DTC_SoftwareStart
                0x00000788        0x4 CMakeFiles/RA6M5-Projct.elf.dir/ra/fsp/src/r_dtc/r_dtc.c.obj
                0x00000788                R_DTC_SoftwareStart
 .text.R_DTC_SoftwareStop
                0x0000078c        0x4 CMakeFiles/RA6M5-Projct.elf.dir/ra/fsp/src/r_dtc/r_dtc.c.obj
                0x0000078c                R_DTC_SoftwareStop
 .text.R_DTC_Enable
                0x00000790       0x20 CMakeFiles/RA6M5-Projct.elf.dir/ra/fsp/src/r_dtc/r_dtc.c.obj
                0x00000790                R_DTC_Enable
 .text.R_DTC_Disable
                0x000007b0       0x20 CMakeFiles/RA6M5-Projct.elf.dir/ra/fsp/src/r_dtc/r_dtc.c.obj
                0x000007b0                R_DTC_Disable
 .text.R_DTC_InfoGet
                0x000007d0       0x5c CMakeFiles/RA6M5-Projct.elf.dir/ra/fsp/src/r_dtc/r_dtc.c.obj
                0x000007d0                R_DTC_InfoGet
 .text.R_DTC_Reload
                0x0000082c        0x4 CMakeFiles/RA6M5-Projct.elf.dir/ra/fsp/src/r_dtc/r_dtc.c.obj
                0x0000082c                R_DTC_Reload
 .text.R_DTC_CallbackSet
                0x00000830        0x4 CMakeFiles/RA6M5-Projct.elf.dir/ra/fsp/src/r_dtc/r_dtc.c.obj
                0x00000830                R_DTC_CallbackSet
 .text.R_DTC_Close
                0x00000834       0x30 CMakeFiles/RA6M5-Projct.elf.dir/ra/fsp/src/r_dtc/r_dtc.c.obj
                0x00000834                R_DTC_Close
 .text.R_DTC_Reconfigure
                0x00000864       0x74 CMakeFiles/RA6M5-Projct.elf.dir/ra/fsp/src/r_dtc/r_dtc.c.obj
                0x00000864                R_DTC_Reconfigure
 .text.R_DTC_Open
                0x000008d8       0xb0 CMakeFiles/RA6M5-Projct.elf.dir/ra/fsp/src/r_dtc/r_dtc.c.obj
                0x000008d8                R_DTC_Open
 .text.R_ICU_ExternalIrqOpen
                0x00000988       0x84 CMakeFiles/RA6M5-Projct.elf.dir/ra/fsp/src/r_icu/r_icu.c.obj
                0x00000988                R_ICU_ExternalIrqOpen
 .text.R_ICU_ExternalIrqEnable
                0x00000a0c       0x44 CMakeFiles/RA6M5-Projct.elf.dir/ra/fsp/src/r_icu/r_icu.c.obj
                0x00000a0c                R_ICU_ExternalIrqEnable
 .text.R_ICU_ExternalIrqDisable
                0x00000a50       0x30 CMakeFiles/RA6M5-Projct.elf.dir/ra/fsp/src/r_icu/r_icu.c.obj
                0x00000a50                R_ICU_ExternalIrqDisable
 .text.R_ICU_ExternalIrqCallbackSet
                0x00000a80        0xc CMakeFiles/RA6M5-Projct.elf.dir/ra/fsp/src/r_icu/r_icu.c.obj
                0x00000a80                R_ICU_ExternalIrqCallbackSet
 .text.R_ICU_ExternalIrqClose
                0x00000a8c       0x4c CMakeFiles/RA6M5-Projct.elf.dir/ra/fsp/src/r_icu/r_icu.c.obj
                0x00000a8c                R_ICU_ExternalIrqClose
 .text.r_icu_isr
                0x00000ad8       0x70 CMakeFiles/RA6M5-Projct.elf.dir/ra/fsp/src/r_icu/r_icu.c.obj
                0x00000ad8                r_icu_isr
 .text.R_IOPORT_Close
                0x00000b48        0xc CMakeFiles/RA6M5-Projct.elf.dir/ra/fsp/src/r_ioport/r_ioport.c.obj
                0x00000b48                R_IOPORT_Close
 .text.R_IOPORT_PinRead
                0x00000b54       0x24 CMakeFiles/RA6M5-Projct.elf.dir/ra/fsp/src/r_ioport/r_ioport.c.obj
                0x00000b54                R_IOPORT_PinRead
 .text.R_IOPORT_PortRead
                0x00000b78       0x14 CMakeFiles/RA6M5-Projct.elf.dir/ra/fsp/src/r_ioport/r_ioport.c.obj
                0x00000b78                R_IOPORT_PortRead
 .text.R_IOPORT_PortWrite
                0x00000b8c       0x1c CMakeFiles/RA6M5-Projct.elf.dir/ra/fsp/src/r_ioport/r_ioport.c.obj
                0x00000b8c                R_IOPORT_PortWrite
 .text.R_IOPORT_PinWrite
                0x00000ba8       0x20 CMakeFiles/RA6M5-Projct.elf.dir/ra/fsp/src/r_ioport/r_ioport.c.obj
                0x00000ba8                R_IOPORT_PinWrite
 .text.R_IOPORT_PortDirectionSet
                0x00000bc8       0x2c CMakeFiles/RA6M5-Projct.elf.dir/ra/fsp/src/r_ioport/r_ioport.c.obj
                0x00000bc8                R_IOPORT_PortDirectionSet
 .text.R_IOPORT_PortEventInputRead
                0x00000bf4       0x18 CMakeFiles/RA6M5-Projct.elf.dir/ra/fsp/src/r_ioport/r_ioport.c.obj
                0x00000bf4                R_IOPORT_PortEventInputRead
 .text.R_IOPORT_PinEventInputRead
                0x00000c0c       0x34 CMakeFiles/RA6M5-Projct.elf.dir/ra/fsp/src/r_ioport/r_ioport.c.obj
                0x00000c0c                R_IOPORT_PinEventInputRead
 .text.R_IOPORT_PortEventOutputWrite
                0x00000c40       0x1c CMakeFiles/RA6M5-Projct.elf.dir/ra/fsp/src/r_ioport/r_ioport.c.obj
                0x00000c40                R_IOPORT_PortEventOutputWrite
 .text.R_IOPORT_PinEventOutputWrite
                0x00000c5c       0x34 CMakeFiles/RA6M5-Projct.elf.dir/ra/fsp/src/r_ioport/r_ioport.c.obj
                0x00000c5c                R_IOPORT_PinEventOutputWrite
 .text.bsp_vbatt_init
                0x00000c90       0xe8 CMakeFiles/RA6M5-Projct.elf.dir/ra/fsp/src/r_ioport/r_ioport.c.obj
 .text.r_ioport_pins_config
                0x00000d78       0xac CMakeFiles/RA6M5-Projct.elf.dir/ra/fsp/src/r_ioport/r_ioport.c.obj
 .text.R_IOPORT_Open
                0x00000e24       0x14 CMakeFiles/RA6M5-Projct.elf.dir/ra/fsp/src/r_ioport/r_ioport.c.obj
                0x00000e24                R_IOPORT_Open
 .text.R_IOPORT_PinsCfg
                0x00000e38        0xc CMakeFiles/RA6M5-Projct.elf.dir/ra/fsp/src/r_ioport/r_ioport.c.obj
                0x00000e38                R_IOPORT_PinsCfg
 .text.R_IOPORT_PinCfg
                0x00000e44       0xa8 CMakeFiles/RA6M5-Projct.elf.dir/ra/fsp/src/r_ioport/r_ioport.c.obj
                0x00000e44                R_IOPORT_PinCfg
 .text.sci_i2c_notify
                0x00000eec       0x38 CMakeFiles/RA6M5-Projct.elf.dir/ra/fsp/src/r_sci_i2c/r_sci_i2c.c.obj
                0x00000eec                sci_i2c_notify
 .text.sci_i2c_txi_isr
                0x00000f24      0x148 CMakeFiles/RA6M5-Projct.elf.dir/ra/fsp/src/r_sci_i2c/r_sci_i2c.c.obj
                0x00000f24                sci_i2c_txi_isr
 .text.sci_i2c_tei_isr
                0x0000106c       0xd0 CMakeFiles/RA6M5-Projct.elf.dir/ra/fsp/src/r_sci_i2c/r_sci_i2c.c.obj
                0x0000106c                sci_i2c_tei_isr
 .text.r_sci_spi_call_callback
                0x0000113c       0x40 CMakeFiles/RA6M5-Projct.elf.dir/ra/fsp/src/r_sci_spi/r_sci_spi.c.obj
 .text.sci_spi_txi_isr
                0x0000117c       0x6c CMakeFiles/RA6M5-Projct.elf.dir/ra/fsp/src/r_sci_spi/r_sci_spi.c.obj
                0x0000117c                sci_spi_txi_isr
 .text.sci_spi_rxi_isr
                0x000011e8       0x78 CMakeFiles/RA6M5-Projct.elf.dir/ra/fsp/src/r_sci_spi/r_sci_spi.c.obj
                0x000011e8                sci_spi_rxi_isr
 .text.sci_spi_tei_isr
                0x00001260       0x40 CMakeFiles/RA6M5-Projct.elf.dir/ra/fsp/src/r_sci_spi/r_sci_spi.c.obj
                0x00001260                sci_spi_tei_isr
 .text.sci_spi_eri_isr
                0x000012a0       0x4c CMakeFiles/RA6M5-Projct.elf.dir/ra/fsp/src/r_sci_spi/r_sci_spi.c.obj
                0x000012a0                sci_spi_eri_isr
 .text.R_SCI_UART_Read
                0x000012ec       0x34 CMakeFiles/RA6M5-Projct.elf.dir/ra/fsp/src/r_sci_uart/r_sci_uart.c.obj
                0x000012ec                R_SCI_UART_Read
 .text.R_SCI_UART_Write
                0x00001320       0x6c CMakeFiles/RA6M5-Projct.elf.dir/ra/fsp/src/r_sci_uart/r_sci_uart.c.obj
                0x00001320                R_SCI_UART_Write
 .text.R_SCI_UART_CallbackSet
                0x0000138c       0x10 CMakeFiles/RA6M5-Projct.elf.dir/ra/fsp/src/r_sci_uart/r_sci_uart.c.obj
                0x0000138c                R_SCI_UART_CallbackSet
 .text.R_SCI_UART_BaudSet
                0x0000139c       0x5c CMakeFiles/RA6M5-Projct.elf.dir/ra/fsp/src/r_sci_uart/r_sci_uart.c.obj
                0x0000139c                R_SCI_UART_BaudSet
 .text.R_SCI_UART_InfoGet
                0x000013f8       0x28 CMakeFiles/RA6M5-Projct.elf.dir/ra/fsp/src/r_sci_uart/r_sci_uart.c.obj
                0x000013f8                R_SCI_UART_InfoGet
 .text.R_SCI_UART_Abort
                0x00001420       0x54 CMakeFiles/RA6M5-Projct.elf.dir/ra/fsp/src/r_sci_uart/r_sci_uart.c.obj
                0x00001420                R_SCI_UART_Abort
 .text.R_SCI_UART_ReadStop
                0x00001474       0x3c CMakeFiles/RA6M5-Projct.elf.dir/ra/fsp/src/r_sci_uart/r_sci_uart.c.obj
                0x00001474                R_SCI_UART_ReadStop
 .text.R_SCI_UART_ReceiveSuspend
                0x000014b0        0x4 CMakeFiles/RA6M5-Projct.elf.dir/ra/fsp/src/r_sci_uart/r_sci_uart.c.obj
                0x000014b0                R_SCI_UART_ReceiveSuspend
 .text.R_SCI_UART_Close
                0x000014b4       0xd4 CMakeFiles/RA6M5-Projct.elf.dir/ra/fsp/src/r_sci_uart/r_sci_uart.c.obj
                0x000014b4                R_SCI_UART_Close
 .text.r_sci_uart_call_callback
                0x00001588       0x44 CMakeFiles/RA6M5-Projct.elf.dir/ra/fsp/src/r_sci_uart/r_sci_uart.c.obj
 .text.R_SCI_UART_ReceiveResume
                0x000015cc        0x4 CMakeFiles/RA6M5-Projct.elf.dir/ra/fsp/src/r_sci_uart/r_sci_uart.c.obj
                0x000015cc                R_SCI_UART_ReceiveResume
 .text.R_SCI_UART_Open
                0x000015d0      0x420 CMakeFiles/RA6M5-Projct.elf.dir/ra/fsp/src/r_sci_uart/r_sci_uart.c.obj
                0x000015d0                R_SCI_UART_Open
 .text.sci_uart_txi_isr
                0x000019f0       0x98 CMakeFiles/RA6M5-Projct.elf.dir/ra/fsp/src/r_sci_uart/r_sci_uart.c.obj
                0x000019f0                sci_uart_txi_isr
 .text.sci_uart_rxi_isr
                0x00001a88       0xc8 CMakeFiles/RA6M5-Projct.elf.dir/ra/fsp/src/r_sci_uart/r_sci_uart.c.obj
                0x00001a88                sci_uart_rxi_isr
 .text.sci_uart_tei_isr
                0x00001b50       0x48 CMakeFiles/RA6M5-Projct.elf.dir/ra/fsp/src/r_sci_uart/r_sci_uart.c.obj
                0x00001b50                sci_uart_tei_isr
 .text.sci_uart_eri_isr
                0x00001b98       0x78 CMakeFiles/RA6M5-Projct.elf.dir/ra/fsp/src/r_sci_uart/r_sci_uart.c.obj
                0x00001b98                sci_uart_eri_isr
 .text.r_spi_transmit
                0x00001c10       0x68 CMakeFiles/RA6M5-Projct.elf.dir/ra/fsp/src/r_spi/r_spi.c.obj
 .text.r_spi_call_callback
                0x00001c78       0x40 CMakeFiles/RA6M5-Projct.elf.dir/ra/fsp/src/r_spi/r_spi.c.obj
 .text.spi_rxi_isr
                0x00001cb8       0x9c CMakeFiles/RA6M5-Projct.elf.dir/ra/fsp/src/r_spi/r_spi.c.obj
                0x00001cb8                spi_rxi_isr
 .text.spi_txi_isr
                0x00001d54       0xa8 CMakeFiles/RA6M5-Projct.elf.dir/ra/fsp/src/r_spi/r_spi.c.obj
                0x00001d54                spi_txi_isr
 .text.spi_tei_isr
                0x00001dfc       0xe8 CMakeFiles/RA6M5-Projct.elf.dir/ra/fsp/src/r_spi/r_spi.c.obj
                0x00001dfc                spi_tei_isr
 .text.spi_eri_isr
                0x00001ee4       0xec CMakeFiles/RA6M5-Projct.elf.dir/ra/fsp/src/r_spi/r_spi.c.obj
                0x00001ee4                spi_eri_isr
 .text.startup.main
                0x00001fd0        0xc CMakeFiles/RA6M5-Projct.elf.dir/ra_gen/main.c.obj
                0x00001fd0                main
 .text.circlebuf_put
                0x00001fdc       0x2c CMakeFiles/RA6M5-Projct.elf.dir/src/circle_buf.c.obj
 .text.circlebuf_get
                0x00002008       0x28 CMakeFiles/RA6M5-Projct.elf.dir/src/circle_buf.c.obj
 .text.circlebuf_init
                0x00002030       0x34 CMakeFiles/RA6M5-Projct.elf.dir/src/circle_buf.c.obj
                0x00002030                circlebuf_init
 .text.IODrvRead
                0x00002064       0x50 CMakeFiles/RA6M5-Projct.elf.dir/src/drv_gpio.c.obj
 .text.IODrvWrite
                0x000020b4       0x44 CMakeFiles/RA6M5-Projct.elf.dir/src/drv_gpio.c.obj
 .text.IODrvInit
                0x000020f8       0xa4 CMakeFiles/RA6M5-Projct.elf.dir/src/drv_gpio.c.obj
 .text.IOGetDevice
                0x0000219c       0x34 CMakeFiles/RA6M5-Projct.elf.dir/src/drv_gpio.c.obj
                0x0000219c                IOGetDevice
 .text.ex_irq6_callback
                0x000021d0       0x1c CMakeFiles/RA6M5-Projct.elf.dir/src/drv_gpio.c.obj
                0x000021d0                ex_irq6_callback
 .text.KeyProcessJitter
                0x000021ec       0x30 CMakeFiles/RA6M5-Projct.elf.dir/src/drv_gpio.c.obj
                0x000021ec                KeyProcessJitter
 .text.uart2_callback
                0x0000221c       0x28 CMakeFiles/RA6M5-Projct.elf.dir/src/drv_uart.c.obj
                0x0000221c                uart2_callback
 .text.uart6_callback
                0x00002244       0x28 CMakeFiles/RA6M5-Projct.elf.dir/src/drv_uart.c.obj
                0x00002244                uart6_callback
 .text.uart6_send_bytes
                0x0000226c       0x40 CMakeFiles/RA6M5-Projct.elf.dir/src/drv_uart.c.obj
                0x0000226c                uart6_send_bytes
 .text._write   0x000022ac       0x28 CMakeFiles/RA6M5-Projct.elf.dir/src/drv_uart.c.obj
                0x000022ac                _write
 .text._read    0x000022d4       0x90 CMakeFiles/RA6M5-Projct.elf.dir/src/drv_uart.c.obj
                0x000022d4                _read
 .text._close   0x00002364       0x14 CMakeFiles/RA6M5-Projct.elf.dir/src/drv_uart.c.obj
                0x00002364                _close
 .text._lseek   0x00002378        0x4 CMakeFiles/RA6M5-Projct.elf.dir/src/drv_uart.c.obj
                0x00002378                _lseek
 .text._fstat   0x0000237c        0xc CMakeFiles/RA6M5-Projct.elf.dir/src/drv_uart.c.obj
                0x0000237c                _fstat
 .text._isatty  0x00002388        0x4 CMakeFiles/RA6M5-Projct.elf.dir/src/drv_uart.c.obj
                0x00002388                _isatty
 .text.W800_ReceiveData
                0x0000238c       0x44 CMakeFiles/RA6M5-Projct.elf.dir/src/drv_w800.c.obj
 .text.W800_WaitFor
                0x000023d0       0x7c CMakeFiles/RA6M5-Projct.elf.dir/src/drv_w800.c.obj
 .text.W800_ConnectWiFi
                0x0000244c      0x1a0 CMakeFiles/RA6M5-Projct.elf.dir/src/drv_w800.c.obj
 .text.W800_ConnectTCP
                0x000025ec      0x1cc CMakeFiles/RA6M5-Projct.elf.dir/src/drv_w800.c.obj
 .text.W800_Init
                0x000027b8      0x1f8 CMakeFiles/RA6M5-Projct.elf.dir/src/drv_w800.c.obj
 .text.W800_SendData
                0x000029b0      0x2d8 CMakeFiles/RA6M5-Projct.elf.dir/src/drv_w800.c.obj
 .text.W800GetDevice
                0x00002c88       0x58 CMakeFiles/RA6M5-Projct.elf.dir/src/drv_w800.c.obj
                0x00002c88                W800GetDevice
 .text.W800AppTest
                0x00002ce0      0x118 CMakeFiles/RA6M5-Projct.elf.dir/src/hal_entry.c.obj
                0x00002ce0                W800AppTest
 .text.hal_entry
                0x00002df8       0xb4 CMakeFiles/RA6M5-Projct.elf.dir/src/hal_entry.c.obj
                0x00002df8                hal_entry
 .text.SystickInit
                0x00002eac       0x40 CMakeFiles/RA6M5-Projct.elf.dir/src/hal_systick.c.obj
                0x00002eac                SystickInit
 .text.SysTick_Handler
                0x00002eec       0x14 CMakeFiles/RA6M5-Projct.elf.dir/src/hal_systick.c.obj
                0x00002eec                SysTick_Handler
 .text.HAL_GetTick
                0x00002f00        0xc CMakeFiles/RA6M5-Projct.elf.dir/src/hal_systick.c.obj
                0x00002f00                HAL_GetTick
 .text.R_BSP_WarmStart
                0x00002f0c       0x18 CMakeFiles/RA6M5-Projct.elf.dir/src/hal_warmstart.c.obj
                0x00002f0c                R_BSP_WarmStart
 .text.std      0x00002f24       0x6c /usr/lib/gcc/arm-none-eabi/14.2.0/../../../../arm-none-eabi/lib/thumb/v8-m.main+fp/hard/libg_nano.a(libc_a-findfp.o)
 .text.stdio_exit_handler
                0x00002f90       0x18 /usr/lib/gcc/arm-none-eabi/14.2.0/../../../../arm-none-eabi/lib/thumb/v8-m.main+fp/hard/libg_nano.a(libc_a-findfp.o)
 .text.cleanup_stdio
                0x00002fa8       0x40 /usr/lib/gcc/arm-none-eabi/14.2.0/../../../../arm-none-eabi/lib/thumb/v8-m.main+fp/hard/libg_nano.a(libc_a-findfp.o)
 .text.global_stdio_init.part.0
                0x00002fe8       0x40 /usr/lib/gcc/arm-none-eabi/14.2.0/../../../../arm-none-eabi/lib/thumb/v8-m.main+fp/hard/libg_nano.a(libc_a-findfp.o)
 .text.__sfp_lock_acquire
                0x00003028        0xc /usr/lib/gcc/arm-none-eabi/14.2.0/../../../../arm-none-eabi/lib/thumb/v8-m.main+fp/hard/libg_nano.a(libc_a-findfp.o)
                0x00003028                __sfp_lock_acquire
 .text.__sfp_lock_release
                0x00003034        0xc /usr/lib/gcc/arm-none-eabi/14.2.0/../../../../arm-none-eabi/lib/thumb/v8-m.main+fp/hard/libg_nano.a(libc_a-findfp.o)
                0x00003034                __sfp_lock_release
 .text.__sinit  0x00003040       0x30 /usr/lib/gcc/arm-none-eabi/14.2.0/../../../../arm-none-eabi/lib/thumb/v8-m.main+fp/hard/libg_nano.a(libc_a-findfp.o)
                0x00003040                __sinit
 .text._fwalk_sglue
                0x00003070       0x3c /usr/lib/gcc/arm-none-eabi/14.2.0/../../../../arm-none-eabi/lib/thumb/v8-m.main+fp/hard/libg_nano.a(libc_a-fwalk.o)
                0x00003070                _fwalk_sglue
 .text.printf   0x000030ac       0x24 /usr/lib/gcc/arm-none-eabi/14.2.0/../../../../arm-none-eabi/lib/thumb/v8-m.main+fp/hard/libg_nano.a(libc_a-printf.o)
                0x000030ac                printf
                0x000030ac                iprintf
 .text._puts_r  0x000030d0       0xaa /usr/lib/gcc/arm-none-eabi/14.2.0/../../../../arm-none-eabi/lib/thumb/v8-m.main+fp/hard/libg_nano.a(libc_a-puts.o)
                0x000030d0                _puts_r
 *fill*         0x0000317a        0x2 
 .text.puts     0x0000317c       0x10 /usr/lib/gcc/arm-none-eabi/14.2.0/../../../../arm-none-eabi/lib/thumb/v8-m.main+fp/hard/libg_nano.a(libc_a-puts.o)
                0x0000317c                puts
 .text.snprintf
                0x0000318c       0x6c /usr/lib/gcc/arm-none-eabi/14.2.0/../../../../arm-none-eabi/lib/thumb/v8-m.main+fp/hard/libg_nano.a(libc_a-snprintf.o)
                0x0000318c                snprintf
                0x0000318c                sniprintf
 .text.__sread  0x000031f8       0x22 /usr/lib/gcc/arm-none-eabi/14.2.0/../../../../arm-none-eabi/lib/thumb/v8-m.main+fp/hard/libg_nano.a(libc_a-stdio.o)
                0x000031f8                __sread
 .text.__swrite
                0x0000321a       0x38 /usr/lib/gcc/arm-none-eabi/14.2.0/../../../../arm-none-eabi/lib/thumb/v8-m.main+fp/hard/libg_nano.a(libc_a-stdio.o)
                0x0000321a                __swrite
 .text.__sseek  0x00003252       0x26 /usr/lib/gcc/arm-none-eabi/14.2.0/../../../../arm-none-eabi/lib/thumb/v8-m.main+fp/hard/libg_nano.a(libc_a-stdio.o)
                0x00003252                __sseek
 .text.__sclose
                0x00003278        0x8 /usr/lib/gcc/arm-none-eabi/14.2.0/../../../../arm-none-eabi/lib/thumb/v8-m.main+fp/hard/libg_nano.a(libc_a-stdio.o)
                0x00003278                __sclose
 .text.__swbuf_r
                0x00003280       0x7c /usr/lib/gcc/arm-none-eabi/14.2.0/../../../../arm-none-eabi/lib/thumb/v8-m.main+fp/hard/libg_nano.a(libc_a-wbuf.o)
                0x00003280                __swbuf_r
 .text.__swsetup_r
                0x000032fc       0xa8 /usr/lib/gcc/arm-none-eabi/14.2.0/../../../../arm-none-eabi/lib/thumb/v8-m.main+fp/hard/libg_nano.a(libc_a-wsetup.o)
                0x000032fc                __swsetup_r
 .text.memset   0x000033a4       0x10 /usr/lib/gcc/arm-none-eabi/14.2.0/../../../../arm-none-eabi/lib/thumb/v8-m.main+fp/hard/libg_nano.a(libc_a-memset.o)
                0x000033a4                memset
 .text._close_r
                0x000033b4       0x20 /usr/lib/gcc/arm-none-eabi/14.2.0/../../../../arm-none-eabi/lib/thumb/v8-m.main+fp/hard/libg_nano.a(libc_a-closer.o)
                0x000033b4                _close_r
 .text._lseek_r
                0x000033d4       0x24 /usr/lib/gcc/arm-none-eabi/14.2.0/../../../../arm-none-eabi/lib/thumb/v8-m.main+fp/hard/libg_nano.a(libc_a-lseekr.o)
                0x000033d4                _lseek_r
 .text._read_r  0x000033f8       0x24 /usr/lib/gcc/arm-none-eabi/14.2.0/../../../../arm-none-eabi/lib/thumb/v8-m.main+fp/hard/libg_nano.a(libc_a-readr.o)
                0x000033f8                _read_r
 .text._write_r
                0x0000341c       0x24 /usr/lib/gcc/arm-none-eabi/14.2.0/../../../../arm-none-eabi/lib/thumb/v8-m.main+fp/hard/libg_nano.a(libc_a-writer.o)
                0x0000341c                _write_r
 .text.__errno  0x00003440        0xc /usr/lib/gcc/arm-none-eabi/14.2.0/../../../../arm-none-eabi/lib/thumb/v8-m.main+fp/hard/libg_nano.a(libc_a-errno.o)
                0x00003440                __errno
 .text.__retarget_lock_init_recursive
                0x0000344c        0x2 /usr/lib/gcc/arm-none-eabi/14.2.0/../../../../arm-none-eabi/lib/thumb/v8-m.main+fp/hard/libg_nano.a(libc_a-lock.o)
                0x0000344c                __retarget_lock_init_recursive
 .text.__retarget_lock_acquire_recursive
                0x0000344e        0x2 /usr/lib/gcc/arm-none-eabi/14.2.0/../../../../arm-none-eabi/lib/thumb/v8-m.main+fp/hard/libg_nano.a(libc_a-lock.o)
                0x0000344e                __retarget_lock_acquire_recursive
 .text.__retarget_lock_release_recursive
                0x00003450        0x2 /usr/lib/gcc/arm-none-eabi/14.2.0/../../../../arm-none-eabi/lib/thumb/v8-m.main+fp/hard/libg_nano.a(libc_a-lock.o)
                0x00003450                __retarget_lock_release_recursive
 .text          0x00003452       0x14 /usr/lib/gcc/arm-none-eabi/14.2.0/../../../../arm-none-eabi/lib/thumb/v8-m.main+fp/hard/libg_nano.a(libc_a-strcmp.o)
                0x00003452                strcmp
 .text.memcpy   0x00003466       0x1a /usr/lib/gcc/arm-none-eabi/14.2.0/../../../../arm-none-eabi/lib/thumb/v8-m.main+fp/hard/libg_nano.a(libc_a-memcpy-stub.o)
                0x00003466                memcpy
 .text          0x00003480       0x10 /usr/lib/gcc/arm-none-eabi/14.2.0/../../../../arm-none-eabi/lib/thumb/v8-m.main+fp/hard/libg_nano.a(libc_a-strlen.o)
                0x00003480                strlen
 .text._free_r  0x00003490       0x94 /usr/lib/gcc/arm-none-eabi/14.2.0/../../../../arm-none-eabi/lib/thumb/v8-m.main+fp/hard/libg_nano.a(libc_a-freer.o)
                0x00003490                _free_r
 .text.sbrk_aligned
                0x00003524       0x44 /usr/lib/gcc/arm-none-eabi/14.2.0/../../../../arm-none-eabi/lib/thumb/v8-m.main+fp/hard/libg_nano.a(libc_a-mallocr.o)
 .text._malloc_r
                0x00003568      0x100 /usr/lib/gcc/arm-none-eabi/14.2.0/../../../../arm-none-eabi/lib/thumb/v8-m.main+fp/hard/libg_nano.a(libc_a-mallocr.o)
                0x00003568                _malloc_r
 .text.__malloc_lock
                0x00003668        0xc /usr/lib/gcc/arm-none-eabi/14.2.0/../../../../arm-none-eabi/lib/thumb/v8-m.main+fp/hard/libg_nano.a(libc_a-mlock.o)
                0x00003668                __malloc_lock
 .text.__malloc_unlock
                0x00003674        0xc /usr/lib/gcc/arm-none-eabi/14.2.0/../../../../arm-none-eabi/lib/thumb/v8-m.main+fp/hard/libg_nano.a(libc_a-mlock.o)
                0x00003674                __malloc_unlock
 .text.__ssputs_r
                0x00003680       0xc0 /usr/lib/gcc/arm-none-eabi/14.2.0/../../../../arm-none-eabi/lib/thumb/v8-m.main+fp/hard/libg_nano.a(libc_a-nano-svfprintf.o)
                0x00003680                __ssputs_r
 .text._svfprintf_r
                0x00003740      0x1f8 /usr/lib/gcc/arm-none-eabi/14.2.0/../../../../arm-none-eabi/lib/thumb/v8-m.main+fp/hard/libg_nano.a(libc_a-nano-svfprintf.o)
                0x00003740                _svfprintf_r
                0x00003740                _svfiprintf_r
 .text.__sfputc_r
                0x00003938       0x2e /usr/lib/gcc/arm-none-eabi/14.2.0/../../../../arm-none-eabi/lib/thumb/v8-m.main+fp/hard/libg_nano.a(libc_a-nano-vfprintf.o)
 .text.__sfputs_r
                0x00003966       0x24 /usr/lib/gcc/arm-none-eabi/14.2.0/../../../../arm-none-eabi/lib/thumb/v8-m.main+fp/hard/libg_nano.a(libc_a-nano-vfprintf.o)
                0x00003966                __sfputs_r
 *fill*         0x0000398a        0x2 
 .text._vfprintf_r
                0x0000398c      0x230 /usr/lib/gcc/arm-none-eabi/14.2.0/../../../../arm-none-eabi/lib/thumb/v8-m.main+fp/hard/libg_nano.a(libc_a-nano-vfprintf.o)
                0x0000398c                _vfiprintf_r
                0x0000398c                _vfprintf_r
 .text._printf_common
                0x00003bbc       0xe4 /usr/lib/gcc/arm-none-eabi/14.2.0/../../../../arm-none-eabi/lib/thumb/v8-m.main+fp/hard/libg_nano.a(libc_a-nano-vfprintf_i.o)
                0x00003bbc                _printf_common
 .text._printf_i
                0x00003ca0      0x240 /usr/lib/gcc/arm-none-eabi/14.2.0/../../../../arm-none-eabi/lib/thumb/v8-m.main+fp/hard/libg_nano.a(libc_a-nano-vfprintf_i.o)
                0x00003ca0                _printf_i
 .text.__sflush_r
                0x00003ee0      0x100 /usr/lib/gcc/arm-none-eabi/14.2.0/../../../../arm-none-eabi/lib/thumb/v8-m.main+fp/hard/libg_nano.a(libc_a-fflush.o)
                0x00003ee0                __sflush_r
 .text._fflush_r
                0x00003fe0       0x50 /usr/lib/gcc/arm-none-eabi/14.2.0/../../../../arm-none-eabi/lib/thumb/v8-m.main+fp/hard/libg_nano.a(libc_a-fflush.o)
                0x00003fe0                _fflush_r
 .text.__swhatbuf_r
                0x00004030       0x48 /usr/lib/gcc/arm-none-eabi/14.2.0/../../../../arm-none-eabi/lib/thumb/v8-m.main+fp/hard/libg_nano.a(libc_a-makebuf.o)
                0x00004030                __swhatbuf_r
 .text.__smakebuf_r
                0x00004078       0x72 /usr/lib/gcc/arm-none-eabi/14.2.0/../../../../arm-none-eabi/lib/thumb/v8-m.main+fp/hard/libg_nano.a(libc_a-makebuf.o)
                0x00004078                __smakebuf_r
 .text.memmove  0x000040ea       0x32 /usr/lib/gcc/arm-none-eabi/14.2.0/../../../../arm-none-eabi/lib/thumb/v8-m.main+fp/hard/libg_nano.a(libc_a-memmove.o)
                0x000040ea                memmove
 .text._fstat_r
                0x0000411c       0x24 /usr/lib/gcc/arm-none-eabi/14.2.0/../../../../arm-none-eabi/lib/thumb/v8-m.main+fp/hard/libg_nano.a(libc_a-fstatr.o)
                0x0000411c                _fstat_r
 .text._isatty_r
                0x00004140       0x20 /usr/lib/gcc/arm-none-eabi/14.2.0/../../../../arm-none-eabi/lib/thumb/v8-m.main+fp/hard/libg_nano.a(libc_a-isattyr.o)
                0x00004140                _isatty_r
 .text._sbrk_r  0x00004160       0x20 /usr/lib/gcc/arm-none-eabi/14.2.0/../../../../arm-none-eabi/lib/thumb/v8-m.main+fp/hard/libg_nano.a(libc_a-sbrkr.o)
                0x00004160                _sbrk_r
 .text.memchr   0x00004180       0x1c /usr/lib/gcc/arm-none-eabi/14.2.0/../../../../arm-none-eabi/lib/thumb/v8-m.main+fp/hard/libg_nano.a(libc_a-memchr-stub.o)
                0x00004180                memchr
 .text._realloc_r
                0x0000419c       0x5c /usr/lib/gcc/arm-none-eabi/14.2.0/../../../../arm-none-eabi/lib/thumb/v8-m.main+fp/hard/libg_nano.a(libc_a-reallocr.o)
                0x0000419c                _realloc_r
 .text._malloc_usable_size_r
                0x000041f8       0x10 /usr/lib/gcc/arm-none-eabi/14.2.0/../../../../arm-none-eabi/lib/thumb/v8-m.main+fp/hard/libg_nano.a(libc_a-msizer.o)
                0x000041f8                _malloc_usable_size_r
 *(.rodata*)
 .rodata.g_prcr_masks
                0x00004208        0xa CMakeFiles/RA6M5-Projct.elf.dir/ra/fsp/src/bsp/mcu/all/bsp_register_protection.c.obj
 *fill*         0x00004212        0x2 
 .rodata.g_init_info
                0x00004214       0x18 CMakeFiles/RA6M5-Projct.elf.dir/ra/fsp/src/bsp/mcu/ra6m5/bsp_linker.c.obj
                0x00004214                g_init_info
 .rodata.nocache_list
                0x0000422c       0x10 CMakeFiles/RA6M5-Projct.elf.dir/ra/fsp/src/bsp/mcu/ra6m5/bsp_linker.c.obj
 .rodata.copy_list
                0x0000423c       0x80 CMakeFiles/RA6M5-Projct.elf.dir/ra/fsp/src/bsp/mcu/ra6m5/bsp_linker.c.obj
 .rodata.zero_list
                0x000042bc       0x30 CMakeFiles/RA6M5-Projct.elf.dir/ra/fsp/src/bsp/mcu/ra6m5/bsp_linker.c.obj
 .rodata.g_transfer_on_dtc
                0x000042ec       0x2c CMakeFiles/RA6M5-Projct.elf.dir/ra/fsp/src/r_dtc/r_dtc.c.obj
                0x000042ec                g_transfer_on_dtc
 .rodata.g_external_irq_on_icu
                0x00004318       0x14 CMakeFiles/RA6M5-Projct.elf.dir/ra/fsp/src/r_icu/r_icu.c.obj
                0x00004318                g_external_irq_on_icu
 .rodata.g_vbatt_pins_input
                0x0000432c        0x6 CMakeFiles/RA6M5-Projct.elf.dir/ra/fsp/src/r_ioport/r_ioport.c.obj
 *fill*         0x00004332        0x2 
 .rodata.g_ioport_on_ioport
                0x00004334       0x34 CMakeFiles/RA6M5-Projct.elf.dir/ra/fsp/src/r_ioport/r_ioport.c.obj
                0x00004334                g_ioport_on_ioport
 .rodata.g_uart_on_sci
                0x00004368       0x2c CMakeFiles/RA6M5-Projct.elf.dir/ra/fsp/src/r_sci_uart/r_sci_uart.c.obj
                0x00004368                g_uart_on_sci
 .rodata.g_ioport
                0x00004394        0xc CMakeFiles/RA6M5-Projct.elf.dir/ra_gen/common_data.c.obj
                0x00004394                g_ioport
 .rodata.g_external_irq6
                0x000043a0        0xc CMakeFiles/RA6M5-Projct.elf.dir/ra_gen/common_data.c.obj
                0x000043a0                g_external_irq6
 .rodata.g_external_irq6_cfg
                0x000043ac       0x14 CMakeFiles/RA6M5-Projct.elf.dir/ra_gen/common_data.c.obj
                0x000043ac                g_external_irq6_cfg
 .rodata.g_external_irq6_ext_cfg
                0x000043c0        0x1 CMakeFiles/RA6M5-Projct.elf.dir/ra_gen/common_data.c.obj
                0x000043c0                g_external_irq6_ext_cfg
 *fill*         0x000043c1        0x3 
 .rodata.g_uart2
                0x000043c4        0xc CMakeFiles/RA6M5-Projct.elf.dir/ra_gen/hal_data.c.obj
                0x000043c4                g_uart2
 .rodata.g_uart2_cfg
                0x000043d0       0x20 CMakeFiles/RA6M5-Projct.elf.dir/ra_gen/hal_data.c.obj
                0x000043d0                g_uart2_cfg
 .rodata.g_uart2_cfg_extend
                0x000043f0       0x14 CMakeFiles/RA6M5-Projct.elf.dir/ra_gen/hal_data.c.obj
                0x000043f0                g_uart2_cfg_extend
 .rodata.g_transfer2
                0x00004404        0xc CMakeFiles/RA6M5-Projct.elf.dir/ra_gen/hal_data.c.obj
                0x00004404                g_transfer2
 .rodata.g_transfer2_cfg
                0x00004410        0x8 CMakeFiles/RA6M5-Projct.elf.dir/ra_gen/hal_data.c.obj
                0x00004410                g_transfer2_cfg
 .rodata.g_transfer2_cfg_extend
                0x00004418        0x1 CMakeFiles/RA6M5-Projct.elf.dir/ra_gen/hal_data.c.obj
                0x00004418                g_transfer2_cfg_extend
 *fill*         0x00004419        0x3 
 .rodata.g_uart6
                0x0000441c        0xc CMakeFiles/RA6M5-Projct.elf.dir/ra_gen/hal_data.c.obj
                0x0000441c                g_uart6
 .rodata.g_uart6_cfg
                0x00004428       0x20 CMakeFiles/RA6M5-Projct.elf.dir/ra_gen/hal_data.c.obj
                0x00004428                g_uart6_cfg
 .rodata.g_uart6_cfg_extend
                0x00004448       0x14 CMakeFiles/RA6M5-Projct.elf.dir/ra_gen/hal_data.c.obj
                0x00004448                g_uart6_cfg_extend
 .rodata.g_bsp_pin_cfg
                0x0000445c        0xc CMakeFiles/RA6M5-Projct.elf.dir/ra_gen/pin_data.c.obj
                0x0000445c                g_bsp_pin_cfg
 .rodata.g_bsp_pin_cfg_data
                0x00004468       0x80 CMakeFiles/RA6M5-Projct.elf.dir/ra_gen/pin_data.c.obj
                0x00004468                g_bsp_pin_cfg_data
 .rodata.g_interrupt_event_link_select
                0x000044e8       0x26 CMakeFiles/RA6M5-Projct.elf.dir/ra_gen/vector_data.c.obj
                0x000044e8                g_interrupt_event_link_select
 *fill*         0x0000450e        0x2 
 .rodata.IODrvRead.str1.4
                0x00004510      0x5a8 CMakeFiles/RA6M5-Projct.elf.dir/src/drv_gpio.c.obj
                                 0x38 (size before relaxing)
 .rodata.IODrvInit.str1.4
                0x00004ab8       0xb6 CMakeFiles/RA6M5-Projct.elf.dir/src/drv_gpio.c.obj
 .rodata.W800_ConnectWiFi.str1.4
                0x00004ab8       0x36 CMakeFiles/RA6M5-Projct.elf.dir/src/drv_w800.c.obj
 .rodata.W800_ConnectTCP.str1.4
                0x00004ab8       0x8c CMakeFiles/RA6M5-Projct.elf.dir/src/drv_w800.c.obj
 .rodata.W800_Init.str1.4
                0x00004ab8      0x11f CMakeFiles/RA6M5-Projct.elf.dir/src/drv_w800.c.obj
 .rodata.W800_SendData.str1.4
                0x00004ab8       0xa7 CMakeFiles/RA6M5-Projct.elf.dir/src/drv_w800.c.obj
 .rodata.W800GetDevice.str1.4
                0x00004ab8        0x5 CMakeFiles/RA6M5-Projct.elf.dir/src/drv_w800.c.obj
 .rodata.W800AppTest.str1.4
                0x00004ab8      0x1ae CMakeFiles/RA6M5-Projct.elf.dir/src/hal_entry.c.obj
 .rodata.hal_entry.str1.4
                0x00004ab8       0x84 CMakeFiles/RA6M5-Projct.elf.dir/src/hal_entry.c.obj
 .rodata._svfprintf_r.str1.1
                0x00004ab8       0x33 /usr/lib/gcc/arm-none-eabi/14.2.0/../../../../arm-none-eabi/lib/thumb/v8-m.main+fp/hard/libg_nano.a(libc_a-nano-svfprintf.o)
                                 0x11 (size before relaxing)
 .rodata._vfprintf_r.str1.1
                0x00004aeb       0x11 /usr/lib/gcc/arm-none-eabi/14.2.0/../../../../arm-none-eabi/lib/thumb/v8-m.main+fp/hard/libg_nano.a(libc_a-nano-vfprintf.o)
 .rodata._printf_i.str1.1
                0x00004aeb       0x22 /usr/lib/gcc/arm-none-eabi/14.2.0/../../../../arm-none-eabi/lib/thumb/v8-m.main+fp/hard/libg_nano.a(libc_a-nano-vfprintf_i.o)
 *(.mcuboot_sce9_key)
 *(.version)
 *fill*         0x00004aeb        0x1 
 .version       0x00004aec       0x50 CMakeFiles/RA6M5-Projct.elf.dir/ra/fsp/src/bsp/mcu/all/bsp_common.c.obj
                0x00004b3c                        __flash_readonly$$Limit = .

.glue_7         0x00004b3c        0x0
 .glue_7        0x00004b3c        0x0 linker stubs

.glue_7t        0x00004b3c        0x0
 .glue_7t       0x00004b3c        0x0 linker stubs

.vfp11_veneer   0x00004b3c        0x0
 .vfp11_veneer  0x00004b3c        0x0 linker stubs

.v4_bx          0x00004b3c        0x0
 .v4_bx         0x00004b3c        0x0 linker stubs

.init           0x00004b3c        0x4
 .init          0x00004b3c        0x4 /usr/lib/gcc/arm-none-eabi/14.2.0/thumb/v8-m.main+fp/hard/crti.o
                0x00004b3c                _init

.fini           0x00004b40        0x4
 .fini          0x00004b40        0x4 /usr/lib/gcc/arm-none-eabi/14.2.0/thumb/v8-m.main+fp/hard/crti.o
                0x00004b40                _fini

.iplt           0x00004b44        0x0
 .iplt          0x00004b44        0x0 /usr/lib/gcc/arm-none-eabi/14.2.0/thumb/v8-m.main+fp/hard/crtbegin.o

__flash_ctor$$
 *crtbegin.o(.ctors)
 *crtbegin?.o(.ctors)
 EXCLUDE_FILE(*crtend.o *crtend?.o) *(.ctors)
 *(SORT_BY_NAME(.ctors.*))
 *(.ctors)
 *crtbegin.o(.dtors)
 *crtbegin?.o(.dtors)
 EXCLUDE_FILE(*crtend.o *crtend?.o) *(.dtors)
 *(SORT_BY_NAME(.dtors.*))
 *(.dtors)

__flash_preinit_array$$
                0x00004b44        0x0
                0x00004b44                        __preinit_array_start = .
 *(.preinit_array)
                0x00004b44                        __preinit_array_end = .

__flash_.got$$
 *(.got.plt)
 *(.got)

__flash_init_array$$
                0x00004b44        0x4
                0x00004b44                        __init_array_start = .
 *(SORT_BY_NAME(.init_array.*))
 *(.init_array)
 .init_array    0x00004b44        0x4 /usr/lib/gcc/arm-none-eabi/14.2.0/thumb/v8-m.main+fp/hard/crtbegin.o
                0x00004b48                        __init_array_end = .

__flash_fini_array$$
                0x00004b48        0x4
                0x00004b48                        __fini_array_start = .
 *(SORT_BY_NAME(.fini_array.*))
 *(.fini_array)
 .fini_array    0x00004b48        0x4 /usr/lib/gcc/arm-none-eabi/14.2.0/thumb/v8-m.main+fp/hard/crtbegin.o
                0x00004b4c                        __fini_array_end = .

.igot.plt       0x00004b4c        0x0
 .igot.plt      0x00004b4c        0x0 /usr/lib/gcc/arm-none-eabi/14.2.0/thumb/v8-m.main+fp/hard/crtbegin.o

__flash_arm.extab$$
 *(.ARM.extab*)
 *(.gnu.linkonce.armextab.*)

__flash_arm.exidx$$
                0x00004b4c        0x8
                0x00004b4c                        __exidx_start = .
 *(.ARM.exidx*)
 .ARM.exidx     0x00004b4c        0x8 /usr/lib/gcc/arm-none-eabi/14.2.0/../../../../arm-none-eabi/lib/thumb/v8-m.main+fp/hard/libg_nano.a(libc_a-strcmp.o)
 .ARM.exidx     0x00004b54        0x0 /usr/lib/gcc/arm-none-eabi/14.2.0/../../../../arm-none-eabi/lib/thumb/v8-m.main+fp/hard/libg_nano.a(libc_a-strlen.o)
                                  0x8 (size before relaxing)
 *(.gnu.linkonce.armexidx.*)
                0x00004b54                        __exidx_end = .

.flash.endof    0x00004c00        0x0
                0x00004c00                        __ddsc_FLASH_END = .

.flash.flat_nsc
                0x00004c00        0x0
                0x00004c00                        __ddsc_FLASH_NSC = .

.option_setting_ofs0.startof
                0x0100a100        0x0
                0x0100a100                        __ddsc_OPTION_SETTING_OFS0_START = .

__option_setting_ofs0_reg$$
                0x0100a100        0x4
                0x0100a100                        __option_setting_ofs0_reg$$Base = .
 *(.option_setting_ofs0)
 .option_setting_ofs0
                0x0100a100        0x4 CMakeFiles/RA6M5-Projct.elf.dir/ra/fsp/src/bsp/mcu/ra6m5/bsp_linker.c.obj
                0x0100a104                        __option_setting_ofs0_reg$$Limit = .

.option_setting_ofs0.endof
                0x0100a104        0x0
                0x0100a104                        __ddsc_OPTION_SETTING_OFS0_END = .

.option_setting_dualsel.startof
                0x0100a110        0x0
                0x0100a110                        __ddsc_OPTION_SETTING_DUALSEL_START = .

__option_setting_dualsel_reg$$
                0x0100a110        0x0
                0x0100a110                        __option_setting_dualsel_reg$$Base = .
 *(.option_setting_dualsel)
                0x0100a110                        __option_setting_dualsel_reg$$Limit = .

.option_setting_dualsel.endof
                0x0100a110        0x0
                0x0100a110                        __ddsc_OPTION_SETTING_DUALSEL_END = .

.option_setting_ofs1.startof
                0x0100a180        0x0
                0x0100a180                        __ddsc_OPTION_SETTING_OFS1_START = .

__option_setting_ofs1_reg$$
                0x0100a180        0x0
                0x0100a180                        __option_setting_ofs1_reg$$Base = .
 *(.option_setting_ofs1)
                0x0100a180                        __option_setting_ofs1_reg$$Limit = .

.option_setting_ofs1.endof
                0x0100a180        0x0
                0x0100a180                        __ddsc_OPTION_SETTING_OFS1_END = .

.option_setting_banksel.startof
                0x0100a190        0x0
                0x0100a190                        __ddsc_OPTION_SETTING_BANKSEL_START = .

__option_setting_banksel_reg$$
                0x0100a190        0x0
                0x0100a190                        __option_setting_banksel_reg$$Base = .
 *(.option_setting_banksel)
                0x0100a190                        __option_setting_banksel_reg$$Limit = .

.option_setting_banksel.endof
                0x0100a190        0x0
                0x0100a190                        __ddsc_OPTION_SETTING_BANKSEL_END = .

.option_setting_bps.startof
                0x0100a1c0        0x0
                0x0100a1c0                        __ddsc_OPTION_SETTING_BPS_START = .

__option_setting_bps_reg$$
                0x0100a1c0        0x0
                0x0100a1c0                        __option_setting_bps_reg$$Base = .
 *(.option_setting_bps)
                0x0100a1c0                        __option_setting_bps_reg$$Limit = .

.option_setting_bps.endof
                0x0100a1c0        0x0
                0x0100a1c0                        __ddsc_OPTION_SETTING_BPS_END = .

.option_setting_pbps.startof
                0x0100a1e0        0x0
                0x0100a1e0                        __ddsc_OPTION_SETTING_PBPS_START = .

__option_setting_pbps_reg$$
                0x0100a1e0        0x0
                0x0100a1e0                        __option_setting_pbps_reg$$Base = .
 *(.option_setting_pbps)
                0x0100a1e0                        __option_setting_pbps_reg$$Limit = .

.option_setting_pbps.endof
                0x0100a1e0        0x0
                0x0100a1e0                        __ddsc_OPTION_SETTING_PBPS_END = .

.option_setting_ofs1_sec.startof
                0x0100a200        0x0
                0x0100a200                        __ddsc_OPTION_SETTING_OFS1_SEC_START = .

__option_setting_ofs1_sec_reg$$
                0x0100a200        0x4
                0x0100a200                        __option_setting_ofs1_sec_reg$$Base = .
 *(.option_setting_ofs1_sec)
 .option_setting_ofs1_sec
                0x0100a200        0x4 CMakeFiles/RA6M5-Projct.elf.dir/ra/fsp/src/bsp/mcu/ra6m5/bsp_linker.c.obj
                0x0100a204                        __option_setting_ofs1_sec_reg$$Limit = .

.option_setting_ofs1_sec.endof
                0x0100a204        0x0
                0x0100a204                        __ddsc_OPTION_SETTING_OFS1_SEC_END = .

.option_setting_banksel_sec.startof
                0x0100a210        0x0
                0x0100a210                        __ddsc_OPTION_SETTING_BANKSEL_SEC_START = .

__option_setting_banksel_sec_reg$$
                0x0100a210        0x0
                0x0100a210                        __option_setting_banksel_sec_reg$$Base = .
 *(.option_setting_banksel_sec)
                0x0100a210                        __option_setting_banksel_sec_reg$$Limit = .

.option_setting_banksel_sec.endof
                0x0100a210        0x0
                0x0100a210                        __ddsc_OPTION_SETTING_BANKSEL_SEC_END = .

.option_setting_bps_sec.startof
                0x0100a240        0x0
                0x0100a240                        __ddsc_OPTION_SETTING_BPS_SEC_START = .

__option_setting_bps_sec_reg$$
                0x0100a240        0x0
                0x0100a240                        __option_setting_bps_sec_reg$$Base = .
 *(.option_setting_bps_sec)
                0x0100a240                        __option_setting_bps_sec_reg$$Limit = .

.option_setting_bps_sec.endof
                0x0100a240        0x0
                0x0100a240                        __ddsc_OPTION_SETTING_BPS_SEC_END = .

.option_setting_pbps_sec.startof
                0x0100a260        0x0
                0x0100a260                        __ddsc_OPTION_SETTING_PBPS_SEC_START = .

__option_setting_pbps_sec_reg$$
                0x0100a260        0x0
                0x0100a260                        __option_setting_pbps_sec_reg$$Base = .
 *(.option_setting_pbps_sec)
                0x0100a260                        __option_setting_pbps_sec_reg$$Limit = .

.option_setting_pbps_sec.endof
                0x0100a260        0x0
                0x0100a260                        __ddsc_OPTION_SETTING_PBPS_SEC_END = .

.option_setting_ofs1_sel.startof
                0x0100a280        0x0
                0x0100a280                        __ddsc_OPTION_SETTING_OFS1_SEL_START = .

__option_setting_ofs1_sel_reg$$
                0x0100a280        0x4
                0x0100a280                        __option_setting_ofs1_sel_reg$$Base = .
 *(.option_setting_ofs1_sel)
 .option_setting_ofs1_sel
                0x0100a280        0x4 CMakeFiles/RA6M5-Projct.elf.dir/ra/fsp/src/bsp/mcu/ra6m5/bsp_linker.c.obj
                0x0100a284                        __option_setting_ofs1_sel_reg$$Limit = .

.eh_frame       0x0100a284        0x0
 .eh_frame      0x0100a284        0x0 /usr/lib/gcc/arm-none-eabi/14.2.0/thumb/v8-m.main+fp/hard/crtbegin.o

.rel.dyn        0x0100a284        0x0
 .rel.iplt      0x0100a284        0x0 /usr/lib/gcc/arm-none-eabi/14.2.0/thumb/v8-m.main+fp/hard/crtbegin.o

.option_setting_ofs1_sel.endof
                0x0100a284        0x0
                0x0100a284                        __ddsc_OPTION_SETTING_OFS1_SEL_END = .

.option_setting_banksel_sel.startof
                0x0100a290        0x0
                0x0100a290                        __ddsc_OPTION_SETTING_BANKSEL_SEL_START = .

__option_setting_banksel_sel_reg$$
                0x0100a290        0x0
                0x0100a290                        __option_setting_banksel_sel_reg$$Base = .
 *(.option_setting_banksel_sel)
                0x0100a290                        __option_setting_banksel_sel_reg$$Limit = .

.option_setting_banksel_sel.endof
                0x0100a290        0x0
                0x0100a290                        __ddsc_OPTION_SETTING_BANKSEL_SEL_END = .

.option_setting_bps_sel.startof
                0x0100a2c0        0x0
                0x0100a2c0                        __ddsc_OPTION_SETTING_BPS_SEL_START = .

__option_setting_bps_sel_reg$$
                0x0100a2c0        0x0
                0x0100a2c0                        __option_setting_bps_sel_reg$$Base = .
 *(.option_setting_bps_sel)
                0x0100a2c0                        __option_setting_bps_sel_reg$$Limit = .

.option_setting_bps_sel.endof
                0x0100a2c0        0x0
                0x0100a2c0                        __ddsc_OPTION_SETTING_BPS_SEL_END = .
OUTPUT(RA6M5-Projct.elf elf32-littlearm)
LOAD linker stubs

.ARM.attributes
                0x00000000       0x36
 .ARM.attributes
                0x00000000       0x26 /usr/lib/gcc/arm-none-eabi/14.2.0/thumb/v8-m.main+fp/hard/crti.o
 .ARM.attributes
                0x00000026       0x38 /usr/lib/gcc/arm-none-eabi/14.2.0/thumb/v8-m.main+fp/hard/crtbegin.o
 .ARM.attributes
                0x0000005e       0x3a CMakeFiles/RA6M5-Projct.elf.dir/ra/fsp/src/bsp/cmsis/Device/RENESAS/Source/startup.c.obj
 .ARM.attributes
                0x00000098       0x3a CMakeFiles/RA6M5-Projct.elf.dir/ra/fsp/src/bsp/cmsis/Device/RENESAS/Source/system.c.obj
 .ARM.attributes
                0x000000d2       0x3a CMakeFiles/RA6M5-Projct.elf.dir/ra/fsp/src/bsp/mcu/all/bsp_clocks.c.obj
 .ARM.attributes
                0x0000010c       0x3a CMakeFiles/RA6M5-Projct.elf.dir/ra/fsp/src/bsp/mcu/all/bsp_common.c.obj
 .ARM.attributes
                0x00000146       0x3a CMakeFiles/RA6M5-Projct.elf.dir/ra/fsp/src/bsp/mcu/all/bsp_delay.c.obj
 .ARM.attributes
                0x00000180       0x3a CMakeFiles/RA6M5-Projct.elf.dir/ra/fsp/src/bsp/mcu/all/bsp_group_irq.c.obj
 .ARM.attributes
                0x000001ba       0x3a CMakeFiles/RA6M5-Projct.elf.dir/ra/fsp/src/bsp/mcu/all/bsp_io.c.obj
 .ARM.attributes
                0x000001f4       0x3a CMakeFiles/RA6M5-Projct.elf.dir/ra/fsp/src/bsp/mcu/all/bsp_irq.c.obj
 .ARM.attributes
                0x0000022e       0x3a CMakeFiles/RA6M5-Projct.elf.dir/ra/fsp/src/bsp/mcu/all/bsp_register_protection.c.obj
 .ARM.attributes
                0x00000268       0x3a CMakeFiles/RA6M5-Projct.elf.dir/ra/fsp/src/bsp/mcu/all/bsp_sbrk.c.obj
 .ARM.attributes
                0x000002a2       0x3a CMakeFiles/RA6M5-Projct.elf.dir/ra/fsp/src/bsp/mcu/ra6m5/bsp_linker.c.obj
 .ARM.attributes
                0x000002dc       0x3a CMakeFiles/RA6M5-Projct.elf.dir/ra/fsp/src/r_dtc/r_dtc.c.obj
 .ARM.attributes
                0x00000316       0x3a CMakeFiles/RA6M5-Projct.elf.dir/ra/fsp/src/r_icu/r_icu.c.obj
 .ARM.attributes
                0x00000350       0x3a CMakeFiles/RA6M5-Projct.elf.dir/ra/fsp/src/r_ioport/r_ioport.c.obj
 .ARM.attributes
                0x0000038a       0x3a CMakeFiles/RA6M5-Projct.elf.dir/ra/fsp/src/r_sci_i2c/r_sci_i2c.c.obj
 .ARM.attributes
                0x000003c4       0x3a CMakeFiles/RA6M5-Projct.elf.dir/ra/fsp/src/r_sci_spi/r_sci_spi.c.obj
 .ARM.attributes
                0x000003fe       0x3a CMakeFiles/RA6M5-Projct.elf.dir/ra/fsp/src/r_sci_uart/r_sci_uart.c.obj
 .ARM.attributes
                0x00000438       0x3a CMakeFiles/RA6M5-Projct.elf.dir/ra/fsp/src/r_spi/r_spi.c.obj
 .ARM.attributes
                0x00000472       0x3a CMakeFiles/RA6M5-Projct.elf.dir/ra_gen/common_data.c.obj
 .ARM.attributes
                0x000004ac       0x3a CMakeFiles/RA6M5-Projct.elf.dir/ra_gen/hal_data.c.obj
 .ARM.attributes
                0x000004e6       0x3a CMakeFiles/RA6M5-Projct.elf.dir/ra_gen/main.c.obj
 .ARM.attributes
                0x00000520       0x3a CMakeFiles/RA6M5-Projct.elf.dir/ra_gen/pin_data.c.obj
 .ARM.attributes
                0x0000055a       0x3a CMakeFiles/RA6M5-Projct.elf.dir/ra_gen/vector_data.c.obj
 .ARM.attributes
                0x00000594       0x3a CMakeFiles/RA6M5-Projct.elf.dir/src/circle_buf.c.obj
 .ARM.attributes
                0x000005ce       0x3a CMakeFiles/RA6M5-Projct.elf.dir/src/drv_gpio.c.obj
 .ARM.attributes
                0x00000608       0x3a CMakeFiles/RA6M5-Projct.elf.dir/src/drv_uart.c.obj
 .ARM.attributes
                0x00000642       0x3a CMakeFiles/RA6M5-Projct.elf.dir/src/drv_w800.c.obj
 .ARM.attributes
                0x0000067c       0x3a CMakeFiles/RA6M5-Projct.elf.dir/src/hal_entry.c.obj
 .ARM.attributes
                0x000006b6       0x3a CMakeFiles/RA6M5-Projct.elf.dir/src/hal_systick.c.obj
 .ARM.attributes
                0x000006f0       0x3a CMakeFiles/RA6M5-Projct.elf.dir/src/hal_warmstart.c.obj
 .ARM.attributes
                0x0000072a       0x38 /usr/lib/gcc/arm-none-eabi/14.2.0/../../../../arm-none-eabi/lib/thumb/v8-m.main+fp/hard/libg_nano.a(libc_a-findfp.o)
 .ARM.attributes
                0x00000762       0x38 /usr/lib/gcc/arm-none-eabi/14.2.0/../../../../arm-none-eabi/lib/thumb/v8-m.main+fp/hard/libg_nano.a(libc_a-fwalk.o)
 .ARM.attributes
                0x0000079a       0x38 /usr/lib/gcc/arm-none-eabi/14.2.0/../../../../arm-none-eabi/lib/thumb/v8-m.main+fp/hard/libg_nano.a(libc_a-printf.o)
 .ARM.attributes
                0x000007d2       0x38 /usr/lib/gcc/arm-none-eabi/14.2.0/../../../../arm-none-eabi/lib/thumb/v8-m.main+fp/hard/libg_nano.a(libc_a-puts.o)
 .ARM.attributes
                0x0000080a       0x38 /usr/lib/gcc/arm-none-eabi/14.2.0/../../../../arm-none-eabi/lib/thumb/v8-m.main+fp/hard/libg_nano.a(libc_a-snprintf.o)
 .ARM.attributes
                0x00000842       0x38 /usr/lib/gcc/arm-none-eabi/14.2.0/../../../../arm-none-eabi/lib/thumb/v8-m.main+fp/hard/libg_nano.a(libc_a-stdio.o)
 .ARM.attributes
                0x0000087a       0x38 /usr/lib/gcc/arm-none-eabi/14.2.0/../../../../arm-none-eabi/lib/thumb/v8-m.main+fp/hard/libg_nano.a(libc_a-wbuf.o)
 .ARM.attributes
                0x000008b2       0x38 /usr/lib/gcc/arm-none-eabi/14.2.0/../../../../arm-none-eabi/lib/thumb/v8-m.main+fp/hard/libg_nano.a(libc_a-wsetup.o)
 .ARM.attributes
                0x000008ea       0x38 /usr/lib/gcc/arm-none-eabi/14.2.0/../../../../arm-none-eabi/lib/thumb/v8-m.main+fp/hard/libg_nano.a(libc_a-memset.o)
 .ARM.attributes
                0x00000922       0x38 /usr/lib/gcc/arm-none-eabi/14.2.0/../../../../arm-none-eabi/lib/thumb/v8-m.main+fp/hard/libg_nano.a(libc_a-closer.o)
 .ARM.attributes
                0x0000095a       0x38 /usr/lib/gcc/arm-none-eabi/14.2.0/../../../../arm-none-eabi/lib/thumb/v8-m.main+fp/hard/libg_nano.a(libc_a-reent.o)
 .ARM.attributes
                0x00000992       0x38 /usr/lib/gcc/arm-none-eabi/14.2.0/../../../../arm-none-eabi/lib/thumb/v8-m.main+fp/hard/libg_nano.a(libc_a-impure.o)
 .ARM.attributes
                0x000009ca       0x38 /usr/lib/gcc/arm-none-eabi/14.2.0/../../../../arm-none-eabi/lib/thumb/v8-m.main+fp/hard/libg_nano.a(libc_a-lseekr.o)
 .ARM.attributes
                0x00000a02       0x38 /usr/lib/gcc/arm-none-eabi/14.2.0/../../../../arm-none-eabi/lib/thumb/v8-m.main+fp/hard/libg_nano.a(libc_a-readr.o)
 .ARM.attributes
                0x00000a3a       0x38 /usr/lib/gcc/arm-none-eabi/14.2.0/../../../../arm-none-eabi/lib/thumb/v8-m.main+fp/hard/libg_nano.a(libc_a-writer.o)
 .ARM.attributes
                0x00000a72       0x38 /usr/lib/gcc/arm-none-eabi/14.2.0/../../../../arm-none-eabi/lib/thumb/v8-m.main+fp/hard/libg_nano.a(libc_a-errno.o)
 .ARM.attributes
                0x00000aaa       0x38 /usr/lib/gcc/arm-none-eabi/14.2.0/../../../../arm-none-eabi/lib/thumb/v8-m.main+fp/hard/libg_nano.a(libc_a-lock.o)
 .ARM.attributes
                0x00000ae2       0x24 /usr/lib/gcc/arm-none-eabi/14.2.0/../../../../arm-none-eabi/lib/thumb/v8-m.main+fp/hard/libg_nano.a(libc_a-strcmp.o)
 .ARM.attributes
                0x00000b06       0x38 /usr/lib/gcc/arm-none-eabi/14.2.0/../../../../arm-none-eabi/lib/thumb/v8-m.main+fp/hard/libg_nano.a(libc_a-memcpy-stub.o)
 .ARM.attributes
                0x00000b3e       0x24 /usr/lib/gcc/arm-none-eabi/14.2.0/../../../../arm-none-eabi/lib/thumb/v8-m.main+fp/hard/libg_nano.a(libc_a-strlen.o)
 .ARM.attributes
                0x00000b62       0x38 /usr/lib/gcc/arm-none-eabi/14.2.0/../../../../arm-none-eabi/lib/thumb/v8-m.main+fp/hard/libg_nano.a(libc_a-freer.o)
 .ARM.attributes
                0x00000b9a       0x38 /usr/lib/gcc/arm-none-eabi/14.2.0/../../../../arm-none-eabi/lib/thumb/v8-m.main+fp/hard/libg_nano.a(libc_a-mallocr.o)
 .ARM.attributes
                0x00000bd2       0x38 /usr/lib/gcc/arm-none-eabi/14.2.0/../../../../arm-none-eabi/lib/thumb/v8-m.main+fp/hard/libg_nano.a(libc_a-mlock.o)
 .ARM.attributes
                0x00000c0a       0x38 /usr/lib/gcc/arm-none-eabi/14.2.0/../../../../arm-none-eabi/lib/thumb/v8-m.main+fp/hard/libg_nano.a(libc_a-nano-svfprintf.o)
 .ARM.attributes
                0x00000c42       0x38 /usr/lib/gcc/arm-none-eabi/14.2.0/../../../../arm-none-eabi/lib/thumb/v8-m.main+fp/hard/libg_nano.a(libc_a-nano-vfprintf.o)
 .ARM.attributes
                0x00000c7a       0x38 /usr/lib/gcc/arm-none-eabi/14.2.0/../../../../arm-none-eabi/lib/thumb/v8-m.main+fp/hard/libg_nano.a(libc_a-nano-vfprintf_i.o)
 .ARM.attributes
                0x00000cb2       0x38 /usr/lib/gcc/arm-none-eabi/14.2.0/../../../../arm-none-eabi/lib/thumb/v8-m.main+fp/hard/libg_nano.a(libc_a-fflush.o)
 .ARM.attributes
                0x00000cea       0x38 /usr/lib/gcc/arm-none-eabi/14.2.0/../../../../arm-none-eabi/lib/thumb/v8-m.main+fp/hard/libg_nano.a(libc_a-makebuf.o)
 .ARM.attributes
                0x00000d22       0x38 /usr/lib/gcc/arm-none-eabi/14.2.0/../../../../arm-none-eabi/lib/thumb/v8-m.main+fp/hard/libg_nano.a(libc_a-memmove.o)
 .ARM.attributes
                0x00000d5a       0x38 /usr/lib/gcc/arm-none-eabi/14.2.0/../../../../arm-none-eabi/lib/thumb/v8-m.main+fp/hard/libg_nano.a(libc_a-fstatr.o)
 .ARM.attributes
                0x00000d92       0x38 /usr/lib/gcc/arm-none-eabi/14.2.0/../../../../arm-none-eabi/lib/thumb/v8-m.main+fp/hard/libg_nano.a(libc_a-isattyr.o)
 .ARM.attributes
                0x00000dca       0x38 /usr/lib/gcc/arm-none-eabi/14.2.0/../../../../arm-none-eabi/lib/thumb/v8-m.main+fp/hard/libg_nano.a(libc_a-sbrkr.o)
 .ARM.attributes
                0x00000e02       0x38 /usr/lib/gcc/arm-none-eabi/14.2.0/../../../../arm-none-eabi/lib/thumb/v8-m.main+fp/hard/libg_nano.a(libc_a-memchr-stub.o)
 .ARM.attributes
                0x00000e3a       0x38 /usr/lib/gcc/arm-none-eabi/14.2.0/../../../../arm-none-eabi/lib/thumb/v8-m.main+fp/hard/libg_nano.a(libc_a-reallocr.o)
 .ARM.attributes
                0x00000e72       0x38 /usr/lib/gcc/arm-none-eabi/14.2.0/../../../../arm-none-eabi/lib/thumb/v8-m.main+fp/hard/libg_nano.a(libc_a-msizer.o)

.comment        0x00000000       0x1e
 .comment       0x00000000       0x1e CMakeFiles/RA6M5-Projct.elf.dir/ra/fsp/src/bsp/cmsis/Device/RENESAS/Source/startup.c.obj
                                 0x1f (size before relaxing)
 .comment       0x0000001e       0x1f CMakeFiles/RA6M5-Projct.elf.dir/ra/fsp/src/bsp/cmsis/Device/RENESAS/Source/system.c.obj
 .comment       0x0000001e       0x1f CMakeFiles/RA6M5-Projct.elf.dir/ra/fsp/src/bsp/mcu/all/bsp_clocks.c.obj
 .comment       0x0000001e       0x1f CMakeFiles/RA6M5-Projct.elf.dir/ra/fsp/src/bsp/mcu/all/bsp_common.c.obj
 .comment       0x0000001e       0x1f CMakeFiles/RA6M5-Projct.elf.dir/ra/fsp/src/bsp/mcu/all/bsp_delay.c.obj
 .comment       0x0000001e       0x1f CMakeFiles/RA6M5-Projct.elf.dir/ra/fsp/src/bsp/mcu/all/bsp_group_irq.c.obj
 .comment       0x0000001e       0x1f CMakeFiles/RA6M5-Projct.elf.dir/ra/fsp/src/bsp/mcu/all/bsp_io.c.obj
 .comment       0x0000001e       0x1f CMakeFiles/RA6M5-Projct.elf.dir/ra/fsp/src/bsp/mcu/all/bsp_irq.c.obj
 .comment       0x0000001e       0x1f CMakeFiles/RA6M5-Projct.elf.dir/ra/fsp/src/bsp/mcu/all/bsp_register_protection.c.obj
 .comment       0x0000001e       0x1f CMakeFiles/RA6M5-Projct.elf.dir/ra/fsp/src/bsp/mcu/all/bsp_sbrk.c.obj
 .comment       0x0000001e       0x1f CMakeFiles/RA6M5-Projct.elf.dir/ra/fsp/src/bsp/mcu/ra6m5/bsp_linker.c.obj
 .comment       0x0000001e       0x1f CMakeFiles/RA6M5-Projct.elf.dir/ra/fsp/src/r_dtc/r_dtc.c.obj
 .comment       0x0000001e       0x1f CMakeFiles/RA6M5-Projct.elf.dir/ra/fsp/src/r_icu/r_icu.c.obj
 .comment       0x0000001e       0x1f CMakeFiles/RA6M5-Projct.elf.dir/ra/fsp/src/r_ioport/r_ioport.c.obj
 .comment       0x0000001e       0x1f CMakeFiles/RA6M5-Projct.elf.dir/ra/fsp/src/r_sci_i2c/r_sci_i2c.c.obj
 .comment       0x0000001e       0x1f CMakeFiles/RA6M5-Projct.elf.dir/ra/fsp/src/r_sci_spi/r_sci_spi.c.obj
 .comment       0x0000001e       0x1f CMakeFiles/RA6M5-Projct.elf.dir/ra/fsp/src/r_sci_uart/r_sci_uart.c.obj
 .comment       0x0000001e       0x1f CMakeFiles/RA6M5-Projct.elf.dir/ra/fsp/src/r_spi/r_spi.c.obj
 .comment       0x0000001e       0x1f CMakeFiles/RA6M5-Projct.elf.dir/ra_gen/common_data.c.obj
 .comment       0x0000001e       0x1f CMakeFiles/RA6M5-Projct.elf.dir/ra_gen/hal_data.c.obj
 .comment       0x0000001e       0x1f CMakeFiles/RA6M5-Projct.elf.dir/ra_gen/main.c.obj
 .comment       0x0000001e       0x1f CMakeFiles/RA6M5-Projct.elf.dir/ra_gen/pin_data.c.obj
 .comment       0x0000001e       0x1f CMakeFiles/RA6M5-Projct.elf.dir/ra_gen/vector_data.c.obj
 .comment       0x0000001e       0x1f CMakeFiles/RA6M5-Projct.elf.dir/src/circle_buf.c.obj
 .comment       0x0000001e       0x1f CMakeFiles/RA6M5-Projct.elf.dir/src/drv_gpio.c.obj
 .comment       0x0000001e       0x1f CMakeFiles/RA6M5-Projct.elf.dir/src/drv_uart.c.obj
 .comment       0x0000001e       0x1f CMakeFiles/RA6M5-Projct.elf.dir/src/drv_w800.c.obj
 .comment       0x0000001e       0x1f CMakeFiles/RA6M5-Projct.elf.dir/src/hal_entry.c.obj
 .comment       0x0000001e       0x1f CMakeFiles/RA6M5-Projct.elf.dir/src/hal_systick.c.obj
 .comment       0x0000001e       0x1f CMakeFiles/RA6M5-Projct.elf.dir/src/hal_warmstart.c.obj
 .comment       0x0000001e       0x1f /usr/lib/gcc/arm-none-eabi/14.2.0/../../../../arm-none-eabi/lib/thumb/v8-m.main+fp/hard/libg_nano.a(libc_a-findfp.o)
 .comment       0x0000001e       0x1f /usr/lib/gcc/arm-none-eabi/14.2.0/../../../../arm-none-eabi/lib/thumb/v8-m.main+fp/hard/libg_nano.a(libc_a-fwalk.o)
 .comment       0x0000001e       0x1f /usr/lib/gcc/arm-none-eabi/14.2.0/../../../../arm-none-eabi/lib/thumb/v8-m.main+fp/hard/libg_nano.a(libc_a-printf.o)
 .comment       0x0000001e       0x1f /usr/lib/gcc/arm-none-eabi/14.2.0/../../../../arm-none-eabi/lib/thumb/v8-m.main+fp/hard/libg_nano.a(libc_a-puts.o)
 .comment       0x0000001e       0x1f /usr/lib/gcc/arm-none-eabi/14.2.0/../../../../arm-none-eabi/lib/thumb/v8-m.main+fp/hard/libg_nano.a(libc_a-snprintf.o)
 .comment       0x0000001e       0x1f /usr/lib/gcc/arm-none-eabi/14.2.0/../../../../arm-none-eabi/lib/thumb/v8-m.main+fp/hard/libg_nano.a(libc_a-stdio.o)
 .comment       0x0000001e       0x1f /usr/lib/gcc/arm-none-eabi/14.2.0/../../../../arm-none-eabi/lib/thumb/v8-m.main+fp/hard/libg_nano.a(libc_a-wbuf.o)
 .comment       0x0000001e       0x1f /usr/lib/gcc/arm-none-eabi/14.2.0/../../../../arm-none-eabi/lib/thumb/v8-m.main+fp/hard/libg_nano.a(libc_a-wsetup.o)
 .comment       0x0000001e       0x1f /usr/lib/gcc/arm-none-eabi/14.2.0/../../../../arm-none-eabi/lib/thumb/v8-m.main+fp/hard/libg_nano.a(libc_a-memset.o)
 .comment       0x0000001e       0x1f /usr/lib/gcc/arm-none-eabi/14.2.0/../../../../arm-none-eabi/lib/thumb/v8-m.main+fp/hard/libg_nano.a(libc_a-closer.o)
 .comment       0x0000001e       0x1f /usr/lib/gcc/arm-none-eabi/14.2.0/../../../../arm-none-eabi/lib/thumb/v8-m.main+fp/hard/libg_nano.a(libc_a-reent.o)
 .comment       0x0000001e       0x1f /usr/lib/gcc/arm-none-eabi/14.2.0/../../../../arm-none-eabi/lib/thumb/v8-m.main+fp/hard/libg_nano.a(libc_a-impure.o)
 .comment       0x0000001e       0x1f /usr/lib/gcc/arm-none-eabi/14.2.0/../../../../arm-none-eabi/lib/thumb/v8-m.main+fp/hard/libg_nano.a(libc_a-lseekr.o)
 .comment       0x0000001e       0x1f /usr/lib/gcc/arm-none-eabi/14.2.0/../../../../arm-none-eabi/lib/thumb/v8-m.main+fp/hard/libg_nano.a(libc_a-readr.o)
 .comment       0x0000001e       0x1f /usr/lib/gcc/arm-none-eabi/14.2.0/../../../../arm-none-eabi/lib/thumb/v8-m.main+fp/hard/libg_nano.a(libc_a-writer.o)
 .comment       0x0000001e       0x1f /usr/lib/gcc/arm-none-eabi/14.2.0/../../../../arm-none-eabi/lib/thumb/v8-m.main+fp/hard/libg_nano.a(libc_a-errno.o)
 .comment       0x0000001e       0x1f /usr/lib/gcc/arm-none-eabi/14.2.0/../../../../arm-none-eabi/lib/thumb/v8-m.main+fp/hard/libg_nano.a(libc_a-lock.o)
 .comment       0x0000001e       0x1f /usr/lib/gcc/arm-none-eabi/14.2.0/../../../../arm-none-eabi/lib/thumb/v8-m.main+fp/hard/libg_nano.a(libc_a-memcpy-stub.o)
 .comment       0x0000001e       0x1f /usr/lib/gcc/arm-none-eabi/14.2.0/../../../../arm-none-eabi/lib/thumb/v8-m.main+fp/hard/libg_nano.a(libc_a-freer.o)
 .comment       0x0000001e       0x1f /usr/lib/gcc/arm-none-eabi/14.2.0/../../../../arm-none-eabi/lib/thumb/v8-m.main+fp/hard/libg_nano.a(libc_a-mallocr.o)
 .comment       0x0000001e       0x1f /usr/lib/gcc/arm-none-eabi/14.2.0/../../../../arm-none-eabi/lib/thumb/v8-m.main+fp/hard/libg_nano.a(libc_a-mlock.o)
 .comment       0x0000001e       0x1f /usr/lib/gcc/arm-none-eabi/14.2.0/../../../../arm-none-eabi/lib/thumb/v8-m.main+fp/hard/libg_nano.a(libc_a-nano-svfprintf.o)
 .comment       0x0000001e       0x1f /usr/lib/gcc/arm-none-eabi/14.2.0/../../../../arm-none-eabi/lib/thumb/v8-m.main+fp/hard/libg_nano.a(libc_a-nano-vfprintf.o)
 .comment       0x0000001e       0x1f /usr/lib/gcc/arm-none-eabi/14.2.0/../../../../arm-none-eabi/lib/thumb/v8-m.main+fp/hard/libg_nano.a(libc_a-nano-vfprintf_i.o)
 .comment       0x0000001e       0x1f /usr/lib/gcc/arm-none-eabi/14.2.0/../../../../arm-none-eabi/lib/thumb/v8-m.main+fp/hard/libg_nano.a(libc_a-fflush.o)
 .comment       0x0000001e       0x1f /usr/lib/gcc/arm-none-eabi/14.2.0/../../../../arm-none-eabi/lib/thumb/v8-m.main+fp/hard/libg_nano.a(libc_a-makebuf.o)
 .comment       0x0000001e       0x1f /usr/lib/gcc/arm-none-eabi/14.2.0/../../../../arm-none-eabi/lib/thumb/v8-m.main+fp/hard/libg_nano.a(libc_a-memmove.o)
 .comment       0x0000001e       0x1f /usr/lib/gcc/arm-none-eabi/14.2.0/../../../../arm-none-eabi/lib/thumb/v8-m.main+fp/hard/libg_nano.a(libc_a-fstatr.o)
 .comment       0x0000001e       0x1f /usr/lib/gcc/arm-none-eabi/14.2.0/../../../../arm-none-eabi/lib/thumb/v8-m.main+fp/hard/libg_nano.a(libc_a-isattyr.o)
 .comment       0x0000001e       0x1f /usr/lib/gcc/arm-none-eabi/14.2.0/../../../../arm-none-eabi/lib/thumb/v8-m.main+fp/hard/libg_nano.a(libc_a-sbrkr.o)
 .comment       0x0000001e       0x1f /usr/lib/gcc/arm-none-eabi/14.2.0/../../../../arm-none-eabi/lib/thumb/v8-m.main+fp/hard/libg_nano.a(libc_a-memchr-stub.o)
 .comment       0x0000001e       0x1f /usr/lib/gcc/arm-none-eabi/14.2.0/../../../../arm-none-eabi/lib/thumb/v8-m.main+fp/hard/libg_nano.a(libc_a-reallocr.o)
 .comment       0x0000001e       0x1f /usr/lib/gcc/arm-none-eabi/14.2.0/../../../../arm-none-eabi/lib/thumb/v8-m.main+fp/hard/libg_nano.a(libc_a-msizer.o)

.debug_info     0x00000000    0x5e6fb
 .debug_info    0x00000000      0x187 CMakeFiles/RA6M5-Projct.elf.dir/ra/fsp/src/bsp/cmsis/Device/RENESAS/Source/startup.c.obj
 .debug_info    0x00000187     0x1203 CMakeFiles/RA6M5-Projct.elf.dir/ra/fsp/src/bsp/cmsis/Device/RENESAS/Source/system.c.obj
 .debug_info    0x0000138a     0x64d5 CMakeFiles/RA6M5-Projct.elf.dir/ra/fsp/src/bsp/mcu/all/bsp_clocks.c.obj
 .debug_info    0x0000785f      0x96f CMakeFiles/RA6M5-Projct.elf.dir/ra/fsp/src/bsp/mcu/all/bsp_common.c.obj
 .debug_info    0x000081ce      0x204 CMakeFiles/RA6M5-Projct.elf.dir/ra/fsp/src/bsp/mcu/all/bsp_delay.c.obj
 .debug_info    0x000083d2     0x1363 CMakeFiles/RA6M5-Projct.elf.dir/ra/fsp/src/bsp/mcu/all/bsp_group_irq.c.obj