Archive member included to satisfy reference by file (symbol)

/usr/lib/gcc/arm-none-eabi/14.2.0/thumb/v8-m.main+fp/hard/libgcc.a(_aeabi_ldivmod.o)
                              CMakeFiles/RA6M5-Projct.elf.dir/ra/fsp/src/r_sci_spi/r_sci_spi.c.obj (__aeabi_ldivmod)
/usr/lib/gcc/arm-none-eabi/14.2.0/thumb/v8-m.main+fp/hard/libgcc.a(_udivmoddi4.o)
                              /usr/lib/gcc/arm-none-eabi/14.2.0/thumb/v8-m.main+fp/hard/libgcc.a(_aeabi_ldivmod.o) (__udivmoddi4)
/usr/lib/gcc/arm-none-eabi/14.2.0/thumb/v8-m.main+fp/hard/libgcc.a(_dvmd_tls.o)
                              /usr/lib/gcc/arm-none-eabi/14.2.0/thumb/v8-m.main+fp/hard/libgcc.a(_aeabi_ldivmod.o) (__aeabi_ldiv0)
/usr/lib/gcc/arm-none-eabi/14.2.0/../../../../arm-none-eabi/lib/thumb/v8-m.main+fp/hard/libg_nano.a(libc_a-atexit.o)
                              /usr/lib/gcc/arm-none-eabi/14.2.0/../../../../arm-none-eabi/lib/thumb/v8-m.main+fp/hard/crt0.o (atexit)
/usr/lib/gcc/arm-none-eabi/14.2.0/../../../../arm-none-eabi/lib/thumb/v8-m.main+fp/hard/libg_nano.a(libc_a-exit.o)
                              /usr/lib/gcc/arm-none-eabi/14.2.0/../../../../arm-none-eabi/lib/thumb/v8-m.main+fp/hard/crt0.o (exit)
/usr/lib/gcc/arm-none-eabi/14.2.0/../../../../arm-none-eabi/lib/thumb/v8-m.main+fp/hard/libg_nano.a(libc_a-findfp.o)
                              /usr/lib/gcc/arm-none-eabi/14.2.0/../../../../arm-none-eabi/lib/thumb/v8-m.main+fp/hard/libg_nano.a(libc_a-exit.o) (__stdio_exit_handler)
/usr/lib/gcc/arm-none-eabi/14.2.0/../../../../arm-none-eabi/lib/thumb/v8-m.main+fp/hard/libg_nano.a(libc_a-fwalk.o)
                              /usr/lib/gcc/arm-none-eabi/14.2.0/../../../../arm-none-eabi/lib/thumb/v8-m.main+fp/hard/libg_nano.a(libc_a-findfp.o) (_fwalk_sglue)
/usr/lib/gcc/arm-none-eabi/14.2.0/../../../../arm-none-eabi/lib/thumb/v8-m.main+fp/hard/libg_nano.a(libc_a-printf.o)
                              CMakeFiles/RA6M5-Projct.elf.dir/src/drv_dispenser.c.obj (printf)
/usr/lib/gcc/arm-none-eabi/14.2.0/../../../../arm-none-eabi/lib/thumb/v8-m.main+fp/hard/libg_nano.a(libc_a-puts.o)
                              CMakeFiles/RA6M5-Projct.elf.dir/src/drv_dispenser.c.obj (puts)
/usr/lib/gcc/arm-none-eabi/14.2.0/../../../../arm-none-eabi/lib/thumb/v8-m.main+fp/hard/libg_nano.a(libc_a-snprintf.o)
                              CMakeFiles/RA6M5-Projct.elf.dir/src/drv_dispenser.c.obj (snprintf)
/usr/lib/gcc/arm-none-eabi/14.2.0/../../../../arm-none-eabi/lib/thumb/v8-m.main+fp/hard/libg_nano.a(libc_a-stdio.o)
                              /usr/lib/gcc/arm-none-eabi/14.2.0/../../../../arm-none-eabi/lib/thumb/v8-m.main+fp/hard/libg_nano.a(libc_a-findfp.o) (__sread)
/usr/lib/gcc/arm-none-eabi/14.2.0/../../../../arm-none-eabi/lib/thumb/v8-m.main+fp/hard/libg_nano.a(libc_a-wbuf.o)
                              /usr/lib/gcc/arm-none-eabi/14.2.0/../../../../arm-none-eabi/lib/thumb/v8-m.main+fp/hard/libg_nano.a(libc_a-puts.o) (__swbuf_r)
/usr/lib/gcc/arm-none-eabi/14.2.0/../../../../arm-none-eabi/lib/thumb/v8-m.main+fp/hard/libg_nano.a(libc_a-wsetup.o)
                              /usr/lib/gcc/arm-none-eabi/14.2.0/../../../../arm-none-eabi/lib/thumb/v8-m.main+fp/hard/libg_nano.a(libc_a-puts.o) (__swsetup_r)
/usr/lib/gcc/arm-none-eabi/14.2.0/../../../../arm-none-eabi/lib/thumb/v8-m.main+fp/hard/libg_nano.a(libc_a-memset.o)
                              /usr/lib/gcc/arm-none-eabi/14.2.0/../../../../arm-none-eabi/lib/thumb/v8-m.main+fp/hard/crt0.o (memset)
/usr/lib/gcc/arm-none-eabi/14.2.0/../../../../arm-none-eabi/lib/thumb/v8-m.main+fp/hard/libg_nano.a(libc_a-closer.o)
                              /usr/lib/gcc/arm-none-eabi/14.2.0/../../../../arm-none-eabi/lib/thumb/v8-m.main+fp/hard/libg_nano.a(libc_a-stdio.o) (_close_r)
/usr/lib/gcc/arm-none-eabi/14.2.0/../../../../arm-none-eabi/lib/thumb/v8-m.main+fp/hard/libg_nano.a(libc_a-reent.o)
                              /usr/lib/gcc/arm-none-eabi/14.2.0/../../../../arm-none-eabi/lib/thumb/v8-m.main+fp/hard/libg_nano.a(libc_a-closer.o) (errno)
/usr/lib/gcc/arm-none-eabi/14.2.0/../../../../arm-none-eabi/lib/thumb/v8-m.main+fp/hard/libg_nano.a(libc_a-impure.o)
                              /usr/lib/gcc/arm-none-eabi/14.2.0/../../../../arm-none-eabi/lib/thumb/v8-m.main+fp/hard/libg_nano.a(libc_a-printf.o) (_impure_ptr)
/usr/lib/gcc/arm-none-eabi/14.2.0/../../../../arm-none-eabi/lib/thumb/v8-m.main+fp/hard/libg_nano.a(libc_a-lseekr.o)
                              /usr/lib/gcc/arm-none-eabi/14.2.0/../../../../arm-none-eabi/lib/thumb/v8-m.main+fp/hard/libg_nano.a(libc_a-stdio.o) (_lseek_r)
/usr/lib/gcc/arm-none-eabi/14.2.0/../../../../arm-none-eabi/lib/thumb/v8-m.main+fp/hard/libg_nano.a(libc_a-readr.o)
                              /usr/lib/gcc/arm-none-eabi/14.2.0/../../../../arm-none-eabi/lib/thumb/v8-m.main+fp/hard/libg_nano.a(libc_a-stdio.o) (_read_r)
/usr/lib/gcc/arm-none-eabi/14.2.0/../../../../arm-none-eabi/lib/thumb/v8-m.main+fp/hard/libg_nano.a(libc_a-writer.o)
[...]
Memory Configuration

Name             Origin             Length             Attributes
RAM              0x20000000         0x00080000         xrw
FLASH            0x00000000         0x00100000         xr
DATA_FLASH       0x08000000         0x00002000         xr
QSPI_FLASH       0x60000000         0x04000000         xr
OSPI0_CS0        0x68000000         0x08000000         xrw
OSPI0_CS1        0x70000000         0x10000000         xr
OPTION_SETTING_OFS0 0x0100a100         0x00000004         r
OPTION_SETTING_DUALSEL 0x0100a110         0x00000004         r
OPTION_SETTING_OFS1 0x0100a180         0x00000004         r
OPTION_SETTING_BANKSEL 0x0100a190         0x00000004         r
OPTION_SETTING_BPS 0x0100a1c0         0x00000010         r
OPTION_SETTING_PBPS 0x0100a1e0         0x00000010         r
OPTION_SETTING_OFS1_SEC 0x0100a200         0x00000004         r
OPTION_SETTING_BANKSEL_SEC 0x0100a210         0x00000004         r
OPTION_SETTING_BPS_SEC 0x0100a240         0x00000010         r
OPTION_SETTING_PBPS_SEC 0x0100a260         0x00000010         r
OPTION_SETTING_OFS1_SEL 0x0100a280         0x00000004         r
OPTION_SETTING_BANKSEL_SEL 0x0100a290         0x00000004         r
OPTION_SETTING_BPS_SEL 0x0100a2c0         0x00000010         r
*default*        0x00000000         0xffffffff

Linker script and memory map

LOAD /usr/lib/gcc/arm-none-eabi/14.2.0/thumb/v8-m.main+fp/hard/crti.o
LOAD /usr/lib/gcc/arm-none-eabi/14.2.0/thumb/v8-m.main+fp/hard/crtbegin.o
LOAD /usr/lib/gcc/arm-none-eabi/14.2.0/../../../../arm-none-eabi/lib/thumb/v8-m.main+fp/hard/crt0.o
LOAD CMakeFiles/RA6M5-Projct.elf.dir/ra/fsp/src/bsp/cmsis/Device/RENESAS/Source/startup.c.obj
LOAD CMakeFiles/RA6M5-Projct.elf.dir/ra/fsp/src/bsp/cmsis/Device/RENESAS/Source/system.c.obj
LOAD CMakeFiles/RA6M5-Projct.elf.dir/ra/fsp/src/bsp/mcu/all/bsp_clocks.c.obj
LOAD CMakeFiles/RA6M5-Projct.elf.dir/ra/fsp/src/bsp/mcu/all/bsp_common.c.obj
LOAD CMakeFiles/RA6M5-Projct.elf.dir/ra/fsp/src/bsp/mcu/all/bsp_delay.c.obj
LOAD CMakeFiles/RA6M5-Projct.elf.dir/ra/fsp/src/bsp/mcu/all/bsp_group_irq.c.obj
LOAD CMakeFiles/RA6M5-Projct.elf.dir/ra/fsp/src/bsp/mcu/all/bsp_guard.c.obj
LOAD CMakeFiles/RA6M5-Projct.elf.dir/ra/fsp/src/bsp/mcu/all/bsp_io.c.obj
LOAD CMakeFiles/RA6M5-Projct.elf.dir/ra/fsp/src/bsp/mcu/all/bsp_ipc.c.obj
LOAD CMakeFiles/RA6M5-Projct.elf.dir/ra/fsp/src/bsp/mcu/all/bsp_irq.c.obj
LOAD CMakeFiles/RA6M5-Projct.elf.dir/ra/fsp/src/bsp/mcu/all/bsp_macl.c.obj
LOAD CMakeFiles/RA6M5-Projct.elf.dir/ra/fsp/src/bsp/mcu/all/bsp_ospi_b.c.obj
LOAD CMakeFiles/RA6M5-Projct.elf.dir/ra/fsp/src/bsp/mcu/all/bsp_register_protection.c.obj
LOAD CMakeFiles/RA6M5-Projct.elf.dir/ra/fsp/src/bsp/mcu/all/bsp_sbrk.c.obj
LOAD CMakeFiles/RA6M5-Projct.elf.dir/ra/fsp/src/bsp/mcu/all/bsp_sdram.c.obj
LOAD CMakeFiles/RA6M5-Projct.elf.dir/ra/fsp/src/bsp/mcu/all/bsp_security.c.obj
LOAD CMakeFiles/RA6M5-Projct.elf.dir/ra/fsp/src/bsp/mcu/ra6m5/bsp_linker.c.obj
LOAD CMakeFiles/RA6M5-Projct.elf.dir/ra/fsp/src/r_adc/r_adc.c.obj
LOAD CMakeFiles/RA6M5-Projct.elf.dir/ra/fsp/src/r_dtc/r_dtc.c.obj
LOAD CMakeFiles/RA6M5-Projct.elf.dir/ra/fsp/src/r_icu/r_icu.c.obj
LOAD CMakeFiles/RA6M5-Projct.elf.dir/ra/fsp/src/r_ioport/r_ioport.c.obj
LOAD CMakeFiles/RA6M5-Projct.elf.dir/ra/fsp/src/r_sci_i2c/r_sci_i2c.c.obj
LOAD CMakeFiles/RA6M5-Projct.elf.dir/ra/fsp/src/r_sci_spi/r_sci_spi.c.obj
LOAD CMakeFiles/RA6M5-Projct.elf.dir/ra/fsp/src/r_sci_uart/r_sci_uart.c.obj
LOAD CMakeFiles/RA6M5-Projct.elf.dir/ra/fsp/src/r_spi/r_spi.c.obj
LOAD CMakeFiles/RA6M5-Projct.elf.dir/ra_gen/common_data.c.obj
LOAD CMakeFiles/RA6M5-Projct.elf.dir/ra_gen/hal_data.c.obj
LOAD CMakeFiles/RA6M5-Projct.elf.dir/ra_gen/main.c.obj
LOAD CMakeFiles/RA6M5-Projct.elf.dir/ra_gen/pin_data.c.obj
LOAD CMakeFiles/RA6M5-Projct.elf.dir/ra_gen/vector_data.c.obj
LOAD CMakeFiles/RA6M5-Projct.elf.dir/src/circle_buf.c.obj
LOAD CMakeFiles/RA6M5-Projct.elf.dir/src/drv_dispenser.c.obj
LOAD CMakeFiles/RA6M5-Projct.elf.dir/src/drv_eeprom.c.obj
LOAD CMakeFiles/RA6M5-Projct.elf.dir/src/drv_gpio.c.obj
LOAD CMakeFiles/RA6M5-Projct.elf.dir/src/drv_oled.c.obj
LOAD CMakeFiles/RA6M5-Projct.elf.dir/src/drv_sci_spi.c.obj
LOAD CMakeFiles/RA6M5-Projct.elf.dir/src/drv_uart.c.obj
LOAD CMakeFiles/RA6M5-Projct.elf.dir/src/drv_vl53l0x.c.obj
LOAD CMakeFiles/RA6M5-Projct.elf.dir/src/drv_w800.c.obj
LOAD CMakeFiles/RA6M5-Projct.elf.dir/src/hal_entry.c.obj
LOAD CMakeFiles/RA6M5-Projct.elf.dir/src/hal_systick.c.obj
LOAD CMakeFiles/RA6M5-Projct.elf.dir/src/hal_warmstart.c.obj
START GROUP
LOAD /usr/lib/gcc/arm-none-eabi/14.2.0/thumb/v8-m.main+fp/hard/libgcc.a
LOAD /usr/lib/gcc/arm-none-eabi/14.2.0/../../../../arm-none-eabi/lib/thumb/v8-m.main+fp/hard/libg_nano.a
LOAD /usr/lib/gcc/arm-none-eabi/14.2.0/../../../../arm-none-eabi/lib/thumb/v8-m.main+fp/hard/libc_nano.a
END GROUP
START GROUP
LOAD /usr/lib/gcc/arm-none-eabi/14.2.0/thumb/v8-m.main+fp/hard/libgcc.a
LOAD /usr/lib/gcc/arm-none-eabi/14.2.0/../../../../arm-none-eabi/lib/thumb/v8-m.main+fp/hard/libc_nano.a
END GROUP
LOAD /usr/lib/gcc/arm-none-eabi/14.2.0/thumb/v8-m.main+fp/hard/crtend.o
LOAD /usr/lib/gcc/arm-none-eabi/14.2.0/thumb/v8-m.main+fp/hard/crtn.o
                0x20000000                        RAM_START = 0x20000000
                0x00080000                        RAM_LENGTH = 0x80000
                0x00000000                        FLASH_START = 0x0
                0x00100000                        FLASH_LENGTH = 0x100000
                0x08000000                        DATA_FLASH_START = 0x8000000
                0x00002000                        DATA_FLASH_LENGTH = 0x2000
                0x60000000                        QSPI_FLASH_START = 0x60000000
                0x04000000                        QSPI_FLASH_LENGTH = 0x4000000
                0x68000000                        OSPI0_CS0_START = 0x68000000
                0x08000000                        OSPI0_CS0_LENGTH = 0x8000000
                0x70000000                        OSPI0_CS1_START = 0x70000000
                0x10000000                        OSPI0_CS1_LENGTH = 0x10000000
                0x0100a100                        OPTION_SETTING_OFS0_START = 0x100a100
                0x00000004                        OPTION_SETTING_OFS0_LENGTH = 0x4
                0x0100a110                        OPTION_SETTING_DUALSEL_START = 0x100a110
                0x00000004                        OPTION_SETTING_DUALSEL_LENGTH = 0x4
                0x0100a180                        OPTION_SETTING_OFS1_START = 0x100a180
                0x00000004                        OPTION_SETTING_OFS1_LENGTH = 0x4
                0x0100a190                        OPTION_SETTING_BANKSEL_START = 0x100a190
                0x00000004                        OPTION_SETTING_BANKSEL_LENGTH = 0x4
                0x0100a1c0                        OPTION_SETTING_BPS_START = 0x100a1c0
                0x00000010                        OPTION_SETTING_BPS_LENGTH = 0x10
                0x0100a1e0                        OPTION_SETTING_PBPS_START = 0x100a1e0
                0x00000010                        OPTION_SETTING_PBPS_LENGTH = 0x10
                0x0100a200                        OPTION_SETTING_OFS1_SEC_START = 0x100a200
                0x00000004                        OPTION_SETTING_OFS1_SEC_LENGTH = 0x4
                0x0100a210                        OPTION_SETTING_BANKSEL_SEC_START = 0x100a210
                0x00000004                        OPTION_SETTING_BANKSEL_SEC_LENGTH = 0x4
                0x0100a240                        OPTION_SETTING_BPS_SEC_START = 0x100a240
                0x00000010                        OPTION_SETTING_BPS_SEC_LENGTH = 0x10
                0x0100a260                        OPTION_SETTING_PBPS_SEC_START = 0x100a260
                0x00000010                        OPTION_SETTING_PBPS_SEC_LENGTH = 0x10
                0x0100a280                        OPTION_SETTING_OFS1_SEL_START = 0x100a280
                0x00000004                        OPTION_SETTING_OFS1_SEL_LENGTH = 0x4
                0x0100a290                        OPTION_SETTING_BANKSEL_SEL_START = 0x100a290
                0x00000004                        OPTION_SETTING_BANKSEL_SEL_LENGTH = 0x4
                0x0100a2c0                        OPTION_SETTING_BPS_SEL_START = 0x100a2c0
                0x00000010                        OPTION_SETTING_BPS_SEL_LENGTH = 0x10
START GROUP
LOAD /usr/lib/gcc/arm-none-eabi/14.2.0/thumb/v8-m.main+fp/hard/libgcc.a
LOAD /usr/lib/gcc/arm-none-eabi/14.2.0/../../../../arm-none-eabi/lib/thumb/v8-m.main+fp/hard/libc.a
LOAD /usr/lib/gcc/arm-none-eabi/14.2.0/../../../../arm-none-eabi/lib/thumb/v8-m.main+fp/hard/libm.a
END GROUP

.qspi_flash.startof
                0x60000000        0x0
                0x60000000                        __ddsc_QSPI_FLASH_START = .

.ospi0_cs0.startof
                0x68000000        0x0
                0x68000000                        __ddsc_OSPI0_CS0_START = .

__ospi0_cs0_from_qspi_flash$$
                0x68000000        0x0 load address 0x60000000
                0x68000000                        __ospi0_cs0_from_qspi_flash$$Base = .
                0x60000000                        __ospi0_cs0_from_qspi_flash$$Load = LOADADDR (__ospi0_cs0_from_qspi_flash$$)
 *(.ospi0_cs0_from_qspi_flash)
 *(.ospi0_cs0_code_from_qspi_flash)
                0x68000000                        __ospi0_cs0_from_qspi_flash$$Limit = .

.ram.startof    0x20000000        0x0
                0x20000000                        __ddsc_RAM_START = .

__ram_dtc_vector$$
                0x20000000       0x54
                0x20000000                        __ram_dtc_vector$$Base = .
 *(.fsp_dtc_vector_table)
 .fsp_dtc_vector_table
                0x20000000       0x54 CMakeFiles/RA6M5-Projct.elf.dir/ra/fsp/src/r_dtc/r_dtc.c.obj
                0x20000054                        __ram_dtc_vector$$Limit = .

__ram_from_qspi_flash$$
                0x20000054        0x0 load address 0x60000000
                0x20000054                        __ram_from_qspi_flash$$Base = .
                0x60000000                        __ram_from_qspi_flash$$Load = LOADADDR (__ram_from_qspi_flash$$)
 *(.ram_from_qspi_flash)
 *(.ram_code_from_qspi_flash)
                0x20000054                        __ram_from_qspi_flash$$Limit = .

__qspi_flash_readonly$$
                0x60000000        0x0
                0x60000000                        __qspi_flash_readonly$$Base = .
 *(.qspi_flash)
 *(.qspi_flash_code)
                0x60000000                        __qspi_flash_readonly$$Limit = .

__qspi_flash_noinit$$
                0x60000000        0x0
                0x60000000                        __qspi_flash_noinit$$Base = .
 *(.qspi_flash_noinit)
                0x60000000                        __qspi_flash_noinit$$Limit = .

.qspi_flash.endof
                0x60000000        0x0
                0x60000000                        __ddsc_QSPI_FLASH_END = .

.ospi0_cs1.startof
                0x70000000        0x0
                0x70000000                        __ddsc_OSPI0_CS1_START = .

__ospi0_cs0_from_ospi0_cs1$$
                0x68000000        0x0 load address 0x70000000
                0x68000000                        __ospi0_cs0_from_ospi0_cs1$$Base = .
                0x70000000                        __ospi0_cs0_from_ospi0_cs1$$Load = LOADADDR (__ospi0_cs0_from_ospi0_cs1$$)
 *(.ospi0_cs0_from_ospi0_cs1)
 *(.ospi0_cs0_code_from_ospi0_cs1)
                0x68000000                        __ospi0_cs0_from_ospi0_cs1$$Limit = .

__ram_from_ospi0_cs1$$
                0x20000054        0x0 load address 0x70000000
                0x20000054                        __ram_from_ospi0_cs1$$Base = .
                0x70000000                        __ram_from_ospi0_cs1$$Load = LOADADDR (__ram_from_ospi0_cs1$$)
 *(.ram_from_ospi0_cs1)
 *(.ram_code_from_ospi0_cs1)
                0x20000054                        __ram_from_ospi0_cs1$$Limit = .

__ospi0_cs1_readonly$$
                0x70000000        0x0
                0x70000000                        __ospi0_cs1_readonly$$Base = .
 *(.ospi0_cs1)
 *(.ospi0_cs1_code)
                0x70000000                        __ospi0_cs1_readonly$$Limit = .

__ospi0_cs1_noinit$$
                0x70000000        0x0
                0x70000000                        __ospi0_cs1_noinit$$Base = .
 *(.ospi0_cs1_noinit)
                0x70000000                        __ospi0_cs1_noinit$$Limit = .

.ospi0_cs1.endof
                0x70000000        0x0
                0x70000000                        __ddsc_OSPI0_CS1_END = .

.data_flash.startof
                0x08000000        0x0
                0x08000000                        __ddsc_DATA_FLASH_START = .

__ospi0_cs0_from_data_flash$$
                0x68000000        0x0 load address 0x08000000
                0x68000000                        __ospi0_cs0_from_data_flash$$Base = .
                0x08000000                        __ospi0_cs0_from_data_flash$$Load = LOADADDR (__ospi0_cs0_from_data_flash$$)
 *(.ospi0_cs0_from_data_flash)
 *(.ospi0_cs0_code_from_data_flash)
                0x68000000                        __ospi0_cs0_from_data_flash$$Limit = .

__ram_from_data_flash$$
                0x20000054        0x0 load address 0x08000000
                0x20000054                        __ram_from_data_flash$$Base = .
                0x08000000                        __ram_from_data_flash$$Load = LOADADDR (__ram_from_data_flash$$)
 *(.ram_from_data_flash)
 *(.ram_code_from_data_flash)
                0x20000054                        __ram_from_data_flash$$Limit = .

__data_flash_readonly$$
                0x08000000        0x0
                0x08000000                        __data_flash_readonly$$Base = .
 *(.data_flash)
 *(.data_flash_code)
                0x08000000                        __data_flash_readonly$$Limit = .

__data_flash_noinit$$
                0x08000000        0x0
                0x08000000                        __data_flash_noinit$$Base = .
 *(.data_flash_noinit)
                0x08000000                        __data_flash_noinit$$Limit = .

.data_flash.endof
                0x08000000        0x0
                0x08000000                        __ddsc_DATA_FLASH_END = .

.flash.startof  0x00000000        0x0
                0x00000000                        __ddsc_FLASH_START = .

__flash_vectors$$
                0x00000000       0x94
                0x00000000                        __flash_vectors$$Base = .
                0x00000000                        _VECTORS = .
 *(.fixed_vectors)
 .fixed_vectors
                0x00000000       0x40 CMakeFiles/RA6M5-Projct.elf.dir/ra/fsp/src/bsp/cmsis/Device/RENESAS/Source/startup.c.obj
                0x00000000                __Vectors
 *(.application_vectors)
 .application_vectors
                0x00000040       0x54 CMakeFiles/RA6M5-Projct.elf.dir/ra_gen/vector_data.c.obj
                0x00000040                g_vector_table
                0x00000094                        __flash_vectors$$Limit = .

__flash_noinit$$
                0x00000094        0x0
                0x00000094                        __flash_noinit$$Base = .
 *(.flash_noinit)
                0x00000094                        __flash_noinit$$Limit = .

__ospi0_cs0_from_flash$$
                0x68000000        0x0 load address 0x00000094
                0x68000000                        __ospi0_cs0_from_flash$$Base = .
                0x00000094                        __ospi0_cs0_from_flash$$Load = LOADADDR (__ospi0_cs0_from_flash$$)
 *(.ospi0_cs0_from_flash)
 *(.ospi0_cs0_code_from_flash)
                0x68000000                        __ospi0_cs0_from_flash$$Limit = .

__ospi0_cs0_noinit_nocache$$
                0x68000000        0x0 load address 0x000000a0
                0x68000000                        __ospi0_cs0_noinit_nocache$$Base = .
 *(.ospi0_cs0_noinit_nocache)
                0x68000000                        __ospi0_cs0_noinit_nocache$$Limit = .

__ospi0_cs0_zero_nocache$$
                0x68000000        0x0 load address 0x00000094
                0x68000000                        __ospi0_cs0_zero_nocache$$Base = .
 *(.ospi0_cs0_nocache)
                0x68000000                        . = ALIGN (0x20)
                0x68000000                        __ospi0_cs0_zero_nocache$$Limit = .

__ospi0_cs0_noinit$$
                0x68000000        0x0 load address 0x00000094
                0x68000000                        __ospi0_cs0_noinit$$Base = .
 *(.ospi0_cs0_noinit)
                0x68000000                        __ospi0_cs0_noinit$$Limit = .

__ospi0_cs0_zero$$
                0x68000000        0x0 load address 0x00000094
                0x68000000                        __ospi0_cs0_zero$$Base = .
 *(.ospi0_cs0)
                0x68000000                        __ospi0_cs0_zero$$Limit = .

.ospi0_cs0.endof
                0x68000000        0x0
                0x68000000                        __ddsc_OSPI0_CS0_END = .

__ram_from_flash$$
                0x20000054       0xa4 load address 0x00000094
                0x20000054                        __ram_from_flash$$Base = .
                0x00000094                        __ram_from_flash$$Load = LOADADDR (__ram_from_flash$$)
 *(.ram_from_flash)
 *(.ram_code_from_flash)
 *(.data*)
 .data.g_uart2_baud_setting
                0x20000054        0x4 CMakeFiles/RA6M5-Projct.elf.dir/ra_gen/hal_data.c.obj
                0x20000054                g_uart2_baud_setting
 .data.g_transfer2_info
                0x20000058       0x10 CMakeFiles/RA6M5-Projct.elf.dir/ra_gen/hal_data.c.obj
                0x20000058                g_transfer2_info
 .data.g_uart6_baud_setting
                0x20000068        0x4 CMakeFiles/RA6M5-Projct.elf.dir/ra_gen/hal_data.c.obj
                0x20000068                g_uart6_baud_setting
 .data.g_dispenser_state
                0x2000006c       0x1c CMakeFiles/RA6M5-Projct.elf.dir/src/drv_dispenser.c.obj
 .data.gLedLevel
                0x20000088        0x1 CMakeFiles/RA6M5-Projct.elf.dir/src/drv_gpio.c.obj
 *fill*         0x20000089        0x3 
 .data.gLedDev  0x2000008c       0x10 CMakeFiles/RA6M5-Projct.elf.dir/src/drv_gpio.c.obj
 .data.__sglue  0x2000009c        0xc /usr/lib/gcc/arm-none-eabi/14.2.0/../../../../arm-none-eabi/lib/thumb/v8-m.main+fp/hard/libg_nano.a(libc_a-findfp.o)
                0x2000009c                __sglue
 .data._impure_ptr
                0x200000a8        0x4 /usr/lib/gcc/arm-none-eabi/14.2.0/../../../../arm-none-eabi/lib/thumb/v8-m.main+fp/hard/libg_nano.a(libc_a-impure.o)
                0x200000a8                _impure_ptr
 .data._impure_data
                0x200000ac       0x4c /usr/lib/gcc/arm-none-eabi/14.2.0/../../../../arm-none-eabi/lib/thumb/v8-m.main+fp/hard/libg_nano.a(libc_a-impure.o)
                0x200000ac                _impure_data
 *(vtable)
                0x200000f8                        __ram_from_flash$$Limit = .

__ram_noinit_nocache$$
                0x20000100        0x0 load address 0x00000140
                0x20000100                        __ram_noinit_nocache$$Base = .
 *(.ram_noinit_nocache)
                0x20000100                        __ram_noinit_nocache$$Limit = .

__ram_zero_nocache$$
                0x200000f8        0x8 load address 0x00000138
                0x200000f8                        __ram_zero_nocache$$Base = .
 *(.ram_nocache)
                0x20000100                        . = ALIGN (0x20)
 *fill*         0x200000f8        0x8 
                0x20000100                        __ram_zero_nocache$$Limit = .

__ram_noinit$$  0x20000100      0x41c load address 0x00000138
                0x20000100                        __ram_noinit$$Base = .
 *(.bss.g_heap)
 *(.bss.g_main_stack)
 .bss.g_main_stack
                0x20000100      0x400 CMakeFiles/RA6M5-Projct.elf.dir/ra/fsp/src/bsp/cmsis/Device/RENESAS/Source/startup.c.obj
                0x20000100                g_main_stack
 *(.ram_noinit)
 .ram_noinit    0x20000500       0x1c CMakeFiles/RA6M5-Projct.elf.dir/ra/fsp/src/bsp/mcu/all/bsp_clocks.c.obj
 *(.noinit)
                0x2000051c                        __ram_noinit$$Limit = .

__ram_zero$$    0x20000520      0x324 load address 0x00000138
                0x20000520                        __ram_zero$$Base = .
 *(.ram)
 *(.bss*)
 .bss.completed.1
                0x20000520        0x1 /usr/lib/gcc/arm-none-eabi/14.2.0/thumb/v8-m.main+fp/hard/crtbegin.o
 *fill*         0x20000521        0x3 
 .bss.object.0  0x20000524       0x18 /usr/lib/gcc/arm-none-eabi/14.2.0/thumb/v8-m.main+fp/hard/crtbegin.o
 .bss.SystemCoreClock
                0x2000053c        0x4 CMakeFiles/RA6M5-Projct.elf.dir/ra/fsp/src/bsp/cmsis/Device/RENESAS/Source/system.c.obj
                0x2000053c                SystemCoreClock
 .bss.g_bsp_group_irq_sources
                0x20000540       0x40 CMakeFiles/RA6M5-Projct.elf.dir/ra/fsp/src/bsp/mcu/all/bsp_group_irq.c.obj
                0x20000540                g_bsp_group_irq_sources
 .bss.g_protect_pfswe_counter
                0x20000580        0x4 CMakeFiles/RA6M5-Projct.elf.dir/ra/fsp/src/bsp/mcu/all/bsp_io.c.obj
                0x20000580                g_protect_pfswe_counter
 .bss.gp_renesas_isr_context
                0x20000584       0x54 CMakeFiles/RA6M5-Projct.elf.dir/ra/fsp/src/bsp/mcu/all/bsp_irq.c.obj
                0x20000584                gp_renesas_isr_context
 .bss.g_protect_counters
                0x200005d8        0xa CMakeFiles/RA6M5-Projct.elf.dir/ra/fsp/src/bsp/mcu/all/bsp_register_protection.c.obj
                0x200005d8                g_protect_counters
 .bss.g_dtc_state_initialized.0
                0x200005e2        0x1 CMakeFiles/RA6M5-Projct.elf.dir/ra/fsp/src/r_dtc/r_dtc.c.obj
 *fill*         0x200005e3        0x1 
 .bss.g_ioport_ctrl
                0x200005e4        0x8 CMakeFiles/RA6M5-Projct.elf.dir/ra_gen/common_data.c.obj
                0x200005e4                g_ioport_ctrl
 .bss.g_external_irq6_ctrl
                0x200005ec       0x10 CMakeFiles/RA6M5-Projct.elf.dir/ra_gen/common_data.c.obj
                0x200005ec                g_external_irq6_ctrl
 .bss.g_uart2_ctrl
                0x200005fc       0x30 CMakeFiles/RA6M5-Projct.elf.dir/ra_gen/hal_data.c.obj
                0x200005fc                g_uart2_ctrl
 .bss.g_transfer2_ctrl
                0x2000062c        0x8 CMakeFiles/RA6M5-Projct.elf.dir/ra_gen/hal_data.c.obj
                0x2000062c                g_transfer2_ctrl
 .bss.g_uart6_ctrl
                0x20000634       0x30 CMakeFiles/RA6M5-Projct.elf.dir/ra_gen/hal_data.c.obj
                0x20000634                g_uart6_ctrl
 .bss.g_adc1_ctrl
                0x20000664       0x24 CMakeFiles/RA6M5-Projct.elf.dir/ra_gen/hal_data.c.obj
                0x20000664                g_adc1_ctrl
 .bss.g_rx_buf  0x20000688       0x18 CMakeFiles/RA6M5-Projct.elf.dir/src/circle_buf.c.obj
                0x20000688                g_rx_buf
 .bss.rx_buf    0x200006a0       0x40 CMakeFiles/RA6M5-Projct.elf.dir/src/circle_buf.c.obj
 .bss.uwPressTick
                0x200006e0        0x4 CMakeFiles/RA6M5-Projct.elf.dir/src/drv_gpio.c.obj
 .bss.g_uart6_tx_complete
                0x200006e4        0x1 CMakeFiles/RA6M5-Projct.elf.dir/src/drv_uart.c.obj
 .bss.g_uart2_tx_complete
                0x200006e5        0x1 CMakeFiles/RA6M5-Projct.elf.dir/src/drv_uart.c.obj
 *fill*         0x200006e6        0x2 
 .bss.g_dispenser_runtime
                0x200006e8        0x4 CMakeFiles/RA6M5-Projct.elf.dir/src/hal_systick.c.obj
 .bss.last_runtime_tick
                0x200006ec        0x4 CMakeFiles/RA6M5-Projct.elf.dir/src/hal_systick.c.obj
 .bss.last_heartbeat_tick
                0x200006f0        0x4 CMakeFiles/RA6M5-Projct.elf.dir/src/hal_systick.c.obj
 .bss.dwTick    0x200006f4        0x4 CMakeFiles/RA6M5-Projct.elf.dir/src/hal_systick.c.obj
 .bss.__sf      0x200006f8      0x138 /usr/lib/gcc/arm-none-eabi/14.2.0/../../../../arm-none-eabi/lib/thumb/v8-m.main+fp/hard/libg_nano.a(libc_a-findfp.o)
                0x200006f8                __sf
 .bss.__stdio_exit_handler
                0x20000830        0x4 /usr/lib/gcc/arm-none-eabi/14.2.0/../../../../arm-none-eabi/lib/thumb/v8-m.main+fp/hard/libg_nano.a(libc_a-findfp.o)
                0x20000830                __stdio_exit_handler
 .bss.errno     0x20000834        0x4 /usr/lib/gcc/arm-none-eabi/14.2.0/../../../../arm-none-eabi/lib/thumb/v8-m.main+fp/hard/libg_nano.a(libc_a-reent.o)
                0x20000834                errno
 .bss.__lock___malloc_recursive_mutex
                0x20000838        0x1 /usr/lib/gcc/arm-none-eabi/14.2.0/../../../../arm-none-eabi/lib/thumb/v8-m.main+fp/hard/libg_nano.a(libc_a-lock.o)
                0x20000838                __lock___malloc_recursive_mutex
 .bss.__lock___sfp_recursive_mutex
                0x20000839        0x1 /usr/lib/gcc/arm-none-eabi/14.2.0/../../../../arm-none-eabi/lib/thumb/v8-m.main+fp/hard/libg_nano.a(libc_a-lock.o)
                0x20000839                __lock___sfp_recursive_mutex
 *fill*         0x2000083a        0x2 
 .bss.__malloc_sbrk_start
                0x2000083c        0x4 /usr/lib/gcc/arm-none-eabi/14.2.0/../../../../arm-none-eabi/lib/thumb/v8-m.main+fp/hard/libg_nano.a(libc_a-mallocr.o)
                0x2000083c                __malloc_sbrk_start
 .bss.__malloc_free_list
                0x20000840        0x4 /usr/lib/gcc/arm-none-eabi/14.2.0/../../../../arm-none-eabi/lib/thumb/v8-m.main+fp/hard/libg_nano.a(libc_a-mallocr.o)
                0x20000840                __malloc_free_list
                0x20000844                        __ram_zero$$Limit = .

__ram_thread_stack$$
                0x20000848        0x0 load address 0x00000138
                0x20000848                        __ram_thread_stack$$Base = .
 *(.stack?*)
                0x20000848                        __ram_thread_stack$$Limit = .

.ram.endof      0x20000c00        0x0
                0x20000c00                        __ddsc_RAM_END = .

.ram.flat_nsc   0x20000c00        0x0
                0x20000c00                        __ddsc_RAM_NSC = .

__flash_readonly$$
                0x00000138     0x4358
                0x00000138                        __flash_readonly$$Base = .
 *(.flash)
 *(.flash_code)
 *(.text*)
 .text.__do_global_dtors_aux
                0x00000138       0x24 /usr/lib/gcc/arm-none-eabi/14.2.0/thumb/v8-m.main+fp/hard/crtbegin.o
 .text.frame_dummy
                0x0000015c       0x1c /usr/lib/gcc/arm-none-eabi/14.2.0/thumb/v8-m.main+fp/hard/crtbegin.o
 .text.Default_Handler
                0x00000178        0x4 CMakeFiles/RA6M5-Projct.elf.dir/ra/fsp/src/bsp/cmsis/Device/RENESAS/Source/startup.c.obj
                0x00000178                DebugMon_Handler
                0x00000178                HardFault_Handler
                0x00000178                PendSV_Handler
                0x00000178                UsageFault_Handler
                0x00000178                SecureFault_Handler
                0x00000178                Default_Handler
                0x00000178                MemManage_Handler
                0x00000178                SVC_Handler
                0x00000178                BusFault_Handler
 .text.Reset_Handler
                0x0000017c        0xc CMakeFiles/RA6M5-Projct.elf.dir/ra/fsp/src/bsp/cmsis/Device/RENESAS/Source/startup.c.obj
                0x0000017c                Reset_Handler
 .text.SystemRuntimeInit
                0x00000188       0x64 CMakeFiles/RA6M5-Projct.elf.dir/ra/fsp/src/bsp/cmsis/Device/RENESAS/Source/system.c.obj
 .text.SystemInit
                0x000001ec       0xc0 CMakeFiles/RA6M5-Projct.elf.dir/ra/fsp/src/bsp/cmsis/Device/RENESAS/Source/system.c.obj
                0x000001ec                SystemInit
 .text.SystemCoreClockUpdate
                0x000002ac       0x28 CMakeFiles/RA6M5-Projct.elf.dir/ra/fsp/src/bsp/mcu/all/bsp_clocks.c.obj
                0x000002ac                SystemCoreClockUpdate
 .text.R_BSP_SubClockStabilizeWaitAfterReset
                0x000002d4        0x4 CMakeFiles/RA6M5-Projct.elf.dir/ra/fsp/src/bsp/mcu/all/bsp_clocks.c.obj
                0x000002d4                R_BSP_SubClockStabilizeWaitAfterReset
 .text.bsp_clock_init
                0x000002d8      0x14c CMakeFiles/RA6M5-Projct.elf.dir/ra/fsp/src/bsp/mcu/all/bsp_clocks.c.obj
                0x000002d8                bsp_clock_init
 .text.R_BSP_SourceClockHzGet
                0x00000424        0xc CMakeFiles/RA6M5-Projct.elf.dir/ra/fsp/src/bsp/mcu/all/bsp_clocks.c.obj
                0x00000424                R_BSP_SourceClockHzGet
 .text.R_BSP_Init_RTC
                0x00000430       0xb0 CMakeFiles/RA6M5-Projct.elf.dir/ra/fsp/src/bsp/mcu/all/bsp_clocks.c.obj
                0x00000430                R_BSP_Init_RTC
 .text.bsp_init_internal
                0x000004e0        0x4 CMakeFiles/RA6M5-Projct.elf.dir/ra/fsp/src/bsp/mcu/all/bsp_common.c.obj
                0x000004e0                bsp_init
                0x000004e0                bsp_init_internal
 .text.bsp_prv_software_delay_loop
                0x000004e4        0xc CMakeFiles/RA6M5-Projct.elf.dir/ra/fsp/src/bsp/mcu/all/bsp_delay.c.obj
                0x000004e4                bsp_prv_software_delay_loop
 .text.R_BSP_SoftwareDelay
                0x000004f0       0x8c CMakeFiles/RA6M5-Projct.elf.dir/ra/fsp/src/bsp/mcu/all/bsp_delay.c.obj
                0x000004f0                R_BSP_SoftwareDelay
 .text.NMI_Handler
                0x0000057c       0x3c CMakeFiles/RA6M5-Projct.elf.dir/ra/fsp/src/bsp/mcu/all/bsp_group_irq.c.obj
                0x0000057c                NMI_Handler
 .text.bsp_irq_cfg
                0x000005b8       0x98 CMakeFiles/RA6M5-Projct.elf.dir/ra/fsp/src/bsp/mcu/all/bsp_irq.c.obj
                0x000005b8                bsp_irq_cfg
 .text.R_BSP_RegisterProtectEnable
                0x00000650       0x60 CMakeFiles/RA6M5-Projct.elf.dir/ra/fsp/src/bsp/mcu/all/bsp_register_protection.c.obj
                0x00000650                R_BSP_RegisterProtectEnable
 .text.R_BSP_RegisterProtectDisable
                0x000006b0       0x54 CMakeFiles/RA6M5-Projct.elf.dir/ra/fsp/src/bsp/mcu/all/bsp_register_protection.c.obj
                0x000006b0                R_BSP_RegisterProtectDisable
 .text._sbrk    0x00000704       0x14 CMakeFiles/RA6M5-Projct.elf.dir/ra/fsp/src/bsp/mcu/all/bsp_sbrk.c.obj
                0x00000704                _sbrk
 .text.R_ADC_CallbackSet
                0x00000718       0x10 CMakeFiles/RA6M5-Projct.elf.dir/ra/fsp/src/r_adc/r_adc.c.obj
                0x00000718                R_ADC_CallbackSet
 .text.R_ADC_ScanStart
                0x00000728        0xc CMakeFiles/RA6M5-Projct.elf.dir/ra/fsp/src/r_adc/r_adc.c.obj
                0x00000728                R_ADC_ScanStart
 .text.R_ADC_ScanGroupStart
                0x00000734        0x4 CMakeFiles/RA6M5-Projct.elf.dir/ra/fsp/src/r_adc/r_adc.c.obj
                0x00000734                R_ADC_ScanGroupStart
 .text.R_ADC_ScanStop
                0x00000738        0xc CMakeFiles/RA6M5-Projct.elf.dir/ra/fsp/src/r_adc/r_adc.c.obj
                0x00000738                R_ADC_ScanStop
 .text.R_ADC_StatusGet
                0x00000744       0x10 CMakeFiles/RA6M5-Projct.elf.dir/ra/fsp/src/r_adc/r_adc.c.obj
                0x00000744                R_ADC_StatusGet
 .text.R_ADC_Read
                0x00000754       0x10 CMakeFiles/RA6M5-Projct.elf.dir/ra/fsp/src/r_adc/r_adc.c.obj
                0x00000754                R_ADC_Read
 .text.R_ADC_Read32
                0x00000764       0x1c CMakeFiles/RA6M5-Projct.elf.dir/ra/fsp/src/r_adc/r_adc.c.obj
                0x00000764                R_ADC_Read32
 .text.R_ADC_Calibrate
                0x00000780        0x4 CMakeFiles/RA6M5-Projct.elf.dir/ra/fsp/src/r_adc/r_adc.c.obj
                0x00000780                R_ADC_Calibrate
 .text.R_ADC_OffsetSet
                0x00000784        0x4 CMakeFiles/RA6M5-Projct.elf.dir/ra/fsp/src/r_adc/r_adc.c.obj
                0x00000784                R_ADC_OffsetSet
 .text.R_ADC_ScanCfg
                0x00000788      0x1c8 CMakeFiles/RA6M5-Projct.elf.dir/ra/fsp/src/r_adc/r_adc.c.obj
                0x00000788                R_ADC_ScanCfg
 .text.R_ADC_InfoGet
                0x00000950       0x70 CMakeFiles/RA6M5-Projct.elf.dir/ra/fsp/src/r_adc/r_adc.c.obj
                0x00000950                R_ADC_InfoGet
 .text.r_adc_irq_enable.part.0
                0x000009c0       0x5c CMakeFiles/RA6M5-Projct.elf.dir/ra/fsp/src/r_adc/r_adc.c.obj
 .text.R_ADC_Open
                0x00000a1c      0x124 CMakeFiles/RA6M5-Projct.elf.dir/ra/fsp/src/r_adc/r_adc.c.obj
                0x00000a1c                R_ADC_Open
 .text.R_ADC_Close
                0x00000b40       0xf4 CMakeFiles/RA6M5-Projct.elf.dir/ra/fsp/src/r_adc/r_adc.c.obj
                0x00000b40                R_ADC_Close
 .text.R_DTC_Reset
                0x00000c34       0x84 CMakeFiles/RA6M5-Projct.elf.dir/ra/fsp/src/r_dtc/r_dtc.c.obj
                0x00000c34                R_DTC_Reset
 .text.R_DTC_SoftwareStart
                0x00000cb8        0x4 CMakeFiles/RA6M5-Projct.elf.dir/ra/fsp/src/r_dtc/r_dtc.c.obj
                0x00000cb8                R_DTC_SoftwareStart
 .text.R_DTC_SoftwareStop
                0x00000cbc        0x4 CMakeFiles/RA6M5-Projct.elf.dir/ra/fsp/src/r_dtc/r_dtc.c.obj
                0x00000cbc                R_DTC_SoftwareStop
 .text.R_DTC_Enable
                0x00000cc0       0x20 CMakeFiles/RA6M5-Projct.elf.dir/ra/fsp/src/r_dtc/r_dtc.c.obj
                0x00000cc0                R_DTC_Enable
 .text.R_DTC_Disable
                0x00000ce0       0x20 CMakeFiles/RA6M5-Projct.elf.dir/ra/fsp/src/r_dtc/r_dtc.c.obj
                0x00000ce0                R_DTC_Disable
 .text.R_DTC_InfoGet
                0x00000d00       0x5c CMakeFiles/RA6M5-Projct.elf.dir/ra/fsp/src/r_dtc/r_dtc.c.obj
                0x00000d00                R_DTC_InfoGet
 .text.R_DTC_Reload
                0x00000d5c        0x4 CMakeFiles/RA6M5-Projct.elf.dir/ra/fsp/src/r_dtc/r_dtc.c.obj
                0x00000d5c                R_DTC_Reload
 .text.R_DTC_CallbackSet
                0x00000d60        0x4 CMakeFiles/RA6M5-Projct.elf.dir/ra/fsp/src/r_dtc/r_dtc.c.obj
                0x00000d60                R_DTC_CallbackSet
 .text.R_DTC_Close
                0x00000d64       0x30 CMakeFiles/RA6M5-Projct.elf.dir/ra/fsp/src/r_dtc/r_dtc.c.obj
                0x00000d64                R_DTC_Close
 .text.R_DTC_Reconfigure
                0x00000d94       0x74 CMakeFiles/RA6M5-Projct.elf.dir/ra/fsp/src/r_dtc/r_dtc.c.obj
                0x00000d94                R_DTC_Reconfigure
 .text.R_DTC_Open
                0x00000e08       0xb0 CMakeFiles/RA6M5-Projct.elf.dir/ra/fsp/src/r_dtc/r_dtc.c.obj
                0x00000e08                R_DTC_Open
 .text.R_ICU_ExternalIrqOpen
                0x00000eb8       0x84 CMakeFiles/RA6M5-Projct.elf.dir/ra/fsp/src/r_icu/r_icu.c.obj
                0x00000eb8                R_ICU_ExternalIrqOpen
 .text.R_ICU_ExternalIrqEnable
                0x00000f3c       0x44 CMakeFiles/RA6M5-Projct.elf.dir/ra/fsp/src/r_icu/r_icu.c.obj
                0x00000f3c                R_ICU_ExternalIrqEnable
 .text.R_ICU_ExternalIrqDisable
                0x00000f80       0x30 CMakeFiles/RA6M5-Projct.elf.dir/ra/fsp/src/r_icu/r_icu.c.obj
                0x00000f80                R_ICU_ExternalIrqDisable
 .text.R_ICU_ExternalIrqCallbackSet
                0x00000fb0        0xc CMakeFiles/RA6M5-Projct.elf.dir/ra/fsp/src/r_icu/r_icu.c.obj
                0x00000fb0                R_ICU_ExternalIrqCallbackSet
 .text.R_ICU_ExternalIrqClose
                0x00000fbc       0x4c CMakeFiles/RA6M5-Projct.elf.dir/ra/fsp/src/r_icu/r_icu.c.obj
                0x00000fbc                R_ICU_ExternalIrqClose
 .text.r_icu_isr
                0x00001008       0x70 CMakeFiles/RA6M5-Projct.elf.dir/ra/fsp/src/r_icu/r_icu.c.obj
                0x00001008                r_icu_isr
 .text.R_IOPORT_Close
                0x00001078        0xc CMakeFiles/RA6M5-Projct.elf.dir/ra/fsp/src/r_ioport/r_ioport.c.obj
                0x00001078                R_IOPORT_Close
 .text.R_IOPORT_PinRead
                0x00001084       0x24 CMakeFiles/RA6M5-Projct.elf.dir/ra/fsp/src/r_ioport/r_ioport.c.obj
                0x00001084                R_IOPORT_PinRead
 .text.R_IOPORT_PortRead
                0x000010a8       0x14 CMakeFiles/RA6M5-Projct.elf.dir/ra/fsp/src/r_ioport/r_ioport.c.obj
                0x000010a8                R_IOPORT_PortRead
 .text.R_IOPORT_PortWrite
                0x000010bc       0x1c CMakeFiles/RA6M5-Projct.elf.dir/ra/fsp/src/r_ioport/r_ioport.c.obj
                0x000010bc                R_IOPORT_PortWrite
 .text.R_IOPORT_PinWrite
                0x000010d8       0x20 CMakeFiles/RA6M5-Projct.elf.dir/ra/fsp/src/r_ioport/r_ioport.c.obj
                0x000010d8                R_IOPORT_PinWrite
 .text.R_IOPORT_PortDirectionSet
                0x000010f8       0x2c CMakeFiles/RA6M5-Projct.elf.dir/ra/fsp/src/r_ioport/r_ioport.c.obj
                0x000010f8                R_IOPORT_PortDirectionSet
 .text.R_IOPORT_PortEventInputRead
                0x00001124       0x18 CMakeFiles/RA6M5-Projct.elf.dir/ra/fsp/src/r_ioport/r_ioport.c.obj
                0x00001124                R_IOPORT_PortEventInputRead
 .text.R_IOPORT_PinEventInputRead
                0x0000113c       0x34 CMakeFiles/RA6M5-Projct.elf.dir/ra/fsp/src/r_ioport/r_ioport.c.obj
                0x0000113c                R_IOPORT_PinEventInputRead
 .text.R_IOPORT_PortEventOutputWrite
                0x00001170       0x1c CMakeFiles/RA6M5-Projct.elf.dir/ra/fsp/src/r_ioport/r_ioport.c.obj
                0x00001170                R_IOPORT_PortEventOutputWrite
 .text.R_IOPORT_PinEventOutputWrite
                0x0000118c       0x34 CMakeFiles/RA6M5-Projct.elf.dir/ra/fsp/src/r_ioport/r_ioport.c.obj
                0x0000118c                R_IOPORT_PinEventOutputWrite
 .text.bsp_vbatt_init
                0x000011c0       0xe8 CMakeFiles/RA6M5-Projct.elf.dir/ra/fsp/src/r_ioport/r_ioport.c.obj
 .text.r_ioport_pins_config
                0x000012a8       0xac CMakeFiles/RA6M5-Projct.elf.dir/ra/fsp/src/r_ioport/r_ioport.c.obj
 .text.R_IOPORT_Open
                0x00001354       0x14 CMakeFiles/RA6M5-Projct.elf.dir/ra/fsp/src/r_ioport/r_ioport.c.obj
                0x00001354                R_IOPORT_Open
 .text.R_IOPORT_PinsCfg
                0x00001368        0xc CMakeFiles/RA6M5-Projct.elf.dir/ra/fsp/src/r_ioport/r_ioport.c.obj
                0x00001368                R_IOPORT_PinsCfg
 .text.R_IOPORT_PinCfg
                0x00001374       0xa8 CMakeFiles/RA6M5-Projct.elf.dir/ra/fsp/src/r_ioport/r_ioport.c.obj
                0x00001374                R_IOPORT_PinCfg
 .text.sci_i2c_enable_transfer_support_tx
                0x0000141c       0x34 CMakeFiles/RA6M5-Projct.elf.dir/ra/fsp/src/r_sci_i2c/r_sci_i2c.c.obj
 .text.sci_i2c_notify
                0x00001450       0x64 CMakeFiles/RA6M5-Projct.elf.dir/ra/fsp/src/r_sci_i2c/r_sci_i2c.c.obj
                0x00001450                sci_i2c_notify
 .text.sci_i2c_txi_isr
                0x000014b4      0x1a8 CMakeFiles/RA6M5-Projct.elf.dir/ra/fsp/src/r_sci_i2c/r_sci_i2c.c.obj
                0x000014b4                sci_i2c_txi_isr
 .text.sci_i2c_tei_isr
                0x0000165c       0xec CMakeFiles/RA6M5-Projct.elf.dir/ra/fsp/src/r_sci_i2c/r_sci_i2c.c.obj
                0x0000165c                sci_i2c_tei_isr
 .text.r_sci_spi_call_callback
                0x00001748       0x40 CMakeFiles/RA6M5-Projct.elf.dir/ra/fsp/src/r_sci_spi/r_sci_spi.c.obj
 .text.sci_spi_txi_isr
                0x00001788       0x6c CMakeFiles/RA6M5-Projct.elf.dir/ra/fsp/src/r_sci_spi/r_sci_spi.c.obj
                0x00001788                sci_spi_txi_isr
 .text.sci_spi_rxi_isr
                0x000017f4       0x78 CMakeFiles/RA6M5-Projct.elf.dir/ra/fsp/src/r_sci_spi/r_sci_spi.c.obj
                0x000017f4                sci_spi_rxi_isr
 .text.sci_spi_tei_isr
                0x0000186c       0x40 CMakeFiles/RA6M5-Projct.elf.dir/ra/fsp/src/r_sci_spi/r_sci_spi.c.obj
                0x0000186c                sci_spi_tei_isr
 .text.sci_spi_eri_isr
                0x000018ac       0x4c CMakeFiles/RA6M5-Projct.elf.dir/ra/fsp/src/r_sci_spi/r_sci_spi.c.obj
                0x000018ac                sci_spi_eri_isr
 .text.R_SCI_UART_Read
                0x000018f8       0x34 CMakeFiles/RA6M5-Projct.elf.dir/ra/fsp/src/r_sci_uart/r_sci_uart.c.obj
                0x000018f8                R_SCI_UART_Read
 .text.R_SCI_UART_Write
                0x0000192c       0x6c CMakeFiles/RA6M5-Projct.elf.dir/ra/fsp/src/r_sci_uart/r_sci_uart.c.obj
                0x0000192c                R_SCI_UART_Write
 .text.R_SCI_UART_CallbackSet
                0x00001998       0x10 CMakeFiles/RA6M5-Projct.elf.dir/ra/fsp/src/r_sci_uart/r_sci_uart.c.obj
                0x00001998                R_SCI_UART_CallbackSet
 .text.R_SCI_UART_BaudSet
                0x000019a8       0x5c CMakeFiles/RA6M5-Projct.elf.dir/ra/fsp/src/r_sci_uart/r_sci_uart.c.obj
                0x000019a8                R_SCI_UART_BaudSet
 .text.R_SCI_UART_InfoGet
                0x00001a04       0x28 CMakeFiles/RA6M5-Projct.elf.dir/ra/fsp/src/r_sci_uart/r_sci_uart.c.obj
                0x00001a04                R_SCI_UART_InfoGet
 .text.R_SCI_UART_Abort
                0x00001a2c       0x54 CMakeFiles/RA6M5-Projct.elf.dir/ra/fsp/src/r_sci_uart/r_sci_uart.c.obj
                0x00001a2c                R_SCI_UART_Abort
 .text.R_SCI_UART_ReadStop
                0x00001a80       0x3c CMakeFiles/RA6M5-Projct.elf.dir/ra/fsp/src/r_sci_uart/r_sci_uart.c.obj
                0x00001a80                R_SCI_UART_ReadStop
 .text.R_SCI_UART_ReceiveSuspend
                0x00001abc        0x4 CMakeFiles/RA6M5-Projct.elf.dir/ra/fsp/src/r_sci_uart/r_sci_uart.c.obj
                0x00001abc                R_SCI_UART_ReceiveSuspend
 .text.R_SCI_UART_Close
                0x00001ac0       0xd4 CMakeFiles/RA6M5-Projct.elf.dir/ra/fsp/src/r_sci_uart/r_sci_uart.c.obj
                0x00001ac0                R_SCI_UART_Close
 .text.r_sci_uart_call_callback
                0x00001b94       0x44 CMakeFiles/RA6M5-Projct.elf.dir/ra/fsp/src/r_sci_uart/r_sci_uart.c.obj
 .text.R_SCI_UART_ReceiveResume
                0x00001bd8        0x4 CMakeFiles/RA6M5-Projct.elf.dir/ra/fsp/src/r_sci_uart/r_sci_uart.c.obj
                0x00001bd8                R_SCI_UART_ReceiveResume
 .text.R_SCI_UART_Open
                0x00001bdc      0x420 CMakeFiles/RA6M5-Projct.elf.dir/ra/fsp/src/r_sci_uart/r_sci_uart.c.obj
                0x00001bdc                R_SCI_UART_Open
 .text.sci_uart_txi_isr
                0x00001ffc       0x98 CMakeFiles/RA6M5-Projct.elf.dir/ra/fsp/src/r_sci_uart/r_sci_uart.c.obj
                0x00001ffc                sci_uart_txi_isr
 .text.sci_uart_rxi_isr
                0x00002094       0xc8 CMakeFiles/RA6M5-Projct.elf.dir/ra/fsp/src/r_sci_uart/r_sci_uart.c.obj
                0x00002094                sci_uart_rxi_isr
 .text.sci_uart_tei_isr
                0x0000215c       0x48 CMakeFiles/RA6M5-Projct.elf.dir/ra/fsp/src/r_sci_uart/r_sci_uart.c.obj
                0x0000215c                sci_uart_tei_isr
 .text.sci_uart_eri_isr
                0x000021a4       0x78 CMakeFiles/RA6M5-Projct.elf.dir/ra/fsp/src/r_sci_uart/r_sci_uart.c.obj
                0x000021a4                sci_uart_eri_isr
 .text.r_spi_transmit
                0x0000221c       0x68 CMakeFiles/RA6M5-Projct.elf.dir/ra/fsp/src/r_spi/r_spi.c.obj
 .text.r_spi_call_callback
                0x00002284       0x40 CMakeFiles/RA6M5-Projct.elf.dir/ra/fsp/src/r_spi/r_spi.c.obj
 .text.spi_rxi_isr
                0x000022c4       0x9c CMakeFiles/RA6M5-Projct.elf.dir/ra/fsp/src/r_spi/r_spi.c.obj
                0x000022c4                spi_rxi_isr
 .text.spi_txi_isr
                0x00002360       0xa8 CMakeFiles/RA6M5-Projct.elf.dir/ra/fsp/src/r_spi/r_spi.c.obj
                0x00002360                spi_txi_isr
 .text.spi_tei_isr
                0x00002408       0xe8 CMakeFiles/RA6M5-Projct.elf.dir/ra/fsp/src/r_spi/r_spi.c.obj
                0x00002408                spi_tei_isr
 .text.spi_eri_isr
                0x000024f0       0xec CMakeFiles/RA6M5-Projct.elf.dir/ra/fsp/src/r_spi/r_spi.c.obj
                0x000024f0                spi_eri_isr
 .text.startup.main
                0x000025dc        0xc CMakeFiles/RA6M5-Projct.elf.dir/ra_gen/main.c.obj
                0x000025dc                main
 .text.circlebuf_put
                0x000025e8       0x2c CMakeFiles/RA6M5-Projct.elf.dir/src/circle_buf.c.obj
 .text.circlebuf_get
                0x00002614       0x28 CMakeFiles/RA6M5-Projct.elf.dir/src/circle_buf.c.obj
 .text.circlebuf_init
                0x0000263c       0x34 CMakeFiles/RA6M5-Projct.elf.dir/src/circle_buf.c.obj
                0x0000263c                circlebuf_init
 .text.Dispenser_UpdateRuntime
                0x00002670        0xc CMakeFiles/RA6M5-Projct.elf.dir/src/drv_dispenser.c.obj
                0x00002670                Dispenser_UpdateRuntime
 .text.Dispenser_SendHeartbeat
                0x0000267c       0x9c CMakeFiles/RA6M5-Projct.elf.dir/src/drv_dispenser.c.obj
                0x0000267c                Dispenser_SendHeartbeat
 .text.IODrvRead
                0x00002718       0x50 CMakeFiles/RA6M5-Projct.elf.dir/src/drv_gpio.c.obj
 .text.IODrvWrite
                0x00002768       0x44 CMakeFiles/RA6M5-Projct.elf.dir/src/drv_gpio.c.obj
 .text.IODrvInit
                0x000027ac       0xa4 CMakeFiles/RA6M5-Projct.elf.dir/src/drv_gpio.c.obj
 .text.ex_irq6_callback
                0x00002850       0x1c CMakeFiles/RA6M5-Projct.elf.dir/src/drv_gpio.c.obj
                0x00002850                ex_irq6_callback
 .text.KeyProcessJitter
                0x0000286c       0x30 CMakeFiles/RA6M5-Projct.elf.dir/src/drv_gpio.c.obj
                0x0000286c                KeyProcessJitter
 .text.uart2_callback
                0x0000289c       0x28 CMakeFiles/RA6M5-Projct.elf.dir/src/drv_uart.c.obj
                0x0000289c                uart2_callback
 .text.uart6_callback
                0x000028c4       0x28 CMakeFiles/RA6M5-Projct.elf.dir/src/drv_uart.c.obj
                0x000028c4                uart6_callback
 .text._write   0x000028ec       0x28 CMakeFiles/RA6M5-Projct.elf.dir/src/drv_uart.c.obj
                0x000028ec                _write
 .text._read    0x00002914       0x90 CMakeFiles/RA6M5-Projct.elf.dir/src/drv_uart.c.obj
                0x00002914                _read
 .text._close   0x000029a4       0x14 CMakeFiles/RA6M5-Projct.elf.dir/src/drv_uart.c.obj
                0x000029a4                _close
 .text._lseek   0x000029b8        0x4 CMakeFiles/RA6M5-Projct.elf.dir/src/drv_uart.c.obj
                0x000029b8                _lseek
 .text._fstat   0x000029bc        0xc CMakeFiles/RA6M5-Projct.elf.dir/src/drv_uart.c.obj
                0x000029bc                _fstat
 .text._isatty  0x000029c8        0x4 CMakeFiles/RA6M5-Projct.elf.dir/src/drv_uart.c.obj
                0x000029c8                _isatty
 .text.hal_entry
                0x000029cc       0xf0 CMakeFiles/RA6M5-Projct.elf.dir/src/hal_entry.c.obj
                0x000029cc                hal_entry
 .text.SystickInit
                0x00002abc       0x40 CMakeFiles/RA6M5-Projct.elf.dir/src/hal_systick.c.obj
                0x00002abc                SystickInit
 .text.SysTick_Handler
                0x00002afc       0x68 CMakeFiles/RA6M5-Projct.elf.dir/src/hal_systick.c.obj
                0x00002afc                SysTick_Handler
 .text.HAL_GetTick
                0x00002b64        0xc CMakeFiles/RA6M5-Projct.elf.dir/src/hal_systick.c.obj
                0x00002b64                HAL_GetTick
 .text.R_BSP_WarmStart
                0x00002b70       0x18 CMakeFiles/RA6M5-Projct.elf.dir/src/hal_warmstart.c.obj
                0x00002b70                R_BSP_WarmStart
 .text.std      0x00002b88       0x6c /usr/lib/gcc/arm-none-eabi/14.2.0/../../../../arm-none-eabi/lib/thumb/v8-m.main+fp/hard/libg_nano.a(libc_a-findfp.o)
 .text.stdio_exit_handler
                0x00002bf4       0x18 /usr/lib/gcc/arm-none-eabi/14.2.0/../../../../arm-none-eabi/lib/thumb/v8-m.main+fp/hard/libg_nano.a(libc_a-findfp.o)
 .text.cleanup_stdio
                0x00002c0c       0x40 /usr/lib/gcc/arm-none-eabi/14.2.0/../../../../arm-none-eabi/lib/thumb/v8-m.main+fp/hard/libg_nano.a(libc_a-findfp.o)
 .text.global_stdio_init.part.0
                0x00002c4c       0x40 /usr/lib/gcc/arm-none-eabi/14.2.0/../../../../arm-none-eabi/lib/thumb/v8-m.main+fp/hard/libg_nano.a(libc_a-findfp.o)
 .text.__sfp_lock_acquire
                0x00002c8c        0xc /usr/lib/gcc/arm-none-eabi/14.2.0/../../../../arm-none-eabi/lib/thumb/v8-m.main+fp/hard/libg_nano.a(libc_a-findfp.o)
                0x00002c8c                __sfp_lock_acquire
 .text.__sfp_lock_release
                0x00002c98        0xc /usr/lib/gcc/arm-none-eabi/14.2.0/../../../../arm-none-eabi/lib/thumb/v8-m.main+fp/hard/libg_nano.a(libc_a-findfp.o)
                0x00002c98                __sfp_lock_release
 .text.__sinit  0x00002ca4       0x30 /usr/lib/gcc/arm-none-eabi/14.2.0/../../../../arm-none-eabi/lib/thumb/v8-m.main+fp/hard/libg_nano.a(libc_a-findfp.o)
                0x00002ca4                __sinit
 .text._fwalk_sglue
                0x00002cd4       0x3c /usr/lib/gcc/arm-none-eabi/14.2.0/../../../../arm-none-eabi/lib/thumb/v8-m.main+fp/hard/libg_nano.a(libc_a-fwalk.o)
                0x00002cd4                _fwalk_sglue
 .text.printf   0x00002d10       0x24 /usr/lib/gcc/arm-none-eabi/14.2.0/../../../../arm-none-eabi/lib/thumb/v8-m.main+fp/hard/libg_nano.a(libc_a-printf.o)
                0x00002d10                printf
                0x00002d10                iprintf
 .text._puts_r  0x00002d34       0xaa /usr/lib/gcc/arm-none-eabi/14.2.0/../../../../arm-none-eabi/lib/thumb/v8-m.main+fp/hard/libg_nano.a(libc_a-puts.o)
                0x00002d34                _puts_r
 *fill*         0x00002dde        0x2 
 .text.puts     0x00002de0       0x10 /usr/lib/gcc/arm-none-eabi/14.2.0/../../../../arm-none-eabi/lib/thumb/v8-m.main+fp/hard/libg_nano.a(libc_a-puts.o)
                0x00002de0                puts
 .text.snprintf
                0x00002df0       0x6c /usr/lib/gcc/arm-none-eabi/14.2.0/../../../../arm-none-eabi/lib/thumb/v8-m.main+fp/hard/libg_nano.a(libc_a-snprintf.o)
                0x00002df0                snprintf
                0x00002df0                sniprintf
 .text.__sread  0x00002e5c       0x22 /usr/lib/gcc/arm-none-eabi/14.2.0/../../../../arm-none-eabi/lib/thumb/v8-m.main+fp/hard/libg_nano.a(libc_a-stdio.o)
                0x00002e5c                __sread
 .text.__swrite
                0x00002e7e       0x38 /usr/lib/gcc/arm-none-eabi/14.2.0/../../../../arm-none-eabi/lib/thumb/v8-m.main+fp/hard/libg_nano.a(libc_a-stdio.o)
                0x00002e7e                __swrite
 .text.__sseek  0x00002eb6       0x26 /usr/lib/gcc/arm-none-eabi/14.2.0/../../../../arm-none-eabi/lib/thumb/v8-m.main+fp/hard/libg_nano.a(libc_a-stdio.o)
                0x00002eb6                __sseek
 .text.__sclose
                0x00002edc        0x8 /usr/lib/gcc/arm-none-eabi/14.2.0/../../../../arm-none-eabi/lib/thumb/v8-m.main+fp/hard/libg_nano.a(libc_a-stdio.o)
                0x00002edc                __sclose
 .text.__swbuf_r
                0x00002ee4       0x7c /usr/lib/gcc/arm-none-eabi/14.2.0/../../../../arm-none-eabi/lib/thumb/v8-m.main+fp/hard/libg_nano.a(libc_a-wbuf.o)
                0x00002ee4                __swbuf_r
 .text.__swsetup_r
                0x00002f60       0xa8 /usr/lib/gcc/arm-none-eabi/14.2.0/../../../../arm-none-eabi/lib/thumb/v8-m.main+fp/hard/libg_nano.a(libc_a-wsetup.o)
                0x00002f60                __swsetup_r
 .text.memset   0x00003008       0x10 /usr/lib/gcc/arm-none-eabi/14.2.0/../../../../arm-none-eabi/lib/thumb/v8-m.main+fp/hard/libg_nano.a(libc_a-memset.o)
                0x00003008                memset
 .text._close_r
                0x00003018       0x20 /usr/lib/gcc/arm-none-eabi/14.2.0/../../../../arm-none-eabi/lib/thumb/v8-m.main+fp/hard/libg_nano.a(libc_a-closer.o)
                0x00003018                _close_r
 .text._lseek_r
                0x00003038       0x24 /usr/lib/gcc/arm-none-eabi/14.2.0/../../../../arm-none-eabi/lib/thumb/v8-m.main+fp/hard/libg_nano.a(libc_a-lseekr.o)
                0x00003038                _lseek_r
 .text._read_r  0x0000305c       0x24 /usr/lib/gcc/arm-none-eabi/14.2.0/../../../../arm-none-eabi/lib/thumb/v8-m.main+fp/hard/libg_nano.a(libc_a-readr.o)
                0x0000305c                _read_r
 .text._write_r
                0x00003080       0x24 /usr/lib/gcc/arm-none-eabi/14.2.0/../../../../arm-none-eabi/lib/thumb/v8-m.main+fp/hard/libg_nano.a(libc_a-writer.o)
                0x00003080                _write_r
 .text.__errno  0x000030a4        0xc /usr/lib/gcc/arm-none-eabi/14.2.0/../../../../arm-none-eabi/lib/thumb/v8-m.main+fp/hard/libg_nano.a(libc_a-errno.o)
                0x000030a4                __errno
 .text.__retarget_lock_init_recursive
                0x000030b0        0x2 /usr/lib/gcc/arm-none-eabi/14.2.0/../../../../arm-none-eabi/lib/thumb/v8-m.main+fp/hard/libg_nano.a(libc_a-lock.o)
                0x000030b0                __retarget_lock_init_recursive
 .text.__retarget_lock_acquire_recursive
                0x000030b2        0x2 /usr/lib/gcc/arm-none-eabi/14.2.0/../../../../arm-none-eabi/lib/thumb/v8-m.main+fp/hard/libg_nano.a(libc_a-lock.o)
                0x000030b2                __retarget_lock_acquire_recursive
 .text.__retarget_lock_release_recursive
                0x000030b4        0x2 /usr/lib/gcc/arm-none-eabi/14.2.0/../../../../arm-none-eabi/lib/thumb/v8-m.main+fp/hard/libg_nano.a(libc_a-lock.o)
                0x000030b4                __retarget_lock_release_recursive
 .text          0x000030b6       0x14 /usr/lib/gcc/arm-none-eabi/14.2.0/../../../../arm-none-eabi/lib/thumb/v8-m.main+fp/hard/libg_nano.a(libc_a-strcmp.o)
                0x000030b6                strcmp
 .text.memcpy   0x000030ca       0x1a /usr/lib/gcc/arm-none-eabi/14.2.0/../../../../arm-none-eabi/lib/thumb/v8-m.main+fp/hard/libg_nano.a(libc_a-memcpy-stub.o)
                0x000030ca                memcpy
 .text          0x000030e4       0x10 /usr/lib/gcc/arm-none-eabi/14.2.0/../../../../arm-none-eabi/lib/thumb/v8-m.main+fp/hard/libg_nano.a(libc_a-strlen.o)
                0x000030e4                strlen
 .text._free_r  0x000030f4       0x94 /usr/lib/gcc/arm-none-eabi/14.2.0/../../../../arm-none-eabi/lib/thumb/v8-m.main+fp/hard/libg_nano.a(libc_a-freer.o)
                0x000030f4                _free_r
 .text.sbrk_aligned
                0x00003188       0x44 /usr/lib/gcc/arm-none-eabi/14.2.0/../../../../arm-none-eabi/lib/thumb/v8-m.main+fp/hard/libg_nano.a(libc_a-mallocr.o)
 .text._malloc_r
                0x000031cc      0x100 /usr/lib/gcc/arm-none-eabi/14.2.0/../../../../arm-none-eabi/lib/thumb/v8-m.main+fp/hard/libg_nano.a(libc_a-mallocr.o)
                0x000031cc                _malloc_r
 .text.__malloc_lock
                0x000032cc        0xc /usr/lib/gcc/arm-none-eabi/14.2.0/../../../../arm-none-eabi/lib/thumb/v8-m.main+fp/hard/libg_nano.a(libc_a-mlock.o)
                0x000032cc                __malloc_lock
 .text.__malloc_unlock
                0x000032d8        0xc /usr/lib/gcc/arm-none-eabi/14.2.0/../../../../arm-none-eabi/lib/thumb/v8-m.main+fp/hard/libg_nano.a(libc_a-mlock.o)
                0x000032d8                __malloc_unlock
 .text.__ssputs_r
                0x000032e4       0xc0 /usr/lib/gcc/arm-none-eabi/14.2.0/../../../../arm-none-eabi/lib/thumb/v8-m.main+fp/hard/libg_nano.a(libc_a-nano-svfprintf.o)
                0x000032e4                __ssputs_r
 .text._svfprintf_r
                0x000033a4      0x1f8 /usr/lib/gcc/arm-none-eabi/14.2.0/../../../../arm-none-eabi/lib/thumb/v8-m.main+fp/hard/libg_nano.a(libc_a-nano-svfprintf.o)
                0x000033a4                _svfprintf_r
                0x000033a4                _svfiprintf_r
 .text.__sfputc_r
                0x0000359c       0x2e /usr/lib/gcc/arm-none-eabi/14.2.0/../../../../arm-none-eabi/lib/thumb/v8-m.main+fp/hard/libg_nano.a(libc_a-nano-vfprintf.o)
 .text.__sfputs_r
                0x000035ca       0x24 /usr/lib/gcc/arm-none-eabi/14.2.0/../../../../arm-none-eabi/lib/thumb/v8-m.main+fp/hard/libg_nano.a(libc_a-nano-vfprintf.o)
                0x000035ca                __sfputs_r
 *fill*         0x000035ee        0x2 
 .text._vfprintf_r
                0x000035f0      0x230 /usr/lib/gcc/arm-none-eabi/14.2.0/../../../../arm-none-eabi/lib/thumb/v8-m.main+fp/hard/libg_nano.a(libc_a-nano-vfprintf.o)
                0x000035f0                _vfiprintf_r
                0x000035f0                _vfprintf_r
 .text._printf_common
                0x00003820       0xe4 /usr/lib/gcc/arm-none-eabi/14.2.0/../../../../arm-none-eabi/lib/thumb/v8-m.main+fp/hard/libg_nano.a(libc_a-nano-vfprintf_i.o)
                0x00003820                _printf_common
 .text._printf_i
                0x00003904      0x240 /usr/lib/gcc/arm-none-eabi/14.2.0/../../../../arm-none-eabi/lib/thumb/v8-m.main+fp/hard/libg_nano.a(libc_a-nano-vfprintf_i.o)
                0x00003904                _printf_i
 .text.__sflush_r
                0x00003b44      0x100 /usr/lib/gcc/arm-none-eabi/14.2.0/../../../../arm-none-eabi/lib/thumb/v8-m.main+fp/hard/libg_nano.a(libc_a-fflush.o)
                0x00003b44                __sflush_r
 .text._fflush_r
                0x00003c44       0x50 /usr/lib/gcc/arm-none-eabi/14.2.0/../../../../arm-none-eabi/lib/thumb/v8-m.main+fp/hard/libg_nano.a(libc_a-fflush.o)
                0x00003c44                _fflush_r
 .text.__swhatbuf_r
                0x00003c94       0x48 /usr/lib/gcc/arm-none-eabi/14.2.0/../../../../arm-none-eabi/lib/thumb/v8-m.main+fp/hard/libg_nano.a(libc_a-makebuf.o)
                0x00003c94                __swhatbuf_r
 .text.__smakebuf_r
                0x00003cdc       0x72 /usr/lib/gcc/arm-none-eabi/14.2.0/../../../../arm-none-eabi/lib/thumb/v8-m.main+fp/hard/libg_nano.a(libc_a-makebuf.o)
                0x00003cdc                __smakebuf_r
 .text.memmove  0x00003d4e       0x32 /usr/lib/gcc/arm-none-eabi/14.2.0/../../../../arm-none-eabi/lib/thumb/v8-m.main+fp/hard/libg_nano.a(libc_a-memmove.o)
                0x00003d4e                memmove
 .text._fstat_r
                0x00003d80       0x24 /usr/lib/gcc/arm-none-eabi/14.2.0/../../../../arm-none-eabi/lib/thumb/v8-m.main+fp/hard/libg_nano.a(libc_a-fstatr.o)
                0x00003d80                _fstat_r
 .text._isatty_r
                0x00003da4       0x20 /usr/lib/gcc/arm-none-eabi/14.2.0/../../../../arm-none-eabi/lib/thumb/v8-m.main+fp/hard/libg_nano.a(libc_a-isattyr.o)
                0x00003da4                _isatty_r
 .text._sbrk_r  0x00003dc4       0x20 /usr/lib/gcc/arm-none-eabi/14.2.0/../../../../arm-none-eabi/lib/thumb/v8-m.main+fp/hard/libg_nano.a(libc_a-sbrkr.o)
                0x00003dc4                _sbrk_r
 .text.memchr   0x00003de4       0x1c /usr/lib/gcc/arm-none-eabi/14.2.0/../../../../arm-none-eabi/lib/thumb/v8-m.main+fp/hard/libg_nano.a(libc_a-memchr-stub.o)
                0x00003de4                memchr
 .text._realloc_r
                0x00003e00       0x5c /usr/lib/gcc/arm-none-eabi/14.2.0/../../../../arm-none-eabi/lib/thumb/v8-m.main+fp/hard/libg_nano.a(libc_a-reallocr.o)
                0x00003e00                _realloc_r
 .text._malloc_usable_size_r
                0x00003e5c       0x10 /usr/lib/gcc/arm-none-eabi/14.2.0/../../../../arm-none-eabi/lib/thumb/v8-m.main+fp/hard/libg_nano.a(libc_a-msizer.o)
                0x00003e5c                _malloc_usable_size_r
 *(.rodata*)
 .rodata.g_prcr_masks
                0x00003e6c        0xa CMakeFiles/RA6M5-Projct.elf.dir/ra/fsp/src/bsp/mcu/all/bsp_register_protection.c.obj
 *fill*         0x00003e76        0x2 
 .rodata.g_init_info
                0x00003e78       0x18 CMakeFiles/RA6M5-Projct.elf.dir/ra/fsp/src/bsp/mcu/ra6m5/bsp_linker.c.obj
                0x00003e78                g_init_info
 .rodata.nocache_list
                0x00003e90       0x10 CMakeFiles/RA6M5-Projct.elf.dir/ra/fsp/src/bsp/mcu/ra6m5/bsp_linker.c.obj
 .rodata.copy_list
                0x00003ea0       0x80 CMakeFiles/RA6M5-Projct.elf.dir/ra/fsp/src/bsp/mcu/ra6m5/bsp_linker.c.obj
 .rodata.zero_list
                0x00003f20       0x30 CMakeFiles/RA6M5-Projct.elf.dir/ra/fsp/src/bsp/mcu/ra6m5/bsp_linker.c.obj
 .rodata.g_adc_on_adc
                0x00003f50       0x34 CMakeFiles/RA6M5-Projct.elf.dir/ra/fsp/src/r_adc/r_adc.c.obj
                0x00003f50                g_adc_on_adc
 .rodata.g_transfer_on_dtc
                0x00003f84       0x2c CMakeFiles/RA6M5-Projct.elf.dir/ra/fsp/src/r_dtc/r_dtc.c.obj
                0x00003f84                g_transfer_on_dtc
 .rodata.g_external_irq_on_icu
                0x00003fb0       0x14 CMakeFiles/RA6M5-Projct.elf.dir/ra/fsp/src/r_icu/r_icu.c.obj
                0x00003fb0                g_external_irq_on_icu
 .rodata.g_vbatt_pins_input
                0x00003fc4        0x6 CMakeFiles/RA6M5-Projct.elf.dir/ra/fsp/src/r_ioport/r_ioport.c.obj
 *fill*         0x00003fca        0x2 
 .rodata.g_ioport_on_ioport
                0x00003fcc       0x34 CMakeFiles/RA6M5-Projct.elf.dir/ra/fsp/src/r_ioport/r_ioport.c.obj
                0x00003fcc                g_ioport_on_ioport
 .rodata.g_uart_on_sci
                0x00004000       0x2c CMakeFiles/RA6M5-Projct.elf.dir/ra/fsp/src/r_sci_uart/r_sci_uart.c.obj
                0x00004000                g_uart_on_sci
 .rodata.g_ioport
                0x0000402c        0xc CMakeFiles/RA6M5-Projct.elf.dir/ra_gen/common_data.c.obj
                0x0000402c                g_ioport
 .rodata.g_external_irq6
                0x00004038        0xc CMakeFiles/RA6M5-Projct.elf.dir/ra_gen/common_data.c.obj
                0x00004038                g_external_irq6
 .rodata.g_external_irq6_cfg
                0x00004044       0x14 CMakeFiles/RA6M5-Projct.elf.dir/ra_gen/common_data.c.obj
                0x00004044                g_external_irq6_cfg
 .rodata.g_external_irq6_ext_cfg
                0x00004058        0x1 CMakeFiles/RA6M5-Projct.elf.dir/ra_gen/common_data.c.obj
                0x00004058                g_external_irq6_ext_cfg
 *fill*         0x00004059        0x3 
 .rodata.g_uart2
                0x0000405c        0xc CMakeFiles/RA6M5-Projct.elf.dir/ra_gen/hal_data.c.obj
                0x0000405c                g_uart2
 .rodata.g_uart2_cfg
                0x00004068       0x20 CMakeFiles/RA6M5-Projct.elf.dir/ra_gen/hal_data.c.obj
                0x00004068                g_uart2_cfg
 .rodata.g_uart2_cfg_extend
                0x00004088       0x14 CMakeFiles/RA6M5-Projct.elf.dir/ra_gen/hal_data.c.obj
                0x00004088                g_uart2_cfg_extend
 .rodata.g_transfer2
                0x0000409c        0xc CMakeFiles/RA6M5-Projct.elf.dir/ra_gen/hal_data.c.obj
                0x0000409c                g_transfer2
 .rodata.g_transfer2_cfg
                0x000040a8        0x8 CMakeFiles/RA6M5-Projct.elf.dir/ra_gen/hal_data.c.obj
                0x000040a8                g_transfer2_cfg
 .rodata.g_transfer2_cfg_extend
                0x000040b0        0x1 CMakeFiles/RA6M5-Projct.elf.dir/ra_gen/hal_data.c.obj
                0x000040b0                g_transfer2_cfg_extend
 *fill*         0x000040b1        0x3 
 .rodata.g_uart6
                0x000040b4        0xc CMakeFiles/RA6M5-Projct.elf.dir/ra_gen/hal_data.c.obj
                0x000040b4                g_uart6
 .rodata.g_uart6_cfg
                0x000040c0       0x20 CMakeFiles/RA6M5-Projct.elf.dir/ra_gen/hal_data.c.obj
                0x000040c0                g_uart6_cfg
 .rodata.g_uart6_cfg_extend
                0x000040e0       0x14 CMakeFiles/RA6M5-Projct.elf.dir/ra_gen/hal_data.c.obj
                0x000040e0                g_uart6_cfg_extend
 .rodata.g_adc1
                0x000040f4       0x10 CMakeFiles/RA6M5-Projct.elf.dir/ra_gen/hal_data.c.obj
                0x000040f4                g_adc1
 .rodata.g_adc1_channel_cfg
                0x00004104       0x14 CMakeFiles/RA6M5-Projct.elf.dir/ra_gen/hal_data.c.obj
                0x00004104                g_adc1_channel_cfg
 .rodata.g_adc1_cfg
                0x00004118       0x18 CMakeFiles/RA6M5-Projct.elf.dir/ra_gen/hal_data.c.obj
                0x00004118                g_adc1_cfg
 .rodata.g_adc1_cfg_extend
                0x00004130        0xb CMakeFiles/RA6M5-Projct.elf.dir/ra_gen/hal_data.c.obj
                0x00004130                g_adc1_cfg_extend
 *fill*         0x0000413b        0x1 
 .rodata.g_bsp_pin_cfg
                0x0000413c        0xc CMakeFiles/RA6M5-Projct.elf.dir/ra_gen/pin_data.c.obj
                0x0000413c                g_bsp_pin_cfg
 .rodata.g_bsp_pin_cfg_data
                0x00004148       0xb0 CMakeFiles/RA6M5-Projct.elf.dir/ra_gen/pin_data.c.obj
                0x00004148                g_bsp_pin_cfg_data
 .rodata.g_interrupt_event_link_select
                0x000041f8       0x2a CMakeFiles/RA6M5-Projct.elf.dir/ra_gen/vector_data.c.obj
                0x000041f8                g_interrupt_event_link_select
 *fill*         0x00004222        0x2 
 .rodata.Dispenser_SendHeartbeat.str1.4
                0x00004224      0x1e6 CMakeFiles/RA6M5-Projct.elf.dir/src/drv_dispenser.c.obj
                                 0x5d (size before relaxing)
 .rodata.IODrvRead.str1.4
                0x0000440a       0x38 CMakeFiles/RA6M5-Projct.elf.dir/src/drv_gpio.c.obj
 .rodata.IODrvInit.str1.4
                0x0000440a       0xb6 CMakeFiles/RA6M5-Projct.elf.dir/src/drv_gpio.c.obj
 .rodata.hal_entry.str1.4
                0x0000440a       0x96 CMakeFiles/RA6M5-Projct.elf.dir/src/hal_entry.c.obj
 .rodata._svfprintf_r.str1.1
                0x0000440a       0x33 /usr/lib/gcc/arm-none-eabi/14.2.0/../../../../arm-none-eabi/lib/thumb/v8-m.main+fp/hard/libg_nano.a(libc_a-nano-svfprintf.o)
                                 0x11 (size before relaxing)
 .rodata._vfprintf_r.str1.1
                0x0000443d       0x11 /usr/lib/gcc/arm-none-eabi/14.2.0/../../../../arm-none-eabi/lib/thumb/v8-m.main+fp/hard/libg_nano.a(libc_a-nano-vfprintf.o)
 .rodata._printf_i.str1.1
                0x0000443d       0x22 /usr/lib/gcc/arm-none-eabi/14.2.0/../../../../arm-none-eabi/lib/thumb/v8-m.main+fp/hard/libg_nano.a(libc_a-nano-vfprintf_i.o)
 *(.mcuboot_sce9_key)
 *(.version)
 *fill*         0x0000443d        0x3 
 .version       0x00004440       0x50 CMakeFiles/RA6M5-Projct.elf.dir/ra/fsp/src/bsp/mcu/all/bsp_common.c.obj
                0x00004490                        __flash_readonly$$Limit = .

.glue_7         0x00004490        0x0
 .glue_7        0x00004490        0x0 linker stubs

.glue_7t        0x00004490        0x0
 .glue_7t       0x00004490        0x0 linker stubs

.vfp11_veneer   0x00004490        0x0
 .vfp11_veneer  0x00004490        0x0 linker stubs

.v4_bx          0x00004490        0x0
 .v4_bx         0x00004490        0x0 linker stubs

.init           0x00004490        0x4
 .init          0x00004490        0x4 /usr/lib/gcc/arm-none-eabi/14.2.0/thumb/v8-m.main+fp/hard/crti.o
                0x00004490                _init

.fini           0x00004494        0x4
 .fini          0x00004494        0x4 /usr/lib/gcc/arm-none-eabi/14.2.0/thumb/v8-m.main+fp/hard/crti.o
                0x00004494                _fini

.iplt           0x00004498        0x0
 .iplt          0x00004498        0x0 /usr/lib/gcc/arm-none-eabi/14.2.0/thumb/v8-m.main+fp/hard/crtbegin.o

__flash_ctor$$
 *crtbegin.o(.ctors)
 *crtbegin?.o(.ctors)
 EXCLUDE_FILE(*crtend.o *crtend?.o) *(.ctors)
 *(SORT_BY_NAME(.ctors.*))
 *(.ctors)
 *crtbegin.o(.dtors)
 *crtbegin?.o(.dtors)
 EXCLUDE_FILE(*crtend.o *crtend?.o) *(.dtors)
 *(SORT_BY_NAME(.dtors.*))
 *(.dtors)

__flash_preinit_array$$
                0x00004498        0x0
                0x00004498                        __preinit_array_start = .
 *(.preinit_array)
                0x00004498                        __preinit_array_end = .

__flash_.got$$
 *(.got.plt)
 *(.got)

__flash_init_array$$
                0x00004498        0x4
                0x00004498                        __init_array_start = .
 *(SORT_BY_NAME(.init_array.*))
 *(.init_array)
 .init_array    0x00004498        0x4 /usr/lib/gcc/arm-none-eabi/14.2.0/thumb/v8-m.main+fp/hard/crtbegin.o
                0x0000449c                        __init_array_end = .

__flash_fini_array$$
                0x0000449c        0x4
                0x0000449c                        __fini_array_start = .
 *(SORT_BY_NAME(.fini_array.*))
 *(.fini_array)
 .fini_array    0x0000449c        0x4 /usr/lib/gcc/arm-none-eabi/14.2.0/thumb/v8-m.main+fp/hard/crtbegin.o
                0x000044a0                        __fini_array_end = .

.igot.plt       0x000044a0        0x0
 .igot.plt      0x000044a0        0x0 /usr/lib/gcc/arm-none-eabi/14.2.0/thumb/v8-m.main+fp/hard/crtbegin.o

__flash_arm.extab$$
 *(.ARM.extab*)
 *(.gnu.linkonce.armextab.*)

__flash_arm.exidx$$
                0x000044a0        0x8
                0x000044a0                        __exidx_start = .
 *(.ARM.exidx*)
 .ARM.exidx     0x000044a0        0x8 /usr/lib/gcc/arm-none-eabi/14.2.0/../../../../arm-none-eabi/lib/thumb/v8-m.main+fp/hard/libg_nano.a(libc_a-strcmp.o)
 .ARM.exidx     0x000044a8        0x0 /usr/lib/gcc/arm-none-eabi/14.2.0/../../../../arm-none-eabi/lib/thumb/v8-m.main+fp/hard/libg_nano.a(libc_a-strlen.o)
                                  0x8 (size before relaxing)
 *(.gnu.linkonce.armexidx.*)
                0x000044a8                        __exidx_end = .

.flash.endof    0x00004800        0x0
                0x00004800                        __ddsc_FLASH_END = .

.flash.flat_nsc
                0x00004800        0x0
                0x00004800                        __ddsc_FLASH_NSC = .

.option_setting_ofs0.startof
                0x0100a100        0x0
                0x0100a100                        __ddsc_OPTION_SETTING_OFS0_START = .

__option_setting_ofs0_reg$$
                0x0100a100        0x4
                0x0100a100                        __option_setting_ofs0_reg$$Base = .
 *(.option_setting_ofs0)
 .option_setting_ofs0
                0x0100a100        0x4 CMakeFiles/RA6M5-Projct.elf.dir/ra/fsp/src/bsp/mcu/ra6m5/bsp_linker.c.obj
                0x0100a104                        __option_setting_ofs0_reg$$Limit = .

.option_setting_ofs0.endof
                0x0100a104        0x0
                0x0100a104                        __ddsc_OPTION_SETTING_OFS0_END = .

.option_setting_dualsel.startof
                0x0100a110        0x0
                0x0100a110                        __ddsc_OPTION_SETTING_DUALSEL_START = .

__option_setting_dualsel_reg$$
                0x0100a110        0x0
                0x0100a110                        __option_setting_dualsel_reg$$Base = .
 *(.option_setting_dualsel)
                0x0100a110                        __option_setting_dualsel_reg$$Limit = .

.option_setting_dualsel.endof
                0x0100a110        0x0
                0x0100a110                        __ddsc_OPTION_SETTING_DUALSEL_END = .

.option_setting_ofs1.startof
                0x0100a180        0x0
                0x0100a180                        __ddsc_OPTION_SETTING_OFS1_START = .

__option_setting_ofs1_reg$$
                0x0100a180        0x0
                0x0100a180                        __option_setting_ofs1_reg$$Base = .
 *(.option_setting_ofs1)
                0x0100a180                        __option_setting_ofs1_reg$$Limit = .

.option_setting_ofs1.endof
                0x0100a180        0x0
                0x0100a180                        __ddsc_OPTION_SETTING_OFS1_END = .

.option_setting_banksel.startof
                0x0100a190        0x0
                0x0100a190                        __ddsc_OPTION_SETTING_BANKSEL_START = .

__option_setting_banksel_reg$$
                0x0100a190        0x0
                0x0100a190                        __option_setting_banksel_reg$$Base = .
 *(.option_setting_banksel)
                0x0100a190                        __option_setting_banksel_reg$$Limit = .

.option_setting_banksel.endof
                0x0100a190        0x0
                0x0100a190                        __ddsc_OPTION_SETTING_BANKSEL_END = .

.option_setting_bps.startof
                0x0100a1c0        0x0
                0x0100a1c0                        __ddsc_OPTION_SETTING_BPS_START = .

__option_setting_bps_reg$$
                0x0100a1c0        0x0
                0x0100a1c0                        __option_setting_bps_reg$$Base = .
 *(.option_setting_bps)
                0x0100a1c0                        __option_setting_bps_reg$$Limit = .

.option_setting_bps.endof
                0x0100a1c0        0x0
                0x0100a1c0                        __ddsc_OPTION_SETTING_BPS_END = .

.option_setting_pbps.startof
                0x0100a1e0        0x0
                0x0100a1e0                        __ddsc_OPTION_SETTING_PBPS_START = .

__option_setting_pbps_reg$$
                0x0100a1e0        0x0
                0x0100a1e0                        __option_setting_pbps_reg$$Base = .
 *(.option_setting_pbps)
                0x0100a1e0                        __option_setting_pbps_reg$$Limit = .

.option_setting_pbps.endof
                0x0100a1e0        0x0
                0x0100a1e0                        __ddsc_OPTION_SETTING_PBPS_END = .

.option_setting_ofs1_sec.startof
                0x0100a200        0x0
                0x0100a200                        __ddsc_OPTION_SETTING_OFS1_SEC_START = .

__option_setting_ofs1_sec_reg$$
                0x0100a200        0x4
                0x0100a200                        __option_setting_ofs1_sec_reg$$Base = .
 *(.option_setting_ofs1_sec)
 .option_setting_ofs1_sec
                0x0100a200        0x4 CMakeFiles/RA6M5-Projct.elf.dir/ra/fsp/src/bsp/mcu/ra6m5/bsp_linker.c.obj
                0x0100a204                        __option_setting_ofs1_sec_reg$$Limit = .

.option_setting_ofs1_sec.endof
                0x0100a204        0x0
                0x0100a204                        __ddsc_OPTION_SETTING_OFS1_SEC_END = .

.option_setting_banksel_sec.startof
                0x0100a210        0x0
                0x0100a210                        __ddsc_OPTION_SETTING_BANKSEL_SEC_START = .

__option_setting_banksel_sec_reg$$
                0x0100a210        0x0
                0x0100a210                        __option_setting_banksel_sec_reg$$Base = .
 *(.option_setting_banksel_sec)
                0x0100a210                        __option_setting_banksel_sec_reg$$Limit = .

.option_setting_banksel_sec.endof
                0x0100a210        0x0
                0x0100a210                        __ddsc_OPTION_SETTING_BANKSEL_SEC_END = .

.option_setting_bps_sec.startof
                0x0100a240        0x0
                0x0100a240                        __ddsc_OPTION_SETTING_BPS_SEC_START = .

__option_setting_bps_sec_reg$$
                0x0100a240        0x0
                0x0100a240                        __option_setting_bps_sec_reg$$Base = .
 *(.option_setting_bps_sec)
                0x0100a240                        __option_setting_bps_sec_reg$$Limit = .

.option_setting_bps_sec.endof
                0x0100a240        0x0
                0x0100a240                        __ddsc_OPTION_SETTING_BPS_SEC_END = .

.option_setting_pbps_sec.startof
                0x0100a260        0x0
                0x0100a260                        __ddsc_OPTION_SETTING_PBPS_SEC_START = .

__option_setting_pbps_sec_reg$$
                0x0100a260        0x0
                0x0100a260                        __option_setting_pbps_sec_reg$$Base = .
 *(.option_setting_pbps_sec)
                0x0100a260                        __option_setting_pbps_sec_reg$$Limit = .

.option_setting_pbps_sec.endof
                0x0100a260        0x0
                0x0100a260                        __ddsc_OPTION_SETTING_PBPS_SEC_END = .

.option_setting_ofs1_sel.startof
                0x0100a280        0x0
                0x0100a280                        __ddsc_OPTION_SETTING_OFS1_SEL_START = .

__option_setting_ofs1_sel_reg$$
                0x0100a280        0x4
                0x0100a280                        __option_setting_ofs1_sel_reg$$Base = .
 *(.option_setting_ofs1_sel)
 .option_setting_ofs1_sel
                0x0100a280        0x4 CMakeFiles/RA6M5-Projct.elf.dir/ra/fsp/src/bsp/mcu/ra6m5/bsp_linker.c.obj
                0x0100a284                        __option_setting_ofs1_sel_reg$$Limit = .

.eh_frame       0x0100a284        0x0
 .eh_frame      0x0100a284        0x0 /usr/lib/gcc/arm-none-eabi/14.2.0/thumb/v8-m.main+fp/hard/crtbegin.o

.rel.dyn        0x0100a284        0x0
 .rel.iplt      0x0100a284        0x0 /usr/lib/gcc/arm-none-eabi/14.2.0/thumb/v8-m.main+fp/hard/crtbegin.o

.option_setting_ofs1_sel.endof
                0x0100a284        0x0
                0x0100a284                        __ddsc_OPTION_SETTING_OFS1_SEL_END = .

.option_setting_banksel_sel.startof
                0x0100a290        0x0
                0x0100a290                        __ddsc_OPTION_SETTING_BANKSEL_SEL_START = .

__option_setting_banksel_sel_reg$$
                0x0100a290        0x0
                0x0100a290                        __option_setting_banksel_sel_reg$$Base = .
 *(.option_setting_banksel_sel)
                0x0100a290                        __option_setting_banksel_sel_reg$$Limit = .

.option_setting_banksel_sel.endof
                0x0100a290        0x0
                0x0100a290                        __ddsc_OPTION_SETTING_BANKSEL_SEL_END = .

.option_setting_bps_sel.startof
                0x0100a2c0        0x0
                0x0100a2c0                        __ddsc_OPTION_SETTING_BPS_SEL_START = .

__option_setting_bps_sel_reg$$
                0x0100a2c0        0x0
                0x0100a2c0                        __option_setting_bps_sel_reg$$Base = .
 *(.option_setting_bps_sel)
                0x0100a2c0                        __option_setting_bps_sel_reg$$Limit = .

.option_setting_bps_sel.endof
                0x0100a2c0        0x0
                0x0100a2c0                        __ddsc_OPTION_SETTING_BPS_SEL_END = .
OUTPUT(RA6M5-Projct.elf elf32-littlearm)
LOAD linker stubs

.ARM.attributes
                0x00000000       0x36
 .ARM.attributes
                0x00000000       0x26 /usr/lib/gcc/arm-none-eabi/14.2.0/thumb/v8-m.main+fp/hard/crti.o
 .ARM.attributes
                0x00000026       0x38 /usr/lib/gcc/arm-none-eabi/14.2.0/thumb/v8-m.main+fp/hard/crtbegin.o
 .ARM.attributes
                0x0000005e       0x3a CMakeFiles/RA6M5-Projct.elf.dir/ra/fsp/src/bsp/cmsis/Device/RENESAS/Source/startup.c.obj
 .ARM.attributes
                0x00000098       0x3a CMakeFiles/RA6M5-Projct.elf.dir/ra/fsp/src/bsp/cmsis/Device/RENESAS/Source/system.c.obj
 .ARM.attributes
                0x000000d2       0x3a CMakeFiles/RA6M5-Projct.elf.dir/ra/fsp/src/bsp/mcu/all/bsp_clocks.c.obj
 .ARM.attributes
                0x0000010c       0x3a CMakeFiles/RA6M5-Projct.elf.dir/ra/fsp/src/bsp/mcu/all/bsp_common.c.obj
 .ARM.attributes
                0x00000146       0x3a CMakeFiles/RA6M5-Projct.elf.dir/ra/fsp/src/bsp/mcu/all/bsp_delay.c.obj
 .ARM.attributes
                0x00000180       0x3a CMakeFiles/RA6M5-Projct.elf.dir/ra/fsp/src/bsp/mcu/all/bsp_group_irq.c.obj
 .ARM.attributes
                0x000001ba       0x3a CMakeFiles/RA6M5-Projct.elf.dir/ra/fsp/src/bsp/mcu/all/bsp_io.c.obj
 .ARM.attributes
                0x000001f4       0x3a CMakeFiles/RA6M5-Projct.elf.dir/ra/fsp/src/bsp/mcu/all/bsp_irq.c.obj
 .ARM.attributes
                0x0000022e       0x3a CMakeFiles/RA6M5-Projct.elf.dir/ra/fsp/src/bsp/mcu/all/bsp_register_protection.c.obj
 .ARM.attributes
                0x00000268       0x3a CMakeFiles/RA6M5-Projct.elf.dir/ra/fsp/src/bsp/mcu/all/bsp_sbrk.c.obj
 .ARM.attributes
                0x000002a2       0x3a CMakeFiles/RA6M5-Projct.elf.dir/ra/fsp/src/bsp/mcu/ra6m5/bsp_linker.c.obj
 .ARM.attributes
                0x000002dc       0x3a CMakeFiles/RA6M5-Projct.elf.dir/ra/fsp/src/r_adc/r_adc.c.obj
 .ARM.attributes
                0x00000316       0x3a CMakeFiles/RA6M5-Projct.elf.dir/ra/fsp/src/r_dtc/r_dtc.c.obj
 .ARM.attributes
                0x00000350       0x3a CMakeFiles/RA6M5-Projct.elf.dir/ra/fsp/src/r_icu/r_icu.c.obj
 .ARM.attributes
                0x0000038a       0x3a CMakeFiles/RA6M5-Projct.elf.dir/ra/fsp/src/r_ioport/r_ioport.c.obj
 .ARM.attributes
                0x000003c4       0x3a CMakeFiles/RA6M5-Projct.elf.dir/ra/fsp/src/r_sci_i2c/r_sci_i2c.c.obj
 .ARM.attributes
                0x000003fe       0x3a CMakeFiles/RA6M5-Projct.elf.dir/ra/fsp/src/r_sci_spi/r_sci_spi.c.obj
 .ARM.attributes
                0x00000438       0x3a CMakeFiles/RA6M5-Projct.elf.dir/ra/fsp/src/r_sci_uart/r_sci_uart.c.obj
 .ARM.attributes
                0x00000472       0x3a CMakeFiles/RA6M5-Projct.elf.dir/ra/fsp/src/r_spi/r_spi.c.obj
 .ARM.attributes
                0x000004ac       0x3a CMakeFiles/RA6M5-Projct.elf.dir/ra_gen/common_data.c.obj
 .ARM.attributes
                0x000004e6       0x3a CMakeFiles/RA6M5-Projct.elf.dir/ra_gen/hal_data.c.obj
 .ARM.attributes
                0x00000520       0x3a CMakeFiles/RA6M5-Projct.elf.dir/ra_gen/main.c.obj
 .ARM.attributes
                0x0000055a       0x3a CMakeFiles/RA6M5-Projct.elf.dir/ra_gen/pin_data.c.obj
 .ARM.attributes
                0x00000594       0x3a CMakeFiles/RA6M5-Projct.elf.dir/ra_gen/vector_data.c.obj
 .ARM.attributes
                0x000005ce       0x3a CMakeFiles/RA6M5-Projct.elf.dir/src/circle_buf.c.obj
 .ARM.attributes
                0x00000608       0x3a CMakeFiles/RA6M5-Projct.elf.dir/src/drv_dispenser.c.obj
 .ARM.attributes
                0x00000642       0x3a CMakeFiles/RA6M5-Projct.elf.dir/src/drv_gpio.c.obj
 .ARM.attributes
                0x0000067c       0x3a CMakeFiles/RA6M5-Projct.elf.dir/src/drv_uart.c.obj
 .ARM.attributes
                0x000006b6       0x3a CMakeFiles/RA6M5-Projct.elf.dir/src/hal_entry.c.obj
 .ARM.attributes
                0x000006f0       0x3a CMakeFiles/RA6M5-Projct.elf.dir/src/hal_systick.c.obj
 .ARM.attributes
                0x0000072a       0x3a CMakeFiles/RA6M5-Projct.elf.dir/src/hal_warmstart.c.obj
 .ARM.attributes
                0x00000764       0x38 /usr/lib/gcc/arm-none-eabi/14.2.0/../../../../arm-none-eabi/lib/thumb/v8-m.main+fp/hard/libg_nano.a(libc_a-findfp.o)
 .ARM.attributes
                0x0000079c       0x38 /usr/lib/gcc/arm-none-eabi/14.2.0/../../../../arm-none-eabi/lib/thumb/v8-m.main+fp/hard/libg_nano.a(libc_a-fwalk.o)
 .ARM.attributes
                0x000007d4       0x38 /usr/lib/gcc/arm-none-eabi/14.2.0/../../../../arm-none-eabi/lib/thumb/v8-m.main+fp/hard/libg_nano.a(libc_a-printf.o)
 .ARM.attributes
                0x0000080c       0x38 /usr/lib/gcc/arm-none-eabi/14.2.0/../../../../arm-none-eabi/lib/thumb/v8-m.main+fp/hard/libg_nano.a(libc_a-puts.o)
 .ARM.attributes
                0x00000844       0x38 /usr/lib/gcc/arm-none-eabi/14.2.0/../../../../arm-none-eabi/lib/thumb/v8-m.main+fp/hard/libg_nano.a(libc_a-snprintf.o)
 .ARM.attributes
                0x0000087c       0x38 /usr/lib/gcc/arm-none-eabi/14.2.0/../../../../arm-none-eabi/lib/thumb/v8-m.main+fp/hard/libg_nano.a(libc_a-stdio.o)
 .ARM.attributes
                0x000008b4       0x38 /usr/lib/gcc/arm-none-eabi/14.2.0/../../../../arm-none-eabi/lib/thumb/v8-m.main+fp/hard/libg_nano.a(libc_a-wbuf.o)
 .ARM.attributes
                0x000008ec       0x38 /usr/lib/gcc/arm-none-eabi/14.2.0/../../../../arm-none-eabi/lib/thumb/v8-m.main+fp/hard/libg_nano.a(libc_a-wsetup.o)
 .ARM.attributes
                0x00000924       0x38 /usr/lib/gcc/arm-none-eabi/14.2.0/../../../../arm-none-eabi/lib/thumb/v8-m.main+fp/hard/libg_nano.a(libc_a-memset.o)
 .ARM.attributes
                0x0000095c       0x38 /usr/lib/gcc/arm-none-eabi/14.2.0/../../../../arm-none-eabi/lib/thumb/v8-m.main+fp/hard/libg_nano.a(libc_a-closer.o)
 .ARM.attributes
                0x00000994       0x38 /usr/lib/gcc/arm-none-eabi/14.2.0/../../../../arm-none-eabi/lib/thumb/v8-m.main+fp/hard/libg_nano.a(libc_a-reent.o)
 .ARM.attributes
                0x000009cc       0x38 /usr/lib/gcc/arm-none-eabi/14.2.0/../../../../arm-none-eabi/lib/thumb/v8-m.main+fp/hard/libg_nano.a(libc_a-impure.o)
 .ARM.attributes
                0x00000a04       0x38 /usr/lib/gcc/arm-none-eabi/14.2.0/../../../../arm-none-eabi/lib/thumb/v8-m.main+fp/hard/libg_nano.a(libc_a-lseekr.o)
 .ARM.attributes
                0x00000a3c       0x38 /usr/lib/gcc/arm-none-eabi/14.2.0/../../../../arm-none-eabi/lib/thumb/v8-m.main+fp/hard/libg_nano.a(libc_a-readr.o)
 .ARM.attributes
                0x00000a74       0x38 /usr/lib/gcc/arm-none-eabi/14.2.0/../../../../arm-none-eabi/lib/thumb/v8-m.main+fp/hard/libg_nano.a(libc_a-writer.o)
 .ARM.attributes
                0x00000aac       0x38 /usr/lib/gcc/arm-none-eabi/14.2.0/../../../../arm-none-eabi/lib/thumb/v8-m.main+fp/hard/libg_nano.a(libc_a-errno.o)
 .ARM.attributes
                0x00000ae4       0x38 /usr/lib/gcc/arm-none-eabi/14.2.0/../../../../arm-none-eabi/lib/thumb/v8-m.main+fp/hard/libg_nano.a(libc_a-lock.o)
 .ARM.attributes
                0x00000b1c       0x24 /usr/lib/gcc/arm-none-eabi/14.2.0/../../../../arm-none-eabi/lib/thumb/v8-m.main+fp/hard/libg_nano.a(libc_a-strcmp.o)
 .ARM.attributes
                0x00000b40       0x38 /usr/lib/gcc/arm-none-eabi/14.2.0/../../../../arm-none-eabi/lib/thumb/v8-m.main+fp/hard/libg_nano.a(libc_a-memcpy-stub.o)
 .ARM.attributes
                0x00000b78       0x24 /usr/lib/gcc/arm-none-eabi/14.2.0/../../../../arm-none-eabi/lib/thumb/v8-m.main+fp/hard/libg_nano.a(libc_a-strlen.o)
 .ARM.attributes
                0x00000b9c       0x38 /usr/lib/gcc/arm-none-eabi/14.2.0/../../../../arm-none-eabi/lib/thumb/v8-m.main+fp/hard/libg_nano.a(libc_a-freer.o)
 .ARM.attributes
                0x00000bd4       0x38 /usr/lib/gcc/arm-none-eabi/14.2.0/../../../../arm-none-eabi/lib/thumb/v8-m.main+fp/hard/libg_nano.a(libc_a-mallocr.o)
 .ARM.attributes
                0x00000c0c       0x38 /usr/lib/gcc/arm-none-eabi/14.2.0/../../../../arm-none-eabi/lib/thumb/v8-m.main+fp/hard/libg_nano.a(libc_a-mlock.o)
 .ARM.attributes
                0x00000c44       0x38 /usr/lib/gcc/arm-none-eabi/14.2.0/../../../../arm-none-eabi/lib/thumb/v8-m.main+fp/hard/libg_nano.a(libc_a-nano-svfprintf.o)
 .ARM.attributes
                0x00000c7c       0x38 /usr/lib/gcc/arm-none-eabi/14.2.0/../../../../arm-none-eabi/lib/thumb/v8-m.main+fp/hard/libg_nano.a(libc_a-nano-vfprintf.o)
 .ARM.attributes
                0x00000cb4       0x38 /usr/lib/gcc/arm-none-eabi/14.2.0/../../../../arm-none-eabi/lib/thumb/v8-m.main+fp/hard/libg_nano.a(libc_a-nano-vfprintf_i.o)
 .ARM.attributes
                0x00000cec       0x38 /usr/lib/gcc/arm-none-eabi/14.2.0/../../../../arm-none-eabi/lib/thumb/v8-m.main+fp/hard/libg_nano.a(libc_a-fflush.o)
 .ARM.attributes
                0x00000d24       0x38 /usr/lib/gcc/arm-none-eabi/14.2.0/../../../../arm-none-eabi/lib/thumb/v8-m.main+fp/hard/libg_nano.a(libc_a-makebuf.o)
 .ARM.attributes
                0x00000d5c       0x38 /usr/lib/gcc/arm-none-eabi/14.2.0/../../../../arm-none-eabi/lib/thumb/v8-m.main+fp/hard/libg_nano.a(libc_a-memmove.o)
 .ARM.attributes
                0x00000d94       0x38 /usr/lib/gcc/arm-none-eabi/14.2.0/../../../../arm-none-eabi/lib/thumb/v8-m.main+fp/hard/libg_nano.a(libc_a-fstatr.o)
 .ARM.attributes
                0x00000dcc       0x38 /usr/lib/gcc/arm-none-eabi/14.2.0/../../../../arm-none-eabi/lib/thumb/v8-m.main+fp/hard/libg_nano.a(libc_a-isattyr.o)
 .ARM.attributes
                0x00000e04       0x38 /usr/lib/gcc/arm-none-eabi/14.2.0/../../../../arm-none-eabi/lib/thumb/v8-m.main+fp/hard/libg_nano.a(libc_a-sbrkr.o)
 .ARM.attributes
                0x00000e3c       0x38 /usr/lib/gcc/arm-none-eabi/14.2.0/../../../../arm-none-eabi/lib/thumb/v8-m.main+fp/hard/libg_nano.a(libc_a-memchr-stub.o)
 .ARM.attributes
                0x00000e74       0x38 /usr/lib/gcc/arm-none-eabi/14.2.0/../../../../arm-none-eabi/lib/thumb/v8-m.main+fp/hard/libg_nano.a(libc_a-reallocr.o)
 .ARM.attributes
                0x00000eac       0x38 /usr/lib/gcc/arm-none-eabi/14.2.0/../../../../arm-none-eabi/lib/thumb/v8-m.main+fp/hard/libg_nano.a(libc_a-msizer.o)

.comment        0x00000000       0x1e
 .comment       0x00000000       0x1e CMakeFiles/RA6M5-Projct.elf.dir/ra/fsp/src/bsp/cmsis/Device/RENESAS/Source/startup.c.obj
                                 0x1f (size before relaxing)
 .comment       0x0000001e       0x1f CMakeFiles/RA6M5-Projct.elf.dir/ra/fsp/src/bsp/cmsis/Device/RENESAS/Source/system.c.obj
 .comment       0x0000001e       0x1f CMakeFiles/RA6M5-Projct.elf.dir/ra/fsp/src/bsp/mcu/all/bsp_clocks.c.obj
 .comment       0x0000001e       0x1f CMakeFiles/RA6M5-Projct.elf.dir/ra/fsp/src/bsp/mcu/all/bsp_common.c.obj
 .comment       0x0000001e       0x1f CMakeFiles/RA6M5-Projct.elf.dir/ra/fsp/src/bsp/mcu/all/bsp_delay.c.obj
 .comment       0x0000001e       0x1f CMakeFiles/RA6M5-Projct.elf.dir/ra/fsp/src/bsp/mcu/all/bsp_group_irq.c.obj
 .comment       0x0000001e       0x1f CMakeFiles/RA6M5-Projct.elf.dir/ra/fsp/src/bsp/mcu/all/bsp_io.c.obj
 .comment       0x0000001e       0x1f CMakeFiles/RA6M5-Projct.elf.dir/ra/fsp/src/bsp/mcu/all/bsp_irq.c.obj
 .comment       0x0000001e       0x1f CMakeFiles/RA6M5-Projct.elf.dir/ra/fsp/src/bsp/mcu/all/bsp_register_protection.c.obj
 .comment       0x0000001e       0x1f CMakeFiles/RA6M5-Projct.elf.dir/ra/fsp/src/bsp/mcu/all/bsp_sbrk.c.obj
 .comment       0x0000001e       0x1f CMakeFiles/RA6M5-Projct.elf.dir/ra/fsp/src/bsp/mcu/ra6m5/bsp_linker.c.obj
 .comment       0x0000001e       0x1f CMakeFiles/RA6M5-Projct.elf.dir/ra/fsp/src/r_adc/r_adc.c.obj
 .comment       0x0000001e       0x1f CMakeFiles/RA6M5-Projct.elf.dir/ra/fsp/src/r_dtc/r_dtc.c.obj
 .comment       0x0000001e       0x1f CMakeFiles/RA6M5-Projct.elf.dir/ra/fsp/src/r_icu/r_icu.c.obj
 .comment       0x0000001e       0x1f CMakeFiles/RA6M5-Projct.elf.dir/ra/fsp/src/r_ioport/r_ioport.c.obj
 .comment       0x0000001e       0x1f CMakeFiles/RA6M5-Projct.elf.dir/ra/fsp/src/r_sci_i2c/r_sci_i2c.c.obj
 .comment       0x0000001e       0x1f CMakeFiles/RA6M5-Projct.elf.dir/ra/fsp/src/r_sci_spi/r_sci_spi.c.obj
 .comment       0x0000001e       0x1f CMakeFiles/RA6M5-Projct.elf.dir/ra/fsp/src/r_sci_uart/r_sci_uart.c.obj
 .comment       0x0000001e       0x1f CMakeFiles/RA6M5-Projct.elf.dir/ra/fsp/src/r_spi/r_spi.c.obj
 .comment       0x0000001e       0x1f CMakeFiles/RA6M5-Projct.elf.dir/ra_gen/common_data.c.obj
 .comment       0x0000001e       0x1f CMakeFiles/RA6M5-Projct.elf.dir/ra_gen/hal_data.c.obj
 .comment       0x0000001e       0x1f CMakeFiles/RA6M5-Projct.elf.dir/ra_gen/main.c.obj
 .comment       0x0000001e       0x1f CMakeFiles/RA6M5-Projct.elf.dir/ra_gen/pin_data.c.obj
 .comment       0x0000001e       0x1f CMakeFiles/RA6M5-Projct.elf.dir/ra_gen/vector_data.c.obj
 .comment       0x0000001e       0x1f CMakeFiles/RA6M5-Projct.elf.dir/src/circle_buf.c.obj
 .comment       0x0000001e       0x1f CMakeFiles/RA6M5-Projct.elf.dir/src/drv_dispenser.c.obj
 .comment       0x0000001e       0x1f CMakeFiles/RA6M5-Projct.elf.dir/src/drv_gpio.c.obj
 .comment       0x0000001e       0x1f CMakeFiles/RA6M5-Projct.elf.dir/src/drv_uart.c.obj
 .comment       0x0000001e       0x1f CMakeFiles/RA6M5-Projct.elf.dir/src/hal_entry.c.obj
 .comment       0x0000001e       0x1f CMakeFiles/RA6M5-Projct.elf.dir/src/hal_systick.c.obj
 .comment       0x0000001e       0x1f CMakeFiles/RA6M5-Projct.elf.dir/src/hal_warmstart.c.obj
 .comment       0x0000001e       0x1f /usr/lib/gcc/arm-none-eabi/14.2.0/../../../../arm-none-eabi/lib/thumb/v8-m.main+fp/hard/libg_nano.a(libc_a-findfp.o)
 .comment       0x0000001e       0x1f /usr/lib/gcc/arm-none-eabi/14.2.0/../../../../arm-none-eabi/lib/thumb/v8-m.main+fp/hard/libg_nano.a(libc_a-fwalk.o)
 .comment       0x0000001e       0x1f /usr/lib/gcc/arm-none-eabi/14.2.0/../../../../arm-none-eabi/lib/thumb/v8-m.main+fp/hard/libg_nano.a(libc_a-printf.o)
 .comment       0x0000001e       0x1f /usr/lib/gcc/arm-none-eabi/14.2.0/../../../../arm-none-eabi/lib/thumb/v8-m.main+fp/hard/libg_nano.a(libc_a-puts.o)
 .comment       0x0000001e       0x1f /usr/lib/gcc/arm-none-eabi/14.2.0/../../../../arm-none-eabi/lib/thumb/v8-m.main+fp/hard/libg_nano.a(libc_a-snprintf.o)
 .comment       0x0000001e       0x1f /usr/lib/gcc/arm-none-eabi/14.2.0/../../../../arm-none-eabi/lib/thumb/v8-m.main+fp/hard/libg_nano.a(libc_a-stdio.o)
 .comment       0x0000001e       0x1f /usr/lib/gcc/arm-none-eabi/14.2.0/../../../../arm-none-eabi/lib/thumb/v8-m.main+fp/hard/libg_nano.a(libc_a-wbuf.o)
 .comment       0x0000001e       0x1f /usr/lib/gcc/arm-none-eabi/14.2.0/../../../../arm-none-eabi/lib/thumb/v8-m.main+fp/hard/libg_nano.a(libc_a-wsetup.o)
 .comment       0x0000001e       0x1f /usr/lib/gcc/arm-none-eabi/14.2.0/../../../../arm-none-eabi/lib/thumb/v8-m.main+fp/hard/libg_nano.a(libc_a-memset.o)
 .comment       0x0000001e       0x1f /usr/lib/gcc/arm-none-eabi/14.2.0/../../../../arm-none-eabi/lib/thumb/v8-m.main+fp/hard/libg_nano.a(libc_a-closer.o)
 .comment       0x0000001e       0x1f /usr/lib/gcc/arm-none-eabi/14.2.0/../../../../arm-none-eabi/lib/thumb/v8-m.main+fp/hard/libg_nano.a(libc_a-reent.o)
 .comment       0x0000001e       0x1f /usr/lib/gcc/arm-none-eabi/14.2.0/../../../../arm-none-eabi/lib/thumb/v8-m.main+fp/hard/libg_nano.a(libc_a-impure.o)
 .comment       0x0000001e       0x1f /usr/lib/gcc/arm-none-eabi/14.2.0/../../../../arm-none-eabi/lib/thumb/v8-m.main+fp/hard/libg_nano.a(libc_a-lseekr.o)
 .comment       0x0000001e       0x1f /usr/lib/gcc/arm-none-eabi/14.2.0/../../../../arm-none-eabi/lib/thumb/v8-m.main+fp/hard/libg_nano.a(libc_a-readr.o)
 .comment       0x0000001e       0x1f /usr/lib/gcc/arm-none-eabi/14.2.0/../../../../arm-none-eabi/lib/thumb/v8-m.main+fp/hard/libg_nano.a(libc_a-writer.o)
 .comment       0x0000001e       0x1f /usr/lib/gcc/arm-none-eabi/14.2.0/../../../../arm-none-eabi/lib/thumb/v8-m.main+fp/hard/libg_nano.a(libc_a-errno.o)
 .comment       0x0000001e       0x1f /usr/lib/gcc/arm-none-eabi/14.2.0/../../../../arm-none-eabi/lib/thumb/v8-m.main+fp/hard/libg_nano.a(libc_a-lock.o)
 .comment       0x0000001e       0x1f /usr/lib/gcc/arm-none-eabi/14.2.0/../../../../arm-none-eabi/lib/thumb/v8-m.main+fp/hard/libg_nano.a(libc_a-memcpy-stub.o)
 .comment       0x0000001e       0x1f /usr/lib/gcc/arm-none-eabi/14.2.0/../../../../arm-none-eabi/lib/thumb/v8-m.main+fp/hard/libg_nano.a(libc_a-freer.o)
 .comment       0x0000001e       0x1f /usr/lib/gcc/arm-none-eabi/14.2.0/../../../../arm-none-eabi/lib/thumb/v8-m.main+fp/hard/libg_nano.a(libc_a-mallocr.o)