Archive member included to satisfy reference by file (symbol)

/usr/lib/gcc/arm-none-eabi/14.2.0/thumb/v8-m.main+fp/hard/libgcc.a(_aeabi_ldivmod.o)
                              CMakeFiles/UART.elf.dir/ra/fsp/src/r_sci_uart/r_sci_uart.c.obj (__aeabi_ldivmod)
/usr/lib/gcc/arm-none-eabi/14.2.0/thumb/v8-m.main+fp/hard/libgcc.a(_udivmoddi4.o)
                              /usr/lib/gcc/arm-none-eabi/14.2.0/thumb/v8-m.main+fp/hard/libgcc.a(_aeabi_ldivmod.o) (__udivmoddi4)
/usr/lib/gcc/arm-none-eabi/14.2.0/thumb/v8-m.main+fp/hard/libgcc.a(_dvmd_tls.o)
                              /usr/lib/gcc/arm-none-eabi/14.2.0/thumb/v8-m.main+fp/hard/libgcc.a(_aeabi_ldivmod.o) (__aeabi_ldiv0)
/usr/lib/gcc/arm-none-eabi/14.2.0/../../../../arm-none-eabi/lib/thumb/v8-m.main+fp/hard/libg_nano.a(libc_a-atexit.o)
                              /usr/lib/gcc/arm-none-eabi/14.2.0/../../../../arm-none-eabi/lib/thumb/v8-m.main+fp/hard/crt0.o (atexit)
/usr/lib/gcc/arm-none-eabi/14.2.0/../../../../arm-none-eabi/lib/thumb/v8-m.main+fp/hard/libg_nano.a(libc_a-exit.o)
                              /usr/lib/gcc/arm-none-eabi/14.2.0/../../../../arm-none-eabi/lib/thumb/v8-m.main+fp/hard/crt0.o (exit)
/usr/lib/gcc/arm-none-eabi/14.2.0/../../../../arm-none-eabi/lib/thumb/v8-m.main+fp/hard/libg_nano.a(libc_a-findfp.o)
                              /usr/lib/gcc/arm-none-eabi/14.2.0/../../../../arm-none-eabi/lib/thumb/v8-m.main+fp/hard/libg_nano.a(libc_a-exit.o) (__stdio_exit_handler)
/usr/lib/gcc/arm-none-eabi/14.2.0/../../../../arm-none-eabi/lib/thumb/v8-m.main+fp/hard/libg_nano.a(libc_a-fwalk.o)
                              /usr/lib/gcc/arm-none-eabi/14.2.0/../../../../arm-none-eabi/lib/thumb/v8-m.main+fp/hard/libg_nano.a(libc_a-findfp.o) (_fwalk_sglue)
/usr/lib/gcc/arm-none-eabi/14.2.0/../../../../arm-none-eabi/lib/thumb/v8-m.main+fp/hard/libg_nano.a(libc_a-printf.o)
                              CMakeFiles/UART.elf.dir/src/hal_entry.c.obj (printf)
/usr/lib/gcc/arm-none-eabi/14.2.0/../../../../arm-none-eabi/lib/thumb/v8-m.main+fp/hard/libg_nano.a(libc_a-puts.o)
                              CMakeFiles/UART.elf.dir/src/hal_entry.c.obj (puts)
/usr/lib/gcc/arm-none-eabi/14.2.0/../../../../arm-none-eabi/lib/thumb/v8-m.main+fp/hard/libg_nano.a(libc_a-scanf.o)
                              CMakeFiles/UART.elf.dir/src/hal_entry.c.obj (scanf)
/usr/lib/gcc/arm-none-eabi/14.2.0/../../../../arm-none-eabi/lib/thumb/v8-m.main+fp/hard/libg_nano.a(libc_a-stdio.o)
                              /usr/lib/gcc/arm-none-eabi/14.2.0/../../../../arm-none-eabi/lib/thumb/v8-m.main+fp/hard/libg_nano.a(libc_a-findfp.o) (__sread)
/usr/lib/gcc/arm-none-eabi/14.2.0/../../../../arm-none-eabi/lib/thumb/v8-m.main+fp/hard/libg_nano.a(libc_a-wbuf.o)
                              /usr/lib/gcc/arm-none-eabi/14.2.0/../../../../arm-none-eabi/lib/thumb/v8-m.main+fp/hard/libg_nano.a(libc_a-puts.o) (__swbuf_r)
/usr/lib/gcc/arm-none-eabi/14.2.0/../../../../arm-none-eabi/lib/thumb/v8-m.main+fp/hard/libg_nano.a(libc_a-wsetup.o)
                              /usr/lib/gcc/arm-none-eabi/14.2.0/../../../../arm-none-eabi/lib/thumb/v8-m.main+fp/hard/libg_nano.a(libc_a-puts.o) (__swsetup_r)
/usr/lib/gcc/arm-none-eabi/14.2.0/../../../../arm-none-eabi/lib/thumb/v8-m.main+fp/hard/libg_nano.a(libc_a-memset.o)
                              /usr/lib/gcc/arm-none-eabi/14.2.0/../../../../arm-none-eabi/lib/thumb/v8-m.main+fp/hard/crt0.o (memset)
/usr/lib/gcc/arm-none-eabi/14.2.0/../../../../arm-none-eabi/lib/thumb/v8-m.main+fp/hard/libg_nano.a(libc_a-closer.o)
                              /usr/lib/gcc/arm-none-eabi/14.2.0/../../../../arm-none-eabi/lib/thumb/v8-m.main+fp/hard/libg_nano.a(libc_a-stdio.o) (_close_r)
/usr/lib/gcc/arm-none-eabi/14.2.0/../../../../arm-none-eabi/lib/thumb/v8-m.main+fp/hard/libg_nano.a(libc_a-reent.o)
                              /usr/lib/gcc/arm-none-eabi/14.2.0/../../../../arm-none-eabi/lib/thumb/v8-m.main+fp/hard/libg_nano.a(libc_a-closer.o) (errno)
/usr/lib/gcc/arm-none-eabi/14.2.0/../../../../arm-none-eabi/lib/thumb/v8-m.main+fp/hard/libg_nano.a(libc_a-impure.o)
                              /usr/lib/gcc/arm-none-eabi/14.2.0/../../../../arm-none-eabi/lib/thumb/v8-m.main+fp/hard/libg_nano.a(libc_a-printf.o) (_impure_ptr)
/usr/lib/gcc/arm-none-eabi/14.2.0/../../../../arm-none-eabi/lib/thumb/v8-m.main+fp/hard/libg_nano.a(libc_a-lseekr.o)
                              /usr/lib/gcc/arm-none-eabi/14.2.0/../../../../arm-none-eabi/lib/thumb/v8-m.main+fp/hard/libg_nano.a(libc_a-stdio.o) (_lseek_r)
/usr/lib/gcc/arm-none-eabi/14.2.0/../../../../arm-none-eabi/lib/thumb/v8-m.main+fp/hard/libg_nano.a(libc_a-readr.o)
                              /usr/lib/gcc/arm-none-eabi/14.2.0/../../../../arm-none-eabi/lib/thumb/v8-m.main+fp/hard/libg_nano.a(libc_a-stdio.o) (_read_r)
/usr/lib/gcc/arm-none-eabi/14.2.0/../../../../arm-none-eabi/lib/thumb/v8-m.main+fp/hard/libg_nano.a(libc_a-writer.o)
[...]
Memory Configuration

Name             Origin             Length             Attributes
RAM              0x20000000         0x00080000         xrw
FLASH            0x00000000         0x00100000         xr
DATA_FLASH       0x08000000         0x00002000         xr
QSPI_FLASH       0x60000000         0x04000000         xr
OSPI0_CS0        0x68000000         0x08000000         xrw
OSPI0_CS1        0x70000000         0x10000000         xr
OPTION_SETTING_OFS0 0x0100a100         0x00000004         r
OPTION_SETTING_DUALSEL 0x0100a110         0x00000004         r
OPTION_SETTING_OFS1 0x0100a180         0x00000004         r
OPTION_SETTING_BANKSEL 0x0100a190         0x00000004         r
OPTION_SETTING_BPS 0x0100a1c0         0x00000010         r
OPTION_SETTING_PBPS 0x0100a1e0         0x00000010         r
OPTION_SETTING_OFS1_SEC 0x0100a200         0x00000004         r
OPTION_SETTING_BANKSEL_SEC 0x0100a210         0x00000004         r
OPTION_SETTING_BPS_SEC 0x0100a240         0x00000010         r
OPTION_SETTING_PBPS_SEC 0x0100a260         0x00000010         r
OPTION_SETTING_OFS1_SEL 0x0100a280         0x00000004         r
OPTION_SETTING_BANKSEL_SEL 0x0100a290         0x00000004         r
OPTION_SETTING_BPS_SEL 0x0100a2c0         0x00000010         r
*default*        0x00000000         0xffffffff

Linker script and memory map

LOAD /usr/lib/gcc/arm-none-eabi/14.2.0/thumb/v8-m.main+fp/hard/crti.o
LOAD /usr/lib/gcc/arm-none-eabi/14.2.0/thumb/v8-m.main+fp/hard/crtbegin.o
LOAD /usr/lib/gcc/arm-none-eabi/14.2.0/../../../../arm-none-eabi/lib/thumb/v8-m.main+fp/hard/crt0.o
LOAD CMakeFiles/UART.elf.dir/ra/fsp/src/bsp/cmsis/Device/RENESAS/Source/startup.c.obj
LOAD CMakeFiles/UART.elf.dir/ra/fsp/src/bsp/cmsis/Device/RENESAS/Source/system.c.obj
LOAD CMakeFiles/UART.elf.dir/ra/fsp/src/bsp/mcu/all/bsp_clocks.c.obj
LOAD CMakeFiles/UART.elf.dir/ra/fsp/src/bsp/mcu/all/bsp_common.c.obj
LOAD CMakeFiles/UART.elf.dir/ra/fsp/src/bsp/mcu/all/bsp_delay.c.obj
LOAD CMakeFiles/UART.elf.dir/ra/fsp/src/bsp/mcu/all/bsp_group_irq.c.obj
LOAD CMakeFiles/UART.elf.dir/ra/fsp/src/bsp/mcu/all/bsp_guard.c.obj
LOAD CMakeFiles/UART.elf.dir/ra/fsp/src/bsp/mcu/all/bsp_io.c.obj
LOAD CMakeFiles/UART.elf.dir/ra/fsp/src/bsp/mcu/all/bsp_ipc.c.obj
LOAD CMakeFiles/UART.elf.dir/ra/fsp/src/bsp/mcu/all/bsp_irq.c.obj
LOAD CMakeFiles/UART.elf.dir/ra/fsp/src/bsp/mcu/all/bsp_macl.c.obj
LOAD CMakeFiles/UART.elf.dir/ra/fsp/src/bsp/mcu/all/bsp_ospi_b.c.obj
LOAD CMakeFiles/UART.elf.dir/ra/fsp/src/bsp/mcu/all/bsp_register_protection.c.obj
LOAD CMakeFiles/UART.elf.dir/ra/fsp/src/bsp/mcu/all/bsp_sbrk.c.obj
LOAD CMakeFiles/UART.elf.dir/ra/fsp/src/bsp/mcu/all/bsp_sdram.c.obj
LOAD CMakeFiles/UART.elf.dir/ra/fsp/src/bsp/mcu/all/bsp_security.c.obj
LOAD CMakeFiles/UART.elf.dir/ra/fsp/src/bsp/mcu/ra6m5/bsp_linker.c.obj
LOAD CMakeFiles/UART.elf.dir/ra/fsp/src/r_ioport/r_ioport.c.obj
LOAD CMakeFiles/UART.elf.dir/ra/fsp/src/r_sci_uart/r_sci_uart.c.obj
LOAD CMakeFiles/UART.elf.dir/ra_gen/common_data.c.obj
LOAD CMakeFiles/UART.elf.dir/ra_gen/hal_data.c.obj
LOAD CMakeFiles/UART.elf.dir/ra_gen/main.c.obj
LOAD CMakeFiles/UART.elf.dir/ra_gen/pin_data.c.obj
LOAD CMakeFiles/UART.elf.dir/ra_gen/vector_data.c.obj
LOAD CMakeFiles/UART.elf.dir/src/hal_entry.c.obj
LOAD CMakeFiles/UART.elf.dir/src/hal_warmstart.c.obj
START GROUP
LOAD /usr/lib/gcc/arm-none-eabi/14.2.0/thumb/v8-m.main+fp/hard/libgcc.a
LOAD /usr/lib/gcc/arm-none-eabi/14.2.0/../../../../arm-none-eabi/lib/thumb/v8-m.main+fp/hard/libg_nano.a
LOAD /usr/lib/gcc/arm-none-eabi/14.2.0/../../../../arm-none-eabi/lib/thumb/v8-m.main+fp/hard/libc_nano.a
END GROUP
START GROUP
LOAD /usr/lib/gcc/arm-none-eabi/14.2.0/thumb/v8-m.main+fp/hard/libgcc.a
LOAD /usr/lib/gcc/arm-none-eabi/14.2.0/../../../../arm-none-eabi/lib/thumb/v8-m.main+fp/hard/libc_nano.a
END GROUP
LOAD /usr/lib/gcc/arm-none-eabi/14.2.0/thumb/v8-m.main+fp/hard/crtend.o
LOAD /usr/lib/gcc/arm-none-eabi/14.2.0/thumb/v8-m.main+fp/hard/crtn.o
                0x20000000                        RAM_START = 0x20000000
                0x00080000                        RAM_LENGTH = 0x80000
                0x00000000                        FLASH_START = 0x0
                0x00100000                        FLASH_LENGTH = 0x100000
                0x08000000                        DATA_FLASH_START = 0x8000000
                0x00002000                        DATA_FLASH_LENGTH = 0x2000
                0x60000000                        QSPI_FLASH_START = 0x60000000
                0x04000000                        QSPI_FLASH_LENGTH = 0x4000000
                0x68000000                        OSPI0_CS0_START = 0x68000000
                0x08000000                        OSPI0_CS0_LENGTH = 0x8000000
                0x70000000                        OSPI0_CS1_START = 0x70000000
                0x10000000                        OSPI0_CS1_LENGTH = 0x10000000
                0x0100a100                        OPTION_SETTING_OFS0_START = 0x100a100
                0x00000004                        OPTION_SETTING_OFS0_LENGTH = 0x4
                0x0100a110                        OPTION_SETTING_DUALSEL_START = 0x100a110
                0x00000004                        OPTION_SETTING_DUALSEL_LENGTH = 0x4
                0x0100a180                        OPTION_SETTING_OFS1_START = 0x100a180
                0x00000004                        OPTION_SETTING_OFS1_LENGTH = 0x4
                0x0100a190                        OPTION_SETTING_BANKSEL_START = 0x100a190
                0x00000004                        OPTION_SETTING_BANKSEL_LENGTH = 0x4
                0x0100a1c0                        OPTION_SETTING_BPS_START = 0x100a1c0
                0x00000010                        OPTION_SETTING_BPS_LENGTH = 0x10
                0x0100a1e0                        OPTION_SETTING_PBPS_START = 0x100a1e0
                0x00000010                        OPTION_SETTING_PBPS_LENGTH = 0x10
                0x0100a200                        OPTION_SETTING_OFS1_SEC_START = 0x100a200
                0x00000004                        OPTION_SETTING_OFS1_SEC_LENGTH = 0x4
                0x0100a210                        OPTION_SETTING_BANKSEL_SEC_START = 0x100a210
                0x00000004                        OPTION_SETTING_BANKSEL_SEC_LENGTH = 0x4
                0x0100a240                        OPTION_SETTING_BPS_SEC_START = 0x100a240
                0x00000010                        OPTION_SETTING_BPS_SEC_LENGTH = 0x10
                0x0100a260                        OPTION_SETTING_PBPS_SEC_START = 0x100a260
                0x00000010                        OPTION_SETTING_PBPS_SEC_LENGTH = 0x10
                0x0100a280                        OPTION_SETTING_OFS1_SEL_START = 0x100a280
                0x00000004                        OPTION_SETTING_OFS1_SEL_LENGTH = 0x4
                0x0100a290                        OPTION_SETTING_BANKSEL_SEL_START = 0x100a290
                0x00000004                        OPTION_SETTING_BANKSEL_SEL_LENGTH = 0x4
                0x0100a2c0                        OPTION_SETTING_BPS_SEL_START = 0x100a2c0
                0x00000010                        OPTION_SETTING_BPS_SEL_LENGTH = 0x10
START GROUP
LOAD /usr/lib/gcc/arm-none-eabi/14.2.0/thumb/v8-m.main+fp/hard/libgcc.a
LOAD /usr/lib/gcc/arm-none-eabi/14.2.0/../../../../arm-none-eabi/lib/thumb/v8-m.main+fp/hard/libc.a
LOAD /usr/lib/gcc/arm-none-eabi/14.2.0/../../../../arm-none-eabi/lib/thumb/v8-m.main+fp/hard/libm.a
END GROUP

.qspi_flash.startof
                0x60000000        0x0
                0x60000000                        __ddsc_QSPI_FLASH_START = .

.ospi0_cs0.startof
                0x68000000        0x0
                0x68000000                        __ddsc_OSPI0_CS0_START = .

__ospi0_cs0_from_qspi_flash$$
                0x68000000        0x0 load address 0x60000000
                0x68000000                        __ospi0_cs0_from_qspi_flash$$Base = .
                0x60000000                        __ospi0_cs0_from_qspi_flash$$Load = LOADADDR (__ospi0_cs0_from_qspi_flash$$)
 *(.ospi0_cs0_from_qspi_flash)
 *(.ospi0_cs0_code_from_qspi_flash)
                0x68000000                        __ospi0_cs0_from_qspi_flash$$Limit = .

.ram.startof    0x20000000        0x0
                0x20000000                        __ddsc_RAM_START = .

__ram_dtc_vector$$
                0x20000000        0x0
                0x20000000                        __ram_dtc_vector$$Base = .
 *(.fsp_dtc_vector_table)
                0x20000000                        __ram_dtc_vector$$Limit = .

__ram_from_qspi_flash$$
                0x20000000        0x0 load address 0x60000000
                0x20000000                        __ram_from_qspi_flash$$Base = .
                0x60000000                        __ram_from_qspi_flash$$Load = LOADADDR (__ram_from_qspi_flash$$)
 *(.ram_from_qspi_flash)
 *(.ram_code_from_qspi_flash)
                0x20000000                        __ram_from_qspi_flash$$Limit = .

__qspi_flash_readonly$$
                0x60000000        0x0
                0x60000000                        __qspi_flash_readonly$$Base = .
 *(.qspi_flash)
 *(.qspi_flash_code)
                0x60000000                        __qspi_flash_readonly$$Limit = .

__qspi_flash_noinit$$
                0x60000000        0x0
                0x60000000                        __qspi_flash_noinit$$Base = .
 *(.qspi_flash_noinit)
                0x60000000                        __qspi_flash_noinit$$Limit = .

.qspi_flash.endof
                0x60000000        0x0
                0x60000000                        __ddsc_QSPI_FLASH_END = .

.ospi0_cs1.startof
                0x70000000        0x0
                0x70000000                        __ddsc_OSPI0_CS1_START = .

__ospi0_cs0_from_ospi0_cs1$$
                0x68000000        0x0 load address 0x70000000
                0x68000000                        __ospi0_cs0_from_ospi0_cs1$$Base = .
                0x70000000                        __ospi0_cs0_from_ospi0_cs1$$Load = LOADADDR (__ospi0_cs0_from_ospi0_cs1$$)
 *(.ospi0_cs0_from_ospi0_cs1)
 *(.ospi0_cs0_code_from_ospi0_cs1)
                0x68000000                        __ospi0_cs0_from_ospi0_cs1$$Limit = .

__ram_from_ospi0_cs1$$
                0x20000000        0x0 load address 0x70000000
                0x20000000                        __ram_from_ospi0_cs1$$Base = .
                0x70000000                        __ram_from_ospi0_cs1$$Load = LOADADDR (__ram_from_ospi0_cs1$$)
 *(.ram_from_ospi0_cs1)
 *(.ram_code_from_ospi0_cs1)
                0x20000000                        __ram_from_ospi0_cs1$$Limit = .

__ospi0_cs1_readonly$$
                0x70000000        0x0
                0x70000000                        __ospi0_cs1_readonly$$Base = .
 *(.ospi0_cs1)
 *(.ospi0_cs1_code)
                0x70000000                        __ospi0_cs1_readonly$$Limit = .

__ospi0_cs1_noinit$$
                0x70000000        0x0
                0x70000000                        __ospi0_cs1_noinit$$Base = .
 *(.ospi0_cs1_noinit)
                0x70000000                        __ospi0_cs1_noinit$$Limit = .

.ospi0_cs1.endof
                0x70000000        0x0
                0x70000000                        __ddsc_OSPI0_CS1_END = .

.data_flash.startof
                0x08000000        0x0
                0x08000000                        __ddsc_DATA_FLASH_START = .

__ospi0_cs0_from_data_flash$$
                0x68000000        0x0 load address 0x08000000
                0x68000000                        __ospi0_cs0_from_data_flash$$Base = .
                0x08000000                        __ospi0_cs0_from_data_flash$$Load = LOADADDR (__ospi0_cs0_from_data_flash$$)
 *(.ospi0_cs0_from_data_flash)
 *(.ospi0_cs0_code_from_data_flash)
                0x68000000                        __ospi0_cs0_from_data_flash$$Limit = .

__ram_from_data_flash$$
                0x20000000        0x0 load address 0x08000000
                0x20000000                        __ram_from_data_flash$$Base = .
                0x08000000                        __ram_from_data_flash$$Load = LOADADDR (__ram_from_data_flash$$)
 *(.ram_from_data_flash)
 *(.ram_code_from_data_flash)
                0x20000000                        __ram_from_data_flash$$Limit = .

__data_flash_readonly$$
                0x08000000        0x0
                0x08000000                        __data_flash_readonly$$Base = .
 *(.data_flash)
 *(.data_flash_code)
                0x08000000                        __data_flash_readonly$$Limit = .

__data_flash_noinit$$
                0x08000000        0x0
                0x08000000                        __data_flash_noinit$$Base = .
 *(.data_flash_noinit)
                0x08000000                        __data_flash_noinit$$Limit = .

.data_flash.endof
                0x08000000        0x0
                0x08000000                        __ddsc_DATA_FLASH_END = .

.flash.startof  0x00000000        0x0
                0x00000000                        __ddsc_FLASH_START = .

__flash_vectors$$
                0x00000000       0x60
                0x00000000                        __flash_vectors$$Base = .
                0x00000000                        _VECTORS = .
 *(.fixed_vectors)
 .fixed_vectors
                0x00000000       0x40 CMakeFiles/UART.elf.dir/ra/fsp/src/bsp/cmsis/Device/RENESAS/Source/startup.c.obj
                0x00000000                __Vectors
 *(.application_vectors)
 .application_vectors
                0x00000040       0x20 CMakeFiles/UART.elf.dir/ra_gen/vector_data.c.obj
                0x00000040                g_vector_table
                0x00000060                        __flash_vectors$$Limit = .

__flash_noinit$$
                0x00000060        0x0
                0x00000060                        __flash_noinit$$Base = .
 *(.flash_noinit)
                0x00000060                        __flash_noinit$$Limit = .

__ospi0_cs0_from_flash$$
                0x68000000        0x0 load address 0x00000060
                0x68000000                        __ospi0_cs0_from_flash$$Base = .
                0x00000060                        __ospi0_cs0_from_flash$$Load = LOADADDR (__ospi0_cs0_from_flash$$)
 *(.ospi0_cs0_from_flash)
 *(.ospi0_cs0_code_from_flash)
                0x68000000                        __ospi0_cs0_from_flash$$Limit = .

__ospi0_cs0_noinit_nocache$$
                0x68000000        0x0 load address 0x00000060
                0x68000000                        __ospi0_cs0_noinit_nocache$$Base = .
 *(.ospi0_cs0_noinit_nocache)
                0x68000000                        __ospi0_cs0_noinit_nocache$$Limit = .

__ospi0_cs0_zero_nocache$$
                0x68000000        0x0 load address 0x00000060
                0x68000000                        __ospi0_cs0_zero_nocache$$Base = .
 *(.ospi0_cs0_nocache)
                0x68000000                        . = ALIGN (0x20)
                0x68000000                        __ospi0_cs0_zero_nocache$$Limit = .

__ospi0_cs0_noinit$$
                0x68000000        0x0 load address 0x00000060
                0x68000000                        __ospi0_cs0_noinit$$Base = .
 *(.ospi0_cs0_noinit)
                0x68000000                        __ospi0_cs0_noinit$$Limit = .

__ospi0_cs0_zero$$
                0x68000000        0x0 load address 0x00000060
                0x68000000                        __ospi0_cs0_zero$$Base = .
 *(.ospi0_cs0)
                0x68000000                        __ospi0_cs0_zero$$Limit = .

.ospi0_cs0.endof
                0x68000000        0x0
                0x68000000                        __ddsc_OSPI0_CS0_END = .

__ram_from_flash$$
                0x20000000       0x60 load address 0x00000060
                0x20000000                        __ram_from_flash$$Base = .
                0x00000060                        __ram_from_flash$$Load = LOADADDR (__ram_from_flash$$)
 *(.ram_from_flash)
 *(.ram_code_from_flash)
 *(.data*)
 .data.g_uart2_baud_setting
                0x20000000        0x4 CMakeFiles/UART.elf.dir/ra_gen/hal_data.c.obj
                0x20000000                g_uart2_baud_setting
 .data.__sglue  0x20000004        0xc /usr/lib/gcc/arm-none-eabi/14.2.0/../../../../arm-none-eabi/lib/thumb/v8-m.main+fp/hard/libg_nano.a(libc_a-findfp.o)
                0x20000004                __sglue
 .data._impure_ptr
                0x20000010        0x4 /usr/lib/gcc/arm-none-eabi/14.2.0/../../../../arm-none-eabi/lib/thumb/v8-m.main+fp/hard/libg_nano.a(libc_a-impure.o)
                0x20000010                _impure_ptr
 .data._impure_data
                0x20000014       0x4c /usr/lib/gcc/arm-none-eabi/14.2.0/../../../../arm-none-eabi/lib/thumb/v8-m.main+fp/hard/libg_nano.a(libc_a-impure.o)
                0x20000014                _impure_data
 *(vtable)
                0x20000060                        __ram_from_flash$$Limit = .

__ram_noinit_nocache$$
                0x20000060        0x0 load address 0x000000c0
                0x20000060                        __ram_noinit_nocache$$Base = .
 *(.ram_noinit_nocache)
                0x20000060                        __ram_noinit_nocache$$Limit = .

__ram_zero_nocache$$
                0x20000060        0x0 load address 0x000000c0
                0x20000060                        __ram_zero_nocache$$Base = .
 *(.ram_nocache)
                0x20000060                        . = ALIGN (0x20)
                0x20000060                        __ram_zero_nocache$$Limit = .

__ram_noinit$$  0x20000060      0x41c load address 0x000000c0
                0x20000060                        __ram_noinit$$Base = .
 *(.bss.g_heap)
 *(.bss.g_main_stack)
 .bss.g_main_stack
                0x20000060      0x400 CMakeFiles/UART.elf.dir/ra/fsp/src/bsp/cmsis/Device/RENESAS/Source/startup.c.obj
                0x20000060                g_main_stack
 *(.ram_noinit)
 .ram_noinit    0x20000460       0x1c CMakeFiles/UART.elf.dir/ra/fsp/src/bsp/mcu/all/bsp_clocks.c.obj
 *(.noinit)
                0x2000047c                        __ram_noinit$$Limit = .

__ram_zero$$    0x2000047c      0x21c load address 0x000000c0
                0x2000047c                        __ram_zero$$Base = .
 *(.ram)
 *(.bss*)
 .bss.completed.1
                0x2000047c        0x1 /usr/lib/gcc/arm-none-eabi/14.2.0/thumb/v8-m.main+fp/hard/crtbegin.o
 *fill*         0x2000047d        0x3 
 .bss.object.0  0x20000480       0x18 /usr/lib/gcc/arm-none-eabi/14.2.0/thumb/v8-m.main+fp/hard/crtbegin.o
 .bss.SystemCoreClock
                0x20000498        0x4 CMakeFiles/UART.elf.dir/ra/fsp/src/bsp/cmsis/Device/RENESAS/Source/system.c.obj
                0x20000498                SystemCoreClock
 .bss.g_bsp_group_irq_sources
                0x2000049c       0x40 CMakeFiles/UART.elf.dir/ra/fsp/src/bsp/mcu/all/bsp_group_irq.c.obj
                0x2000049c                g_bsp_group_irq_sources
 .bss.g_protect_pfswe_counter
                0x200004dc        0x4 CMakeFiles/UART.elf.dir/ra/fsp/src/bsp/mcu/all/bsp_io.c.obj
                0x200004dc                g_protect_pfswe_counter
 .bss.gp_renesas_isr_context
                0x200004e0       0x20 CMakeFiles/UART.elf.dir/ra/fsp/src/bsp/mcu/all/bsp_irq.c.obj
                0x200004e0                gp_renesas_isr_context
 .bss.g_protect_counters
                0x20000500        0xa CMakeFiles/UART.elf.dir/ra/fsp/src/bsp/mcu/all/bsp_register_protection.c.obj
                0x20000500                g_protect_counters
 *fill*         0x2000050a        0x2 
 .bss.g_ioport_ctrl
                0x2000050c        0x8 CMakeFiles/UART.elf.dir/ra_gen/common_data.c.obj
                0x2000050c                g_ioport_ctrl
 .bss.g_uart2_ctrl
                0x20000514       0x30 CMakeFiles/UART.elf.dir/ra_gen/hal_data.c.obj
                0x20000514                g_uart2_ctrl
 .bss.g_uart2_rx_complete
                0x20000544        0x4 CMakeFiles/UART.elf.dir/src/hal_entry.c.obj
 .bss.g_uart2_tx_complete
                0x20000548        0x4 CMakeFiles/UART.elf.dir/src/hal_entry.c.obj
 .bss.__sf      0x2000054c      0x138 /usr/lib/gcc/arm-none-eabi/14.2.0/../../../../arm-none-eabi/lib/thumb/v8-m.main+fp/hard/libg_nano.a(libc_a-findfp.o)
                0x2000054c                __sf
 .bss.__stdio_exit_handler
                0x20000684        0x4 /usr/lib/gcc/arm-none-eabi/14.2.0/../../../../arm-none-eabi/lib/thumb/v8-m.main+fp/hard/libg_nano.a(libc_a-findfp.o)
                0x20000684                __stdio_exit_handler
 .bss.errno     0x20000688        0x4 /usr/lib/gcc/arm-none-eabi/14.2.0/../../../../arm-none-eabi/lib/thumb/v8-m.main+fp/hard/libg_nano.a(libc_a-reent.o)
                0x20000688                errno
 .bss.__lock___malloc_recursive_mutex
                0x2000068c        0x1 /usr/lib/gcc/arm-none-eabi/14.2.0/../../../../arm-none-eabi/lib/thumb/v8-m.main+fp/hard/libg_nano.a(libc_a-lock.o)
                0x2000068c                __lock___malloc_recursive_mutex
 .bss.__lock___sfp_recursive_mutex
                0x2000068d        0x1 /usr/lib/gcc/arm-none-eabi/14.2.0/../../../../arm-none-eabi/lib/thumb/v8-m.main+fp/hard/libg_nano.a(libc_a-lock.o)
                0x2000068d                __lock___sfp_recursive_mutex
 *fill*         0x2000068e        0x2 
 .bss.__malloc_sbrk_start
                0x20000690        0x4 /usr/lib/gcc/arm-none-eabi/14.2.0/../../../../arm-none-eabi/lib/thumb/v8-m.main+fp/hard/libg_nano.a(libc_a-mallocr.o)
                0x20000690                __malloc_sbrk_start
 .bss.__malloc_free_list
                0x20000694        0x4 /usr/lib/gcc/arm-none-eabi/14.2.0/../../../../arm-none-eabi/lib/thumb/v8-m.main+fp/hard/libg_nano.a(libc_a-mallocr.o)
                0x20000694                __malloc_free_list
                0x20000698                        __ram_zero$$Limit = .

__ram_thread_stack$$
                0x20000698        0x0 load address 0x000000c0
                0x20000698                        __ram_thread_stack$$Base = .
 *(.stack?*)
                0x20000698                        __ram_thread_stack$$Limit = .

.ram.endof      0x20000800        0x0
                0x20000800                        __ddsc_RAM_END = .

__flash_readonly$$
                0x000000c0     0x30d4
                0x000000c0                        __flash_readonly$$Base = .
 *(.flash)
 *(.flash_code)
 *(.text*)
 .text.__do_global_dtors_aux
                0x000000c0       0x24 /usr/lib/gcc/arm-none-eabi/14.2.0/thumb/v8-m.main+fp/hard/crtbegin.o
 .text.frame_dummy
                0x000000e4       0x1c /usr/lib/gcc/arm-none-eabi/14.2.0/thumb/v8-m.main+fp/hard/crtbegin.o
 .text.Default_Handler
                0x00000100        0x4 CMakeFiles/UART.elf.dir/ra/fsp/src/bsp/cmsis/Device/RENESAS/Source/startup.c.obj
                0x00000100                DebugMon_Handler
                0x00000100                HardFault_Handler
                0x00000100                SysTick_Handler
                0x00000100                PendSV_Handler
                0x00000100                UsageFault_Handler
                0x00000100                SecureFault_Handler
                0x00000100                Default_Handler
                0x00000100                MemManage_Handler
                0x00000100                SVC_Handler
                0x00000100                BusFault_Handler
 .text.Reset_Handler
                0x00000104        0xc CMakeFiles/UART.elf.dir/ra/fsp/src/bsp/cmsis/Device/RENESAS/Source/startup.c.obj
                0x00000104                Reset_Handler
 .text.SystemRuntimeInit
                0x00000110       0x64 CMakeFiles/UART.elf.dir/ra/fsp/src/bsp/cmsis/Device/RENESAS/Source/system.c.obj
 .text.SystemInit
                0x00000174       0xc0 CMakeFiles/UART.elf.dir/ra/fsp/src/bsp/cmsis/Device/RENESAS/Source/system.c.obj
                0x00000174                SystemInit
 .text.SystemCoreClockUpdate
                0x00000234       0x28 CMakeFiles/UART.elf.dir/ra/fsp/src/bsp/mcu/all/bsp_clocks.c.obj
                0x00000234                SystemCoreClockUpdate
 .text.R_BSP_SubClockStabilizeWaitAfterReset
                0x0000025c        0x4 CMakeFiles/UART.elf.dir/ra/fsp/src/bsp/mcu/all/bsp_clocks.c.obj
                0x0000025c                R_BSP_SubClockStabilizeWaitAfterReset
 .text.bsp_clock_init
                0x00000260      0x14c CMakeFiles/UART.elf.dir/ra/fsp/src/bsp/mcu/all/bsp_clocks.c.obj
                0x00000260                bsp_clock_init
 .text.R_BSP_Init_RTC
                0x000003ac       0xb0 CMakeFiles/UART.elf.dir/ra/fsp/src/bsp/mcu/all/bsp_clocks.c.obj
                0x000003ac                R_BSP_Init_RTC
 .text.bsp_init_internal
                0x0000045c        0x4 CMakeFiles/UART.elf.dir/ra/fsp/src/bsp/mcu/all/bsp_common.c.obj
                0x0000045c                bsp_init
                0x0000045c                bsp_init_internal
 .text.bsp_prv_software_delay_loop
                0x00000460        0xc CMakeFiles/UART.elf.dir/ra/fsp/src/bsp/mcu/all/bsp_delay.c.obj
                0x00000460                bsp_prv_software_delay_loop
 .text.R_BSP_SoftwareDelay
                0x0000046c       0x8c CMakeFiles/UART.elf.dir/ra/fsp/src/bsp/mcu/all/bsp_delay.c.obj
                0x0000046c                R_BSP_SoftwareDelay
 .text.NMI_Handler
                0x000004f8       0x3c CMakeFiles/UART.elf.dir/ra/fsp/src/bsp/mcu/all/bsp_group_irq.c.obj
                0x000004f8                NMI_Handler
 .text.bsp_irq_cfg
                0x00000534       0x94 CMakeFiles/UART.elf.dir/ra/fsp/src/bsp/mcu/all/bsp_irq.c.obj
                0x00000534                bsp_irq_cfg
 .text.R_BSP_RegisterProtectEnable
                0x000005c8       0x60 CMakeFiles/UART.elf.dir/ra/fsp/src/bsp/mcu/all/bsp_register_protection.c.obj
                0x000005c8                R_BSP_RegisterProtectEnable
 .text.R_BSP_RegisterProtectDisable
                0x00000628       0x54 CMakeFiles/UART.elf.dir/ra/fsp/src/bsp/mcu/all/bsp_register_protection.c.obj
                0x00000628                R_BSP_RegisterProtectDisable
 .text._sbrk    0x0000067c       0x14 CMakeFiles/UART.elf.dir/ra/fsp/src/bsp/mcu/all/bsp_sbrk.c.obj
                0x0000067c                _sbrk
 .text.R_IOPORT_Close
                0x00000690        0xc CMakeFiles/UART.elf.dir/ra/fsp/src/r_ioport/r_ioport.c.obj
                0x00000690                R_IOPORT_Close
 .text.R_IOPORT_PinRead
                0x0000069c       0x24 CMakeFiles/UART.elf.dir/ra/fsp/src/r_ioport/r_ioport.c.obj
                0x0000069c                R_IOPORT_PinRead
 .text.R_IOPORT_PortRead
                0x000006c0       0x14 CMakeFiles/UART.elf.dir/ra/fsp/src/r_ioport/r_ioport.c.obj
                0x000006c0                R_IOPORT_PortRead
 .text.R_IOPORT_PortWrite
                0x000006d4       0x1c CMakeFiles/UART.elf.dir/ra/fsp/src/r_ioport/r_ioport.c.obj
                0x000006d4                R_IOPORT_PortWrite
 .text.R_IOPORT_PinWrite
                0x000006f0       0x20 CMakeFiles/UART.elf.dir/ra/fsp/src/r_ioport/r_ioport.c.obj
                0x000006f0                R_IOPORT_PinWrite
 .text.R_IOPORT_PortDirectionSet
                0x00000710       0x2c CMakeFiles/UART.elf.dir/ra/fsp/src/r_ioport/r_ioport.c.obj
                0x00000710                R_IOPORT_PortDirectionSet
 .text.R_IOPORT_PortEventInputRead
                0x0000073c       0x18 CMakeFiles/UART.elf.dir/ra/fsp/src/r_ioport/r_ioport.c.obj
                0x0000073c                R_IOPORT_PortEventInputRead
 .text.R_IOPORT_PinEventInputRead
                0x00000754       0x34 CMakeFiles/UART.elf.dir/ra/fsp/src/r_ioport/r_ioport.c.obj
                0x00000754                R_IOPORT_PinEventInputRead
 .text.R_IOPORT_PortEventOutputWrite
                0x00000788       0x1c CMakeFiles/UART.elf.dir/ra/fsp/src/r_ioport/r_ioport.c.obj
                0x00000788                R_IOPORT_PortEventOutputWrite
 .text.R_IOPORT_PinEventOutputWrite
                0x000007a4       0x34 CMakeFiles/UART.elf.dir/ra/fsp/src/r_ioport/r_ioport.c.obj
                0x000007a4                R_IOPORT_PinEventOutputWrite
 .text.bsp_vbatt_init
                0x000007d8       0xe8 CMakeFiles/UART.elf.dir/ra/fsp/src/r_ioport/r_ioport.c.obj
 .text.r_ioport_pins_config
                0x000008c0       0xac CMakeFiles/UART.elf.dir/ra/fsp/src/r_ioport/r_ioport.c.obj
 .text.R_IOPORT_Open
                0x0000096c       0x14 CMakeFiles/UART.elf.dir/ra/fsp/src/r_ioport/r_ioport.c.obj
                0x0000096c                R_IOPORT_Open
 .text.R_IOPORT_PinsCfg
                0x00000980        0xc CMakeFiles/UART.elf.dir/ra/fsp/src/r_ioport/r_ioport.c.obj
                0x00000980                R_IOPORT_PinsCfg
 .text.R_IOPORT_PinCfg
                0x0000098c       0xa8 CMakeFiles/UART.elf.dir/ra/fsp/src/r_ioport/r_ioport.c.obj
                0x0000098c                R_IOPORT_PinCfg
 .text.R_SCI_UART_Close
                0x00000a34       0xcc CMakeFiles/UART.elf.dir/ra/fsp/src/r_sci_uart/r_sci_uart.c.obj
                0x00000a34                R_SCI_UART_Close
 .text.R_SCI_UART_Read
                0x00000b00        0xc CMakeFiles/UART.elf.dir/ra/fsp/src/r_sci_uart/r_sci_uart.c.obj
                0x00000b00                R_SCI_UART_Read
 .text.R_SCI_UART_Write
                0x00000b0c       0x48 CMakeFiles/UART.elf.dir/ra/fsp/src/r_sci_uart/r_sci_uart.c.obj
                0x00000b0c                R_SCI_UART_Write
 .text.R_SCI_UART_CallbackSet
                0x00000b54       0x10 CMakeFiles/UART.elf.dir/ra/fsp/src/r_sci_uart/r_sci_uart.c.obj
                0x00000b54                R_SCI_UART_CallbackSet
 .text.R_SCI_UART_BaudSet
                0x00000b64       0x5c CMakeFiles/UART.elf.dir/ra/fsp/src/r_sci_uart/r_sci_uart.c.obj
                0x00000b64                R_SCI_UART_BaudSet
 .text.R_SCI_UART_InfoGet
                0x00000bc0        0xc CMakeFiles/UART.elf.dir/ra/fsp/src/r_sci_uart/r_sci_uart.c.obj
                0x00000bc0                R_SCI_UART_InfoGet
 .text.R_SCI_UART_Abort
                0x00000bcc       0x3c CMakeFiles/UART.elf.dir/ra/fsp/src/r_sci_uart/r_sci_uart.c.obj
                0x00000bcc                R_SCI_UART_Abort
 .text.R_SCI_UART_ReadStop
                0x00000c08       0x14 CMakeFiles/UART.elf.dir/ra/fsp/src/r_sci_uart/r_sci_uart.c.obj
                0x00000c08                R_SCI_UART_ReadStop
 .text.R_SCI_UART_ReceiveSuspend
                0x00000c1c        0x4 CMakeFiles/UART.elf.dir/ra/fsp/src/r_sci_uart/r_sci_uart.c.obj
                0x00000c1c                R_SCI_UART_ReceiveSuspend
 .text.r_sci_uart_call_callback
                0x00000c20       0x44 CMakeFiles/UART.elf.dir/ra/fsp/src/r_sci_uart/r_sci_uart.c.obj
 .text.R_SCI_UART_ReceiveResume
                0x00000c64        0x4 CMakeFiles/UART.elf.dir/ra/fsp/src/r_sci_uart/r_sci_uart.c.obj
                0x00000c64                R_SCI_UART_ReceiveResume
 .text.R_SCI_UART_Open
                0x00000c68      0x398 CMakeFiles/UART.elf.dir/ra/fsp/src/r_sci_uart/r_sci_uart.c.obj
                0x00000c68                R_SCI_UART_Open
 .text.sci_uart_txi_isr
                0x00001000       0x98 CMakeFiles/UART.elf.dir/ra/fsp/src/r_sci_uart/r_sci_uart.c.obj
                0x00001000                sci_uart_txi_isr
 .text.sci_uart_rxi_isr
                0x00001098       0x90 CMakeFiles/UART.elf.dir/ra/fsp/src/r_sci_uart/r_sci_uart.c.obj
                0x00001098                sci_uart_rxi_isr
 .text.sci_uart_tei_isr
                0x00001128       0x48 CMakeFiles/UART.elf.dir/ra/fsp/src/r_sci_uart/r_sci_uart.c.obj
                0x00001128                sci_uart_tei_isr
 .text.sci_uart_eri_isr
                0x00001170       0x78 CMakeFiles/UART.elf.dir/ra/fsp/src/r_sci_uart/r_sci_uart.c.obj
                0x00001170                sci_uart_eri_isr
 .text.startup.main
                0x000011e8        0xc CMakeFiles/UART.elf.dir/ra_gen/main.c.obj
                0x000011e8                main
 .text.uart2_callback
                0x000011f4       0x24 CMakeFiles/UART.elf.dir/src/hal_entry.c.obj
                0x000011f4                uart2_callback
 .text._write   0x00001218       0x48 CMakeFiles/UART.elf.dir/src/hal_entry.c.obj
                0x00001218                _write
 .text._read    0x00001260       0x48 CMakeFiles/UART.elf.dir/src/hal_entry.c.obj
                0x00001260                _read
 .text._close   0x000012a8       0x14 CMakeFiles/UART.elf.dir/src/hal_entry.c.obj
                0x000012a8                _close
 .text._lseek   0x000012bc        0x4 CMakeFiles/UART.elf.dir/src/hal_entry.c.obj
                0x000012bc                _lseek
 .text._fstat   0x000012c0        0xc CMakeFiles/UART.elf.dir/src/hal_entry.c.obj
                0x000012c0                _fstat
 .text._isatty  0x000012cc        0x4 CMakeFiles/UART.elf.dir/src/hal_entry.c.obj
                0x000012cc                _isatty
 .text.hal_entry
                0x000012d0       0x68 CMakeFiles/UART.elf.dir/src/hal_entry.c.obj
                0x000012d0                hal_entry
 .text.R_BSP_WarmStart
                0x00001338       0x18 CMakeFiles/UART.elf.dir/src/hal_warmstart.c.obj
                0x00001338                R_BSP_WarmStart
 .text.std      0x00001350       0x6c /usr/lib/gcc/arm-none-eabi/14.2.0/../../../../arm-none-eabi/lib/thumb/v8-m.main+fp/hard/libg_nano.a(libc_a-findfp.o)
 .text.stdio_exit_handler
                0x000013bc       0x18 /usr/lib/gcc/arm-none-eabi/14.2.0/../../../../arm-none-eabi/lib/thumb/v8-m.main+fp/hard/libg_nano.a(libc_a-findfp.o)
 .text.cleanup_stdio
                0x000013d4       0x40 /usr/lib/gcc/arm-none-eabi/14.2.0/../../../../arm-none-eabi/lib/thumb/v8-m.main+fp/hard/libg_nano.a(libc_a-findfp.o)
 .text.global_stdio_init.part.0
                0x00001414       0x40 /usr/lib/gcc/arm-none-eabi/14.2.0/../../../../arm-none-eabi/lib/thumb/v8-m.main+fp/hard/libg_nano.a(libc_a-findfp.o)
 .text.__sfp_lock_acquire
                0x00001454        0xc /usr/lib/gcc/arm-none-eabi/14.2.0/../../../../arm-none-eabi/lib/thumb/v8-m.main+fp/hard/libg_nano.a(libc_a-findfp.o)
                0x00001454                __sfp_lock_acquire
 .text.__sfp_lock_release
                0x00001460        0xc /usr/lib/gcc/arm-none-eabi/14.2.0/../../../../arm-none-eabi/lib/thumb/v8-m.main+fp/hard/libg_nano.a(libc_a-findfp.o)
                0x00001460                __sfp_lock_release
 .text.__sinit  0x0000146c       0x30 /usr/lib/gcc/arm-none-eabi/14.2.0/../../../../arm-none-eabi/lib/thumb/v8-m.main+fp/hard/libg_nano.a(libc_a-findfp.o)
                0x0000146c                __sinit
 .text._fwalk_sglue
                0x0000149c       0x3c /usr/lib/gcc/arm-none-eabi/14.2.0/../../../../arm-none-eabi/lib/thumb/v8-m.main+fp/hard/libg_nano.a(libc_a-fwalk.o)
                0x0000149c                _fwalk_sglue
 .text.printf   0x000014d8       0x24 /usr/lib/gcc/arm-none-eabi/14.2.0/../../../../arm-none-eabi/lib/thumb/v8-m.main+fp/hard/libg_nano.a(libc_a-printf.o)
                0x000014d8                printf
                0x000014d8                iprintf
 .text._puts_r  0x000014fc       0xaa /usr/lib/gcc/arm-none-eabi/14.2.0/../../../../arm-none-eabi/lib/thumb/v8-m.main+fp/hard/libg_nano.a(libc_a-puts.o)
                0x000014fc                _puts_r
 *fill*         0x000015a6        0x2 
 .text.puts     0x000015a8       0x10 /usr/lib/gcc/arm-none-eabi/14.2.0/../../../../arm-none-eabi/lib/thumb/v8-m.main+fp/hard/libg_nano.a(libc_a-puts.o)
                0x000015a8                puts
 .text.scanf    0x000015b8       0x24 /usr/lib/gcc/arm-none-eabi/14.2.0/../../../../arm-none-eabi/lib/thumb/v8-m.main+fp/hard/libg_nano.a(libc_a-scanf.o)
                0x000015b8                iscanf
                0x000015b8                scanf
 .text.__sread  0x000015dc       0x22 /usr/lib/gcc/arm-none-eabi/14.2.0/../../../../arm-none-eabi/lib/thumb/v8-m.main+fp/hard/libg_nano.a(libc_a-stdio.o)
                0x000015dc                __sread
 .text.__swrite
                0x000015fe       0x38 /usr/lib/gcc/arm-none-eabi/14.2.0/../../../../arm-none-eabi/lib/thumb/v8-m.main+fp/hard/libg_nano.a(libc_a-stdio.o)
                0x000015fe                __swrite
 .text.__sseek  0x00001636       0x26 /usr/lib/gcc/arm-none-eabi/14.2.0/../../../../arm-none-eabi/lib/thumb/v8-m.main+fp/hard/libg_nano.a(libc_a-stdio.o)
                0x00001636                __sseek
 .text.__sclose
                0x0000165c        0x8 /usr/lib/gcc/arm-none-eabi/14.2.0/../../../../arm-none-eabi/lib/thumb/v8-m.main+fp/hard/libg_nano.a(libc_a-stdio.o)
                0x0000165c                __sclose
 .text.__swbuf_r
                0x00001664       0x7c /usr/lib/gcc/arm-none-eabi/14.2.0/../../../../arm-none-eabi/lib/thumb/v8-m.main+fp/hard/libg_nano.a(libc_a-wbuf.o)
                0x00001664                __swbuf_r
 .text.__swsetup_r
                0x000016e0       0xa8 /usr/lib/gcc/arm-none-eabi/14.2.0/../../../../arm-none-eabi/lib/thumb/v8-m.main+fp/hard/libg_nano.a(libc_a-wsetup.o)
                0x000016e0                __swsetup_r
 .text.memset   0x00001788       0x10 /usr/lib/gcc/arm-none-eabi/14.2.0/../../../../arm-none-eabi/lib/thumb/v8-m.main+fp/hard/libg_nano.a(libc_a-memset.o)
                0x00001788                memset
 .text._close_r
                0x00001798       0x20 /usr/lib/gcc/arm-none-eabi/14.2.0/../../../../arm-none-eabi/lib/thumb/v8-m.main+fp/hard/libg_nano.a(libc_a-closer.o)
                0x00001798                _close_r
 .text._lseek_r
                0x000017b8       0x24 /usr/lib/gcc/arm-none-eabi/14.2.0/../../../../arm-none-eabi/lib/thumb/v8-m.main+fp/hard/libg_nano.a(libc_a-lseekr.o)
                0x000017b8                _lseek_r
 .text._read_r  0x000017dc       0x24 /usr/lib/gcc/arm-none-eabi/14.2.0/../../../../arm-none-eabi/lib/thumb/v8-m.main+fp/hard/libg_nano.a(libc_a-readr.o)
                0x000017dc                _read_r
 .text._write_r
                0x00001800       0x24 /usr/lib/gcc/arm-none-eabi/14.2.0/../../../../arm-none-eabi/lib/thumb/v8-m.main+fp/hard/libg_nano.a(libc_a-writer.o)
                0x00001800                _write_r
 .text.__errno  0x00001824        0xc /usr/lib/gcc/arm-none-eabi/14.2.0/../../../../arm-none-eabi/lib/thumb/v8-m.main+fp/hard/libg_nano.a(libc_a-errno.o)
                0x00001824                __errno
 .text.__retarget_lock_init_recursive
                0x00001830        0x2 /usr/lib/gcc/arm-none-eabi/14.2.0/../../../../arm-none-eabi/lib/thumb/v8-m.main+fp/hard/libg_nano.a(libc_a-lock.o)
                0x00001830                __retarget_lock_init_recursive
 .text.__retarget_lock_acquire_recursive
                0x00001832        0x2 /usr/lib/gcc/arm-none-eabi/14.2.0/../../../../arm-none-eabi/lib/thumb/v8-m.main+fp/hard/libg_nano.a(libc_a-lock.o)
                0x00001832                __retarget_lock_acquire_recursive
 .text.__retarget_lock_release_recursive
                0x00001834        0x2 /usr/lib/gcc/arm-none-eabi/14.2.0/../../../../arm-none-eabi/lib/thumb/v8-m.main+fp/hard/libg_nano.a(libc_a-lock.o)
                0x00001834                __retarget_lock_release_recursive
 .text.memcpy   0x00001836       0x1a /usr/lib/gcc/arm-none-eabi/14.2.0/../../../../arm-none-eabi/lib/thumb/v8-m.main+fp/hard/libg_nano.a(libc_a-memcpy-stub.o)
                0x00001836                memcpy
 .text._free_r  0x00001850       0x94 /usr/lib/gcc/arm-none-eabi/14.2.0/../../../../arm-none-eabi/lib/thumb/v8-m.main+fp/hard/libg_nano.a(libc_a-freer.o)
                0x00001850                _free_r
 .text.sbrk_aligned
                0x000018e4       0x44 /usr/lib/gcc/arm-none-eabi/14.2.0/../../../../arm-none-eabi/lib/thumb/v8-m.main+fp/hard/libg_nano.a(libc_a-mallocr.o)
 .text._malloc_r
                0x00001928      0x100 /usr/lib/gcc/arm-none-eabi/14.2.0/../../../../arm-none-eabi/lib/thumb/v8-m.main+fp/hard/libg_nano.a(libc_a-mallocr.o)
                0x00001928                _malloc_r
 .text.__malloc_lock
                0x00001a28        0xc /usr/lib/gcc/arm-none-eabi/14.2.0/../../../../arm-none-eabi/lib/thumb/v8-m.main+fp/hard/libg_nano.a(libc_a-mlock.o)
                0x00001a28                __malloc_lock
 .text.__malloc_unlock
                0x00001a34        0xc /usr/lib/gcc/arm-none-eabi/14.2.0/../../../../arm-none-eabi/lib/thumb/v8-m.main+fp/hard/libg_nano.a(libc_a-mlock.o)
                0x00001a34                __malloc_unlock
 .text.__sfputc_r
                0x00001a40       0x2e /usr/lib/gcc/arm-none-eabi/14.2.0/../../../../arm-none-eabi/lib/thumb/v8-m.main+fp/hard/libg_nano.a(libc_a-nano-vfprintf.o)
 .text.__sfputs_r
                0x00001a6e       0x24 /usr/lib/gcc/arm-none-eabi/14.2.0/../../../../arm-none-eabi/lib/thumb/v8-m.main+fp/hard/libg_nano.a(libc_a-nano-vfprintf.o)
                0x00001a6e                __sfputs_r
 *fill*         0x00001a92        0x2 
 .text._vfprintf_r
                0x00001a94      0x230 /usr/lib/gcc/arm-none-eabi/14.2.0/../../../../arm-none-eabi/lib/thumb/v8-m.main+fp/hard/libg_nano.a(libc_a-nano-vfprintf.o)
                0x00001a94                _vfiprintf_r
                0x00001a94                _vfprintf_r
 .text._printf_common
                0x00001cc4       0xe4 /usr/lib/gcc/arm-none-eabi/14.2.0/../../../../arm-none-eabi/lib/thumb/v8-m.main+fp/hard/libg_nano.a(libc_a-nano-vfprintf_i.o)
                0x00001cc4                _printf_common
 .text._printf_i
                0x00001da8      0x240 /usr/lib/gcc/arm-none-eabi/14.2.0/../../../../arm-none-eabi/lib/thumb/v8-m.main+fp/hard/libg_nano.a(libc_a-nano-vfprintf_i.o)
                0x00001da8                _printf_i
 .text.__svfscanf_r
                0x00001fe8      0x354 /usr/lib/gcc/arm-none-eabi/14.2.0/../../../../arm-none-eabi/lib/thumb/v8-m.main+fp/hard/libg_nano.a(libc_a-nano-vfscanf.o)
                0x00001fe8                __svfiscanf_r
                0x00001fe8                __svfscanf_r
 .text._vfscanf_r
                0x0000233c       0x26 /usr/lib/gcc/arm-none-eabi/14.2.0/../../../../arm-none-eabi/lib/thumb/v8-m.main+fp/hard/libg_nano.a(libc_a-nano-vfscanf.o)
                0x0000233c                _vfiscanf_r
                0x0000233c                _vfscanf_r
 *fill*         0x00002362        0x2 
 .text._scanf_chars
                0x00002364       0xb4 /usr/lib/gcc/arm-none-eabi/14.2.0/../../../../arm-none-eabi/lib/thumb/v8-m.main+fp/hard/libg_nano.a(libc_a-nano-vfscanf_i.o)
                0x00002364                _scanf_chars
 .text._scanf_i
                0x00002418      0x1e0 /usr/lib/gcc/arm-none-eabi/14.2.0/../../../../arm-none-eabi/lib/thumb/v8-m.main+fp/hard/libg_nano.a(libc_a-nano-vfscanf_i.o)
                0x00002418                _scanf_i
 .text.__sflush_r
                0x000025f8      0x100 /usr/lib/gcc/arm-none-eabi/14.2.0/../../../../arm-none-eabi/lib/thumb/v8-m.main+fp/hard/libg_nano.a(libc_a-fflush.o)
                0x000025f8                __sflush_r
 .text._fflush_r
                0x000026f8       0x50 /usr/lib/gcc/arm-none-eabi/14.2.0/../../../../arm-none-eabi/lib/thumb/v8-m.main+fp/hard/libg_nano.a(libc_a-fflush.o)
                0x000026f8                _fflush_r
 .text.__swhatbuf_r
                0x00002748       0x48 /usr/lib/gcc/arm-none-eabi/14.2.0/../../../../arm-none-eabi/lib/thumb/v8-m.main+fp/hard/libg_nano.a(libc_a-makebuf.o)
                0x00002748                __swhatbuf_r
 .text.__smakebuf_r
                0x00002790       0x72 /usr/lib/gcc/arm-none-eabi/14.2.0/../../../../arm-none-eabi/lib/thumb/v8-m.main+fp/hard/libg_nano.a(libc_a-makebuf.o)
                0x00002790                __smakebuf_r
 *fill*         0x00002802        0x2 
 .text.lflush   0x00002804       0x1c /usr/lib/gcc/arm-none-eabi/14.2.0/../../../../arm-none-eabi/lib/thumb/v8-m.main+fp/hard/libg_nano.a(libc_a-refill.o)
 .text.__srefill_r
                0x00002820       0xe4 /usr/lib/gcc/arm-none-eabi/14.2.0/../../../../arm-none-eabi/lib/thumb/v8-m.main+fp/hard/libg_nano.a(libc_a-refill.o)
                0x00002820                __srefill_r
 .text.__sccl   0x00002904       0x72 /usr/lib/gcc/arm-none-eabi/14.2.0/../../../../arm-none-eabi/lib/thumb/v8-m.main+fp/hard/libg_nano.a(libc_a-sccl.o)
                0x00002904                __sccl
 .text.__submore
                0x00002976       0x6e /usr/lib/gcc/arm-none-eabi/14.2.0/../../../../arm-none-eabi/lib/thumb/v8-m.main+fp/hard/libg_nano.a(libc_a-ungetc.o)
                0x00002976                __submore
 .text._ungetc_r
                0x000029e4      0x102 /usr/lib/gcc/arm-none-eabi/14.2.0/../../../../arm-none-eabi/lib/thumb/v8-m.main+fp/hard/libg_nano.a(libc_a-ungetc.o)
                0x000029e4                _ungetc_r
 *fill*         0x00002ae6        0x2 
 .text._fstat_r
                0x00002ae8       0x24 /usr/lib/gcc/arm-none-eabi/14.2.0/../../../../arm-none-eabi/lib/thumb/v8-m.main+fp/hard/libg_nano.a(libc_a-fstatr.o)
                0x00002ae8                _fstat_r
 .text._isatty_r
                0x00002b0c       0x20 /usr/lib/gcc/arm-none-eabi/14.2.0/../../../../arm-none-eabi/lib/thumb/v8-m.main+fp/hard/libg_nano.a(libc_a-isattyr.o)
                0x00002b0c                _isatty_r
 .text._sbrk_r  0x00002b2c       0x20 /usr/lib/gcc/arm-none-eabi/14.2.0/../../../../arm-none-eabi/lib/thumb/v8-m.main+fp/hard/libg_nano.a(libc_a-sbrkr.o)
                0x00002b2c                _sbrk_r
 .text.memchr   0x00002b4c       0x1c /usr/lib/gcc/arm-none-eabi/14.2.0/../../../../arm-none-eabi/lib/thumb/v8-m.main+fp/hard/libg_nano.a(libc_a-memchr-stub.o)
                0x00002b4c                memchr
 .text._realloc_r
                0x00002b68       0x5c /usr/lib/gcc/arm-none-eabi/14.2.0/../../../../arm-none-eabi/lib/thumb/v8-m.main+fp/hard/libg_nano.a(libc_a-reallocr.o)
                0x00002b68                _realloc_r
 .text._strtol_l.isra.0
                0x00002bc4       0xf4 /usr/lib/gcc/arm-none-eabi/14.2.0/../../../../arm-none-eabi/lib/thumb/v8-m.main+fp/hard/libg_nano.a(libc_a-strtol.o)
 .text._strtol_r
                0x00002cb8        0x4 /usr/lib/gcc/arm-none-eabi/14.2.0/../../../../arm-none-eabi/lib/thumb/v8-m.main+fp/hard/libg_nano.a(libc_a-strtol.o)
                0x00002cb8                _strtol_r
 .text._strtoul_l.isra.0
                0x00002cbc       0xdc /usr/lib/gcc/arm-none-eabi/14.2.0/../../../../arm-none-eabi/lib/thumb/v8-m.main+fp/hard/libg_nano.a(libc_a-strtoul.o)
 .text._strtoul_r
                0x00002d98        0x4 /usr/lib/gcc/arm-none-eabi/14.2.0/../../../../arm-none-eabi/lib/thumb/v8-m.main+fp/hard/libg_nano.a(libc_a-strtoul.o)
                0x00002d98                _strtoul_r
 .text._malloc_usable_size_r
                0x00002d9c       0x10 /usr/lib/gcc/arm-none-eabi/14.2.0/../../../../arm-none-eabi/lib/thumb/v8-m.main+fp/hard/libg_nano.a(libc_a-msizer.o)
                0x00002d9c                _malloc_usable_size_r
 *(.rodata*)
 .rodata.g_prcr_masks
                0x00002dac        0xa CMakeFiles/UART.elf.dir/ra/fsp/src/bsp/mcu/all/bsp_register_protection.c.obj
 *fill*         0x00002db6        0x2 
 .rodata.g_init_info
                0x00002db8       0x18 CMakeFiles/UART.elf.dir/ra/fsp/src/bsp/mcu/ra6m5/bsp_linker.c.obj
                0x00002db8                g_init_info
 .rodata.nocache_list
                0x00002dd0       0x10 CMakeFiles/UART.elf.dir/ra/fsp/src/bsp/mcu/ra6m5/bsp_linker.c.obj
 .rodata.copy_list
                0x00002de0       0x80 CMakeFiles/UART.elf.dir/ra/fsp/src/bsp/mcu/ra6m5/bsp_linker.c.obj
 .rodata.zero_list
                0x00002e60       0x30 CMakeFiles/UART.elf.dir/ra/fsp/src/bsp/mcu/ra6m5/bsp_linker.c.obj
 .rodata.g_vbatt_pins_input
                0x00002e90        0x6 CMakeFiles/UART.elf.dir/ra/fsp/src/r_ioport/r_ioport.c.obj
 *fill*         0x00002e96        0x2 
 .rodata.g_ioport_on_ioport
                0x00002e98       0x34 CMakeFiles/UART.elf.dir/ra/fsp/src/r_ioport/r_ioport.c.obj
                0x00002e98                g_ioport_on_ioport
 .rodata.g_uart_on_sci
                0x00002ecc       0x2c CMakeFiles/UART.elf.dir/ra/fsp/src/r_sci_uart/r_sci_uart.c.obj
                0x00002ecc                g_uart_on_sci
 .rodata.g_ioport
                0x00002ef8        0xc CMakeFiles/UART.elf.dir/ra_gen/common_data.c.obj
                0x00002ef8                g_ioport
 .rodata.g_uart2
                0x00002f04        0xc CMakeFiles/UART.elf.dir/ra_gen/hal_data.c.obj
                0x00002f04                g_uart2
 .rodata.g_uart2_cfg
                0x00002f10       0x20 CMakeFiles/UART.elf.dir/ra_gen/hal_data.c.obj
                0x00002f10                g_uart2_cfg
 .rodata.g_uart2_cfg_extend
                0x00002f30       0x14 CMakeFiles/UART.elf.dir/ra_gen/hal_data.c.obj
                0x00002f30                g_uart2_cfg_extend
 .rodata.g_bsp_pin_cfg
                0x00002f44        0xc CMakeFiles/UART.elf.dir/ra_gen/pin_data.c.obj
                0x00002f44                g_bsp_pin_cfg
 .rodata.g_bsp_pin_cfg_data
                0x00002f50       0x38 CMakeFiles/UART.elf.dir/ra_gen/pin_data.c.obj
                0x00002f50                g_bsp_pin_cfg_data
 .rodata.g_interrupt_event_link_select
                0x00002f88       0x10 CMakeFiles/UART.elf.dir/ra_gen/vector_data.c.obj
                0x00002f88                g_interrupt_event_link_select
 .rodata.hal_entry.str1.4
                0x00002f98       0x4b CMakeFiles/UART.elf.dir/src/hal_entry.c.obj
 .rodata._vfprintf_r.str1.1
                0x00002fe3       0x4e /usr/lib/gcc/arm-none-eabi/14.2.0/../../../../arm-none-eabi/lib/thumb/v8-m.main+fp/hard/libg_nano.a(libc_a-nano-vfprintf.o)
                                 0x11 (size before relaxing)
 .rodata._printf_i.str1.1
                0x00003031       0x22 /usr/lib/gcc/arm-none-eabi/14.2.0/../../../../arm-none-eabi/lib/thumb/v8-m.main+fp/hard/libg_nano.a(libc_a-nano-vfprintf_i.o)
 .rodata.__svfscanf_r.str1.1
                0x00003031        0x4 /usr/lib/gcc/arm-none-eabi/14.2.0/../../../../arm-none-eabi/lib/thumb/v8-m.main+fp/hard/libg_nano.a(libc_a-nano-vfscanf.o)
 .rodata._scanf_i.str1.1
                0x00003031       0x12 /usr/lib/gcc/arm-none-eabi/14.2.0/../../../../arm-none-eabi/lib/thumb/v8-m.main+fp/hard/libg_nano.a(libc_a-nano-vfscanf_i.o)
 .rodata.str1.1
                0x00003031        0x9 /usr/lib/gcc/arm-none-eabi/14.2.0/../../../../arm-none-eabi/lib/thumb/v8-m.main+fp/hard/libg_nano.a(libc_a-nano-vfscanf_i.o)
 *fill*         0x00003031        0x3 
 .rodata        0x00003034        0xc /usr/lib/gcc/arm-none-eabi/14.2.0/../../../../arm-none-eabi/lib/thumb/v8-m.main+fp/hard/libg_nano.a(libc_a-nano-vfscanf_i.o)
 .rodata._ctype_
                0x00003040      0x101 /usr/lib/gcc/arm-none-eabi/14.2.0/../../../../arm-none-eabi/lib/thumb/v8-m.main+fp/hard/libg_nano.a(libc_a-ctype_.o)
                0x00003040                _ctype_
 *(.mcuboot_sce9_key)
 *(.version)
 *fill*         0x00003141        0x3 
 .version       0x00003144       0x50 CMakeFiles/UART.elf.dir/ra/fsp/src/bsp/mcu/all/bsp_common.c.obj
                0x00003194                        __flash_readonly$$Limit = .

.glue_7         0x00003194        0x0
 .glue_7        0x00003194        0x0 linker stubs

.glue_7t        0x00003194        0x0
 .glue_7t       0x00003194        0x0 linker stubs

.vfp11_veneer   0x00003194        0x0
 .vfp11_veneer  0x00003194        0x0 linker stubs

.v4_bx          0x00003194        0x0
 .v4_bx         0x00003194        0x0 linker stubs

.init           0x00003194        0x4
 .init          0x00003194        0x4 /usr/lib/gcc/arm-none-eabi/14.2.0/thumb/v8-m.main+fp/hard/crti.o
                0x00003194                _init

.fini           0x00003198        0x4
 .fini          0x00003198        0x4 /usr/lib/gcc/arm-none-eabi/14.2.0/thumb/v8-m.main+fp/hard/crti.o
                0x00003198                _fini

.iplt           0x0000319c        0x0
 .iplt          0x0000319c        0x0 /usr/lib/gcc/arm-none-eabi/14.2.0/thumb/v8-m.main+fp/hard/crtbegin.o

__flash_ctor$$
 *crtbegin.o(.ctors)
 *crtbegin?.o(.ctors)
 EXCLUDE_FILE(*crtend.o *crtend?.o) *(.ctors)
 *(SORT_BY_NAME(.ctors.*))
 *(.ctors)
 *crtbegin.o(.dtors)
 *crtbegin?.o(.dtors)
 EXCLUDE_FILE(*crtend.o *crtend?.o) *(.dtors)
 *(SORT_BY_NAME(.dtors.*))
 *(.dtors)

__flash_preinit_array$$
                0x0000319c        0x0
                0x0000319c                        __preinit_array_start = .
 *(.preinit_array)
                0x0000319c                        __preinit_array_end = .

__flash_.got$$
 *(.got.plt)
 *(.got)

__flash_init_array$$
                0x0000319c        0x4
                0x0000319c                        __init_array_start = .
 *(SORT_BY_NAME(.init_array.*))
 *(.init_array)
 .init_array    0x0000319c        0x4 /usr/lib/gcc/arm-none-eabi/14.2.0/thumb/v8-m.main+fp/hard/crtbegin.o
                0x000031a0                        __init_array_end = .

__flash_fini_array$$
                0x000031a0        0x4
                0x000031a0                        __fini_array_start = .
 *(SORT_BY_NAME(.fini_array.*))
 *(.fini_array)
 .fini_array    0x000031a0        0x4 /usr/lib/gcc/arm-none-eabi/14.2.0/thumb/v8-m.main+fp/hard/crtbegin.o
                0x000031a4                        __fini_array_end = .

.igot.plt       0x000031a4        0x0
 .igot.plt      0x000031a4        0x0 /usr/lib/gcc/arm-none-eabi/14.2.0/thumb/v8-m.main+fp/hard/crtbegin.o

__flash_arm.extab$$
 *(.ARM.extab*)
 *(.gnu.linkonce.armextab.*)

__flash_arm.exidx$$
                0x000031a4        0x0
                0x000031a4                        __exidx_start = .
 *(.ARM.exidx*)
 *(.gnu.linkonce.armexidx.*)
                0x000031a4                        __exidx_end = .

.flash.endof    0x00003200        0x0
                0x00003200                        __ddsc_FLASH_END = .

.option_setting_ofs0.startof
                0x0100a100        0x0
                0x0100a100                        __ddsc_OPTION_SETTING_OFS0_START = .

__option_setting_ofs0_reg$$
                0x0100a100        0x4
                0x0100a100                        __option_setting_ofs0_reg$$Base = .
 *(.option_setting_ofs0)
 .option_setting_ofs0
                0x0100a100        0x4 CMakeFiles/UART.elf.dir/ra/fsp/src/bsp/mcu/ra6m5/bsp_linker.c.obj
                0x0100a104                        __option_setting_ofs0_reg$$Limit = .

.option_setting_ofs0.endof
                0x0100a104        0x0
                0x0100a104                        __ddsc_OPTION_SETTING_OFS0_END = .

.option_setting_dualsel.startof
                0x0100a110        0x0
                0x0100a110                        __ddsc_OPTION_SETTING_DUALSEL_START = .

__option_setting_dualsel_reg$$
                0x0100a110        0x0
                0x0100a110                        __option_setting_dualsel_reg$$Base = .
 *(.option_setting_dualsel)
                0x0100a110                        __option_setting_dualsel_reg$$Limit = .

.option_setting_dualsel.endof
                0x0100a110        0x0
                0x0100a110                        __ddsc_OPTION_SETTING_DUALSEL_END = .

.option_setting_ofs1.startof
                0x0100a180        0x0
                0x0100a180                        __ddsc_OPTION_SETTING_OFS1_START = .

__option_setting_ofs1_reg$$
                0x0100a180        0x0
                0x0100a180                        __option_setting_ofs1_reg$$Base = .
 *(.option_setting_ofs1)
                0x0100a180                        __option_setting_ofs1_reg$$Limit = .

.option_setting_ofs1.endof
                0x0100a180        0x0
                0x0100a180                        __ddsc_OPTION_SETTING_OFS1_END = .

.option_setting_banksel.startof
                0x0100a190        0x0
                0x0100a190                        __ddsc_OPTION_SETTING_BANKSEL_START = .

__option_setting_banksel_reg$$
                0x0100a190        0x0
                0x0100a190                        __option_setting_banksel_reg$$Base = .
 *(.option_setting_banksel)
                0x0100a190                        __option_setting_banksel_reg$$Limit = .

.option_setting_banksel.endof
                0x0100a190        0x0
                0x0100a190                        __ddsc_OPTION_SETTING_BANKSEL_END = .

.option_setting_bps.startof
                0x0100a1c0        0x0
                0x0100a1c0                        __ddsc_OPTION_SETTING_BPS_START = .

__option_setting_bps_reg$$
                0x0100a1c0        0x0
                0x0100a1c0                        __option_setting_bps_reg$$Base = .
 *(.option_setting_bps)
                0x0100a1c0                        __option_setting_bps_reg$$Limit = .

.option_setting_bps.endof
                0x0100a1c0        0x0
                0x0100a1c0                        __ddsc_OPTION_SETTING_BPS_END = .

.option_setting_pbps.startof
                0x0100a1e0        0x0
                0x0100a1e0                        __ddsc_OPTION_SETTING_PBPS_START = .

__option_setting_pbps_reg$$
                0x0100a1e0        0x0
                0x0100a1e0                        __option_setting_pbps_reg$$Base = .
 *(.option_setting_pbps)
                0x0100a1e0                        __option_setting_pbps_reg$$Limit = .

.option_setting_pbps.endof
                0x0100a1e0        0x0
                0x0100a1e0                        __ddsc_OPTION_SETTING_PBPS_END = .

.option_setting_ofs1_sec.startof
                0x0100a200        0x0
                0x0100a200                        __ddsc_OPTION_SETTING_OFS1_SEC_START = .

__option_setting_ofs1_sec_reg$$
                0x0100a200        0x4
                0x0100a200                        __option_setting_ofs1_sec_reg$$Base = .
 *(.option_setting_ofs1_sec)
 .option_setting_ofs1_sec
                0x0100a200        0x4 CMakeFiles/UART.elf.dir/ra/fsp/src/bsp/mcu/ra6m5/bsp_linker.c.obj
                0x0100a204                        __option_setting_ofs1_sec_reg$$Limit = .

.option_setting_ofs1_sec.endof
                0x0100a204        0x0
                0x0100a204                        __ddsc_OPTION_SETTING_OFS1_SEC_END = .

.option_setting_banksel_sec.startof
                0x0100a210        0x0
                0x0100a210                        __ddsc_OPTION_SETTING_BANKSEL_SEC_START = .

__option_setting_banksel_sec_reg$$
                0x0100a210        0x0
                0x0100a210                        __option_setting_banksel_sec_reg$$Base = .
 *(.option_setting_banksel_sec)
                0x0100a210                        __option_setting_banksel_sec_reg$$Limit = .

.option_setting_banksel_sec.endof
                0x0100a210        0x0
                0x0100a210                        __ddsc_OPTION_SETTING_BANKSEL_SEC_END = .

.option_setting_bps_sec.startof
                0x0100a240        0x0
                0x0100a240                        __ddsc_OPTION_SETTING_BPS_SEC_START = .

__option_setting_bps_sec_reg$$
                0x0100a240        0x0
                0x0100a240                        __option_setting_bps_sec_reg$$Base = .
 *(.option_setting_bps_sec)
                0x0100a240                        __option_setting_bps_sec_reg$$Limit = .

.option_setting_bps_sec.endof
                0x0100a240        0x0
                0x0100a240                        __ddsc_OPTION_SETTING_BPS_SEC_END = .

.option_setting_pbps_sec.startof
                0x0100a260        0x0
                0x0100a260                        __ddsc_OPTION_SETTING_PBPS_SEC_START = .

__option_setting_pbps_sec_reg$$
                0x0100a260        0x0
                0x0100a260                        __option_setting_pbps_sec_reg$$Base = .
 *(.option_setting_pbps_sec)
                0x0100a260                        __option_setting_pbps_sec_reg$$Limit = .

.option_setting_pbps_sec.endof
                0x0100a260        0x0
                0x0100a260                        __ddsc_OPTION_SETTING_PBPS_SEC_END = .

.option_setting_ofs1_sel.startof
                0x0100a280        0x0
                0x0100a280                        __ddsc_OPTION_SETTING_OFS1_SEL_START = .

__option_setting_ofs1_sel_reg$$
                0x0100a280        0x4
                0x0100a280                        __option_setting_ofs1_sel_reg$$Base = .
 *(.option_setting_ofs1_sel)
 .option_setting_ofs1_sel
                0x0100a280        0x4 CMakeFiles/UART.elf.dir/ra/fsp/src/bsp/mcu/ra6m5/bsp_linker.c.obj
                0x0100a284                        __option_setting_ofs1_sel_reg$$Limit = .

.eh_frame       0x0100a284        0x0
 .eh_frame      0x0100a284        0x0 /usr/lib/gcc/arm-none-eabi/14.2.0/thumb/v8-m.main+fp/hard/crtbegin.o

.rel.dyn        0x0100a284        0x0
 .rel.iplt      0x0100a284        0x0 /usr/lib/gcc/arm-none-eabi/14.2.0/thumb/v8-m.main+fp/hard/crtbegin.o

.option_setting_ofs1_sel.endof
                0x0100a284        0x0
                0x0100a284                        __ddsc_OPTION_SETTING_OFS1_SEL_END = .

.option_setting_banksel_sel.startof
                0x0100a290        0x0
                0x0100a290                        __ddsc_OPTION_SETTING_BANKSEL_SEL_START = .

__option_setting_banksel_sel_reg$$
                0x0100a290        0x0
                0x0100a290                        __option_setting_banksel_sel_reg$$Base = .
 *(.option_setting_banksel_sel)
                0x0100a290                        __option_setting_banksel_sel_reg$$Limit = .

.option_setting_banksel_sel.endof
                0x0100a290        0x0
                0x0100a290                        __ddsc_OPTION_SETTING_BANKSEL_SEL_END = .

.option_setting_bps_sel.startof
                0x0100a2c0        0x0
                0x0100a2c0                        __ddsc_OPTION_SETTING_BPS_SEL_START = .

__option_setting_bps_sel_reg$$
                0x0100a2c0        0x0
                0x0100a2c0                        __option_setting_bps_sel_reg$$Base = .
 *(.option_setting_bps_sel)
                0x0100a2c0                        __option_setting_bps_sel_reg$$Limit = .

.option_setting_bps_sel.endof
                0x0100a2c0        0x0
                0x0100a2c0                        __ddsc_OPTION_SETTING_BPS_SEL_END = .
OUTPUT(UART.elf elf32-littlearm)
LOAD linker stubs

.ARM.attributes
                0x00000000       0x36
 .ARM.attributes
                0x00000000       0x26 /usr/lib/gcc/arm-none-eabi/14.2.0/thumb/v8-m.main+fp/hard/crti.o
 .ARM.attributes
                0x00000026       0x38 /usr/lib/gcc/arm-none-eabi/14.2.0/thumb/v8-m.main+fp/hard/crtbegin.o
 .ARM.attributes
                0x0000005e       0x3a CMakeFiles/UART.elf.dir/ra/fsp/src/bsp/cmsis/Device/RENESAS/Source/startup.c.obj
 .ARM.attributes
                0x00000098       0x3a CMakeFiles/UART.elf.dir/ra/fsp/src/bsp/cmsis/Device/RENESAS/Source/system.c.obj
 .ARM.attributes
                0x000000d2       0x3a CMakeFiles/UART.elf.dir/ra/fsp/src/bsp/mcu/all/bsp_clocks.c.obj
 .ARM.attributes
                0x0000010c       0x3a CMakeFiles/UART.elf.dir/ra/fsp/src/bsp/mcu/all/bsp_common.c.obj
 .ARM.attributes
                0x00000146       0x3a CMakeFiles/UART.elf.dir/ra/fsp/src/bsp/mcu/all/bsp_delay.c.obj
 .ARM.attributes
                0x00000180       0x3a CMakeFiles/UART.elf.dir/ra/fsp/src/bsp/mcu/all/bsp_group_irq.c.obj
 .ARM.attributes
                0x000001ba       0x3a CMakeFiles/UART.elf.dir/ra/fsp/src/bsp/mcu/all/bsp_io.c.obj
 .ARM.attributes
                0x000001f4       0x3a CMakeFiles/UART.elf.dir/ra/fsp/src/bsp/mcu/all/bsp_irq.c.obj
 .ARM.attributes
                0x0000022e       0x3a CMakeFiles/UART.elf.dir/ra/fsp/src/bsp/mcu/all/bsp_register_protection.c.obj
 .ARM.attributes
                0x00000268       0x3a CMakeFiles/UART.elf.dir/ra/fsp/src/bsp/mcu/all/bsp_sbrk.c.obj
 .ARM.attributes
                0x000002a2       0x3a CMakeFiles/UART.elf.dir/ra/fsp/src/bsp/mcu/ra6m5/bsp_linker.c.obj
 .ARM.attributes
                0x000002dc       0x3a CMakeFiles/UART.elf.dir/ra/fsp/src/r_ioport/r_ioport.c.obj
 .ARM.attributes
                0x00000316       0x3a CMakeFiles/UART.elf.dir/ra/fsp/src/r_sci_uart/r_sci_uart.c.obj
 .ARM.attributes
                0x00000350       0x3a CMakeFiles/UART.elf.dir/ra_gen/common_data.c.obj
 .ARM.attributes
                0x0000038a       0x3a CMakeFiles/UART.elf.dir/ra_gen/hal_data.c.obj
 .ARM.attributes
                0x000003c4       0x3a CMakeFiles/UART.elf.dir/ra_gen/main.c.obj
 .ARM.attributes
                0x000003fe       0x3a CMakeFiles/UART.elf.dir/ra_gen/pin_data.c.obj
 .ARM.attributes
                0x00000438       0x3a CMakeFiles/UART.elf.dir/ra_gen/vector_data.c.obj
 .ARM.attributes
                0x00000472       0x3a CMakeFiles/UART.elf.dir/src/hal_entry.c.obj
 .ARM.attributes
                0x000004ac       0x3a CMakeFiles/UART.elf.dir/src/hal_warmstart.c.obj
 .ARM.attributes
                0x000004e6       0x38 /usr/lib/gcc/arm-none-eabi/14.2.0/../../../../arm-none-eabi/lib/thumb/v8-m.main+fp/hard/libg_nano.a(libc_a-findfp.o)
 .ARM.attributes
                0x0000051e       0x38 /usr/lib/gcc/arm-none-eabi/14.2.0/../../../../arm-none-eabi/lib/thumb/v8-m.main+fp/hard/libg_nano.a(libc_a-fwalk.o)
 .ARM.attributes
                0x00000556       0x38 /usr/lib/gcc/arm-none-eabi/14.2.0/../../../../arm-none-eabi/lib/thumb/v8-m.main+fp/hard/libg_nano.a(libc_a-printf.o)
 .ARM.attributes
                0x0000058e       0x38 /usr/lib/gcc/arm-none-eabi/14.2.0/../../../../arm-none-eabi/lib/thumb/v8-m.main+fp/hard/libg_nano.a(libc_a-puts.o)
 .ARM.attributes
                0x000005c6       0x38 /usr/lib/gcc/arm-none-eabi/14.2.0/../../../../arm-none-eabi/lib/thumb/v8-m.main+fp/hard/libg_nano.a(libc_a-scanf.o)
 .ARM.attributes
                0x000005fe       0x38 /usr/lib/gcc/arm-none-eabi/14.2.0/../../../../arm-none-eabi/lib/thumb/v8-m.main+fp/hard/libg_nano.a(libc_a-stdio.o)
 .ARM.attributes
                0x00000636       0x38 /usr/lib/gcc/arm-none-eabi/14.2.0/../../../../arm-none-eabi/lib/thumb/v8-m.main+fp/hard/libg_nano.a(libc_a-wbuf.o)
 .ARM.attributes
                0x0000066e       0x38 /usr/lib/gcc/arm-none-eabi/14.2.0/../../../../arm-none-eabi/lib/thumb/v8-m.main+fp/hard/libg_nano.a(libc_a-wsetup.o)
 .ARM.attributes
                0x000006a6       0x38 /usr/lib/gcc/arm-none-eabi/14.2.0/../../../../arm-none-eabi/lib/thumb/v8-m.main+fp/hard/libg_nano.a(libc_a-memset.o)
 .ARM.attributes
                0x000006de       0x38 /usr/lib/gcc/arm-none-eabi/14.2.0/../../../../arm-none-eabi/lib/thumb/v8-m.main+fp/hard/libg_nano.a(libc_a-closer.o)
 .ARM.attributes
                0x00000716       0x38 /usr/lib/gcc/arm-none-eabi/14.2.0/../../../../arm-none-eabi/lib/thumb/v8-m.main+fp/hard/libg_nano.a(libc_a-reent.o)
 .ARM.attributes
                0x0000074e       0x38 /usr/lib/gcc/arm-none-eabi/14.2.0/../../../../arm-none-eabi/lib/thumb/v8-m.main+fp/hard/libg_nano.a(libc_a-impure.o)
 .ARM.attributes
                0x00000786       0x38 /usr/lib/gcc/arm-none-eabi/14.2.0/../../../../arm-none-eabi/lib/thumb/v8-m.main+fp/hard/libg_nano.a(libc_a-lseekr.o)
 .ARM.attributes
                0x000007be       0x38 /usr/lib/gcc/arm-none-eabi/14.2.0/../../../../arm-none-eabi/lib/thumb/v8-m.main+fp/hard/libg_nano.a(libc_a-readr.o)
 .ARM.attributes
                0x000007f6       0x38 /usr/lib/gcc/arm-none-eabi/14.2.0/../../../../arm-none-eabi/lib/thumb/v8-m.main+fp/hard/libg_nano.a(libc_a-writer.o)
 .ARM.attributes
                0x0000082e       0x38 /usr/lib/gcc/arm-none-eabi/14.2.0/../../../../arm-none-eabi/lib/thumb/v8-m.main+fp/hard/libg_nano.a(libc_a-errno.o)
 .ARM.attributes
                0x00000866       0x38 /usr/lib/gcc/arm-none-eabi/14.2.0/../../../../arm-none-eabi/lib/thumb/v8-m.main+fp/hard/libg_nano.a(libc_a-lock.o)
 .ARM.attributes
                0x0000089e       0x38 /usr/lib/gcc/arm-none-eabi/14.2.0/../../../../arm-none-eabi/lib/thumb/v8-m.main+fp/hard/libg_nano.a(libc_a-memcpy-stub.o)
 .ARM.attributes
                0x000008d6       0x38 /usr/lib/gcc/arm-none-eabi/14.2.0/../../../../arm-none-eabi/lib/thumb/v8-m.main+fp/hard/libg_nano.a(libc_a-freer.o)
 .ARM.attributes
                0x0000090e       0x38 /usr/lib/gcc/arm-none-eabi/14.2.0/../../../../arm-none-eabi/lib/thumb/v8-m.main+fp/hard/libg_nano.a(libc_a-mallocr.o)
 .ARM.attributes
                0x00000946       0x38 /usr/lib/gcc/arm-none-eabi/14.2.0/../../../../arm-none-eabi/lib/thumb/v8-m.main+fp/hard/libg_nano.a(libc_a-mlock.o)
 .ARM.attributes
                0x0000097e       0x38 /usr/lib/gcc/arm-none-eabi/14.2.0/../../../../arm-none-eabi/lib/thumb/v8-m.main+fp/hard/libg_nano.a(libc_a-nano-vfprintf.o)
 .ARM.attributes
                0x000009b6       0x38 /usr/lib/gcc/arm-none-eabi/14.2.0/../../../../arm-none-eabi/lib/thumb/v8-m.main+fp/hard/libg_nano.a(libc_a-nano-vfprintf_i.o)
 .ARM.attributes
                0x000009ee       0x38 /usr/lib/gcc/arm-none-eabi/14.2.0/../../../../arm-none-eabi/lib/thumb/v8-m.main+fp/hard/libg_nano.a(libc_a-nano-vfscanf.o)
 .ARM.attributes
                0x00000a26       0x38 /usr/lib/gcc/arm-none-eabi/14.2.0/../../../../arm-none-eabi/lib/thumb/v8-m.main+fp/hard/libg_nano.a(libc_a-nano-vfscanf_i.o)
 .ARM.attributes
                0x00000a5e       0x38 /usr/lib/gcc/arm-none-eabi/14.2.0/../../../../arm-none-eabi/lib/thumb/v8-m.main+fp/hard/libg_nano.a(libc_a-fflush.o)
 .ARM.attributes
                0x00000a96       0x38 /usr/lib/gcc/arm-none-eabi/14.2.0/../../../../arm-none-eabi/lib/thumb/v8-m.main+fp/hard/libg_nano.a(libc_a-makebuf.o)
 .ARM.attributes
                0x00000ace       0x38 /usr/lib/gcc/arm-none-eabi/14.2.0/../../../../arm-none-eabi/lib/thumb/v8-m.main+fp/hard/libg_nano.a(libc_a-refill.o)
 .ARM.attributes
                0x00000b06       0x38 /usr/lib/gcc/arm-none-eabi/14.2.0/../../../../arm-none-eabi/lib/thumb/v8-m.main+fp/hard/libg_nano.a(libc_a-sccl.o)
 .ARM.attributes
                0x00000b3e       0x38 /usr/lib/gcc/arm-none-eabi/14.2.0/../../../../arm-none-eabi/lib/thumb/v8-m.main+fp/hard/libg_nano.a(libc_a-ungetc.o)
 .ARM.attributes
                0x00000b76       0x38 /usr/lib/gcc/arm-none-eabi/14.2.0/../../../../arm-none-eabi/lib/thumb/v8-m.main+fp/hard/libg_nano.a(libc_a-fstatr.o)
 .ARM.attributes
                0x00000bae       0x38 /usr/lib/gcc/arm-none-eabi/14.2.0/../../../../arm-none-eabi/lib/thumb/v8-m.main+fp/hard/libg_nano.a(libc_a-isattyr.o)
 .ARM.attributes
                0x00000be6       0x38 /usr/lib/gcc/arm-none-eabi/14.2.0/../../../../arm-none-eabi/lib/thumb/v8-m.main+fp/hard/libg_nano.a(libc_a-sbrkr.o)
 .ARM.attributes
                0x00000c1e       0x38 /usr/lib/gcc/arm-none-eabi/14.2.0/../../../../arm-none-eabi/lib/thumb/v8-m.main+fp/hard/libg_nano.a(libc_a-memchr-stub.o)
 .ARM.attributes
                0x00000c56       0x38 /usr/lib/gcc/arm-none-eabi/14.2.0/../../../../arm-none-eabi/lib/thumb/v8-m.main+fp/hard/libg_nano.a(libc_a-reallocr.o)
 .ARM.attributes
                0x00000c8e       0x38 /usr/lib/gcc/arm-none-eabi/14.2.0/../../../../arm-none-eabi/lib/thumb/v8-m.main+fp/hard/libg_nano.a(libc_a-strtol.o)
 .ARM.attributes
                0x00000cc6       0x38 /usr/lib/gcc/arm-none-eabi/14.2.0/../../../../arm-none-eabi/lib/thumb/v8-m.main+fp/hard/libg_nano.a(libc_a-strtoul.o)
 .ARM.attributes
                0x00000cfe       0x38 /usr/lib/gcc/arm-none-eabi/14.2.0/../../../../arm-none-eabi/lib/thumb/v8-m.main+fp/hard/libg_nano.a(libc_a-ctype_.o)
 .ARM.attributes
                0x00000d36       0x38 /usr/lib/gcc/arm-none-eabi/14.2.0/../../../../arm-none-eabi/lib/thumb/v8-m.main+fp/hard/libg_nano.a(libc_a-msizer.o)

.comment        0x00000000       0x1e
 .comment       0x00000000       0x1e CMakeFiles/UART.elf.dir/ra/fsp/src/bsp/cmsis/Device/RENESAS/Source/startup.c.obj
                                 0x1f (size before relaxing)
 .comment       0x0000001e       0x1f CMakeFiles/UART.elf.dir/ra/fsp/src/bsp/cmsis/Device/RENESAS/Source/system.c.obj
 .comment       0x0000001e       0x1f CMakeFiles/UART.elf.dir/ra/fsp/src/bsp/mcu/all/bsp_clocks.c.obj
 .comment       0x0000001e       0x1f CMakeFiles/UART.elf.dir/ra/fsp/src/bsp/mcu/all/bsp_common.c.obj
 .comment       0x0000001e       0x1f CMakeFiles/UART.elf.dir/ra/fsp/src/bsp/mcu/all/bsp_delay.c.obj
 .comment       0x0000001e       0x1f CMakeFiles/UART.elf.dir/ra/fsp/src/bsp/mcu/all/bsp_group_irq.c.obj
 .comment       0x0000001e       0x1f CMakeFiles/UART.elf.dir/ra/fsp/src/bsp/mcu/all/bsp_io.c.obj
 .comment       0x0000001e       0x1f CMakeFiles/UART.elf.dir/ra/fsp/src/bsp/mcu/all/bsp_irq.c.obj
 .comment       0x0000001e       0x1f CMakeFiles/UART.elf.dir/ra/fsp/src/bsp/mcu/all/bsp_register_protection.c.obj
 .comment       0x0000001e       0x1f CMakeFiles/UART.elf.dir/ra/fsp/src/bsp/mcu/all/bsp_sbrk.c.obj
 .comment       0x0000001e       0x1f CMakeFiles/UART.elf.dir/ra/fsp/src/bsp/mcu/ra6m5/bsp_linker.c.obj
 .comment       0x0000001e       0x1f CMakeFiles/UART.elf.dir/ra/fsp/src/r_ioport/r_ioport.c.obj
 .comment       0x0000001e       0x1f CMakeFiles/UART.elf.dir/ra/fsp/src/r_sci_uart/r_sci_uart.c.obj
 .comment       0x0000001e       0x1f CMakeFiles/UART.elf.dir/ra_gen/common_data.c.obj
 .comment       0x0000001e       0x1f CMakeFiles/UART.elf.dir/ra_gen/hal_data.c.obj
 .comment       0x0000001e       0x1f CMakeFiles/UART.elf.dir/ra_gen/main.c.obj
 .comment       0x0000001e       0x1f CMakeFiles/UART.elf.dir/ra_gen/pin_data.c.obj
 .comment       0x0000001e       0x1f CMakeFiles/UART.elf.dir/ra_gen/vector_data.c.obj
 .comment       0x0000001e       0x1f CMakeFiles/UART.elf.dir/src/hal_entry.c.obj
 .comment       0x0000001e       0x1f CMakeFiles/UART.elf.dir/src/hal_warmstart.c.obj
 .comment       0x0000001e       0x1f /usr/lib/gcc/arm-none-eabi/14.2.0/../../../../arm-none-eabi/lib/thumb/v8-m.main+fp/hard/libg_nano.a(libc_a-findfp.o)
 .comment       0x0000001e       0x1f /usr/lib/gcc/arm-none-eabi/14.2.0/../../../../arm-none-eabi/lib/thumb/v8-m.main+fp/hard/libg_nano.a(libc_a-fwalk.o)
 .comment       0x0000001e       0x1f /usr/lib/gcc/arm-none-eabi/14.2.0/../../../../arm-none-eabi/lib/thumb/v8-m.main+fp/hard/libg_nano.a(libc_a-printf.o)
 .comment       0x0000001e       0x1f /usr/lib/gcc/arm-none-eabi/14.2.0/../../../../arm-none-eabi/lib/thumb/v8-m.main+fp/hard/libg_nano.a(libc_a-puts.o)
 .comment       0x0000001e       0x1f /usr/lib/gcc/arm-none-eabi/14.2.0/../../../../arm-none-eabi/lib/thumb/v8-m.main+fp/hard/libg_nano.a(libc_a-scanf.o)
 .comment       0x0000001e       0x1f /usr/lib/gcc/arm-none-eabi/14.2.0/../../../../arm-none-eabi/lib/thumb/v8-m.main+fp/hard/libg_nano.a(libc_a-stdio.o)
 .comment       0x0000001e       0x1f /usr/lib/gcc/arm-none-eabi/14.2.0/../../../../arm-none-eabi/lib/thumb/v8-m.main+fp/hard/libg_nano.a(libc_a-wbuf.o)
 .comment       0x0000001e       0x1f /usr/lib/gcc/arm-none-eabi/14.2.0/../../../../arm-none-eabi/lib/thumb/v8-m.main+fp/hard/libg_nano.a(libc_a-wsetup.o)
 .comment       0x0000001e       0x1f /usr/lib/gcc/arm-none-eabi/14.2.0/../../../../arm-none-eabi/lib/thumb/v8-m.main+fp/hard/libg_nano.a(libc_a-memset.o)
 .comment       0x0000001e       0x1f /usr/lib/gcc/arm-none-eabi/14.2.0/../../../../arm-none-eabi/lib/thumb/v8-m.main+fp/hard/libg_nano.a(libc_a-closer.o)
 .comment       0x0000001e       0x1f /usr/lib/gcc/arm-none-eabi/14.2.0/../../../../arm-none-eabi/lib/thumb/v8-m.main+fp/hard/libg_nano.a(libc_a-reent.o)
 .comment       0x0000001e       0x1f /usr/lib/gcc/arm-none-eabi/14.2.0/../../../../arm-none-eabi/lib/thumb/v8-m.main+fp/hard/libg_nano.a(libc_a-impure.o)
 .comment       0x0000001e       0x1f /usr/lib/gcc/arm-none-eabi/14.2.0/../../../../arm-none-eabi/lib/thumb/v8-m.main+fp/hard/libg_nano.a(libc_a-lseekr.o)
 .comment       0x0000001e       0x1f /usr/lib/gcc/arm-none-eabi/14.2.0/../../../../arm-none-eabi/lib/thumb/v8-m.main+fp/hard/libg_nano.a(libc_a-readr.o)
 .comment       0x0000001e       0x1f /usr/lib/gcc/arm-none-eabi/14.2.0/../../../../arm-none-eabi/lib/thumb/v8-m.main+fp/hard/libg_nano.a(libc_a-writer.o)
 .comment       0x0000001e       0x1f /usr/lib/gcc/arm-none-eabi/14.2.0/../../../../arm-none-eabi/lib/thumb/v8-m.main+fp/hard/libg_nano.a(libc_a-errno.o)
 .comment       0x0000001e       0x1f /usr/lib/gcc/arm-none-eabi/14.2.0/../../../../arm-none-eabi/lib/thumb/v8-m.main+fp/hard/libg_nano.a(libc_a-lock.o)
 .comment       0x0000001e       0x1f /usr/lib/gcc/arm-none-eabi/14.2.0/../../../../arm-none-eabi/lib/thumb/v8-m.main+fp/hard/libg_nano.a(libc_a-memcpy-stub.o)
 .comment       0x0000001e       0x1f /usr/lib/gcc/arm-none-eabi/14.2.0/../../../../arm-none-eabi/lib/thumb/v8-m.main+fp/hard/libg_nano.a(libc_a-freer.o)
 .comment       0x0000001e       0x1f /usr/lib/gcc/arm-none-eabi/14.2.0/../../../../arm-none-eabi/lib/thumb/v8-m.main+fp/hard/libg_nano.a(libc_a-mallocr.o)
 .comment       0x0000001e       0x1f /usr/lib/gcc/arm-none-eabi/14.2.0/../../../../arm-none-eabi/lib/thumb/v8-m.main+fp/hard/libg_nano.a(libc_a-mlock.o)
 .comment       0x0000001e       0x1f /usr/lib/gcc/arm-none-eabi/14.2.0/../../../../arm-none-eabi/lib/thumb/v8-m.main+fp/hard/libg_nano.a(libc_a-nano-vfprintf.o)
 .comment       0x0000001e       0x1f /usr/lib/gcc/arm-none-eabi/14.2.0/../../../../arm-none-eabi/lib/thumb/v8-m.main+fp/hard/libg_nano.a(libc_a-nano-vfprintf_i.o)
 .comment       0x0000001e       0x1f /usr/lib/gcc/arm-none-eabi/14.2.0/../../../../arm-none-eabi/lib/thumb/v8-m.main+fp/hard/libg_nano.a(libc_a-nano-vfscanf.o)
 .comment       0x0000001e       0x1f /usr/lib/gcc/arm-none-eabi/14.2.0/../../../../arm-none-eabi/lib/thumb/v8-m.main+fp/hard/libg_nano.a(libc_a-nano-vfscanf_i.o)
 .comment       0x0000001e       0x1f /usr/lib/gcc/arm-none-eabi/14.2.0/../../../../arm-none-eabi/lib/thumb/v8-m.main+fp/hard/libg_nano.a(libc_a-fflush.o)
 .comment       0x0000001e       0x1f /usr/lib/gcc/arm-none-eabi/14.2.0/../../../../arm-none-eabi/lib/thumb/v8-m.main+fp/hard/libg_nano.a(libc_a-makebuf.o)
 .comment       0x0000001e       0x1f /usr/lib/gcc/arm-none-eabi/14.2.0/../../../../arm-none-eabi/lib/thumb/v8-m.main+fp/hard/libg_nano.a(libc_a-refill.o)
 .comment       0x0000001e       0x1f /usr/lib/gcc/arm-none-eabi/14.2.0/../../../../arm-none-eabi/lib/thumb/v8-m.main+fp/hard/libg_nano.a(libc_a-sccl.o)
 .comment       0x0000001e       0x1f /usr/lib/gcc/arm-none-eabi/14.2.0/../../../../arm-none-eabi/lib/thumb/v8-m.main+fp/hard/libg_nano.a(libc_a-ungetc.o)
 .comment       0x0000001e       0x1f /usr/lib/gcc/arm-none-eabi/14.2.0/../../../../arm-none-eabi/lib/thumb/v8-m.main+fp/hard/libg_nano.a(libc_a-fstatr.o)
 .comment       0x0000001e       0x1f /usr/lib/gcc/arm-none-eabi/14.2.0/../../../../arm-none-eabi/lib/thumb/v8-m.main+fp/hard/libg_nano.a(libc_a-isattyr.o)
 .comment       0x0000001e       0x1f /usr/lib/gcc/arm-none-eabi/14.2.0/../../../../arm-none-eabi/lib/thumb/v8-m.main+fp/hard/libg_nano.a(libc_a-sbrkr.o)
 .comment       0x0000001e       0x1f /usr/lib/gcc/arm-none-eabi/14.2.0/../../../../arm-none-eabi/lib/thumb/v8-m.main+fp/hard/libg_nano.a(libc_a-memchr-stub.o)
 .comment       0x0000001e       0x1f /usr/lib/gcc/arm-none-eabi/14.2.0/../../../../arm-none-eabi/lib/thumb/v8-m.main+fp/hard/libg_nano.a(libc_a-reallocr.o)
 .comment       0x0000001e       0x1f /usr/lib/gcc/arm-none-eabi/14.2.0/../../../../arm-none-eabi/lib/thumb/v8-m.main+fp/hard/libg_nano.a(libc_a-strtol.o)
 .comment       0x0000001e       0x1f /usr/lib/gcc/arm-none-eabi/14.2.0/../../../../arm-none-eabi/lib/thumb/v8-m.main+fp/hard/libg_nano.a(libc_a-strtoul.o)
 .comment       0x0000001e       0x1f /usr/lib/gcc/arm-none-eabi/14.2.0/../../../../arm-none-eabi/lib/thumb/v8-m.main+fp/hard/libg_nano.a(libc_a-ctype_.o)
 .comment       0x0000001e       0x1f /usr/lib/gcc/arm-none-eabi/14.2.0/../../../../arm-none-eabi/lib/thumb/v8-m.main+fp/hard/libg_nano.a(libc_a-msizer.o)

.debug_info     0x00000000    0x3ef54
 .debug_info    0x00000000      0x187 CMakeFiles/UART.elf.dir/ra/fsp/src/bsp/cmsis/Device/RENESAS/Source/startup.c.obj
 .debug_info    0x00000187     0x1203 CMakeFiles/UART.elf.dir/ra/fsp/src/bsp/cmsis/Device/RENESAS/Source/system.c.obj
 .debug_info    0x0000138a     0x64d5 CMakeFiles/UART.elf.dir/ra/fsp/src/bsp/mcu/all/bsp_clocks.c.obj
 .debug_info    0x0000785f      0x966 CMakeFiles/UART.elf.dir/ra/fsp/src/bsp/mcu/all/bsp_common.c.obj
 .debug_info    0x000081c5      0x204 CMakeFiles/UART.elf.dir/ra/fsp/src/bsp/mcu/all/bsp_delay.c.obj
 .debug_info    0x000083c9     0x135a CMakeFiles/UART.elf.dir/ra/fsp/src/bsp/mcu/all/bsp_group_irq.c.obj
 .debug_info    0x00009723       0xb2 CMakeFiles/UART.elf.dir/ra/fsp/src/bsp/mcu/all/bsp_io.c.obj
 .debug_info    0x000097d5     0x200d CMakeFiles/UART.elf.dir/ra/fsp/src/bsp/mcu/all/bsp_irq.c.obj
 .debug_info    0x0000b7e2     0x3912 CMakeFiles/UART.elf.dir/ra/fsp/src/bsp/mcu/all/bsp_register_protection.c.obj
 .debug_info    0x0000f0f4       0xd8 CMakeFiles/UART.elf.dir/ra/fsp/src/bsp/mcu/all/bsp_sbrk.c.obj
 .debug_info    0x0000f1cc      0x4e6 CMakeFiles/UART.elf.dir/ra/fsp/src/bsp/mcu/ra6m5/bsp_linker.c.obj
 .debug_info    0x0000f6b2     0x76fd CMakeFiles/UART.elf.dir/ra/fsp/src/r_ioport/r_ioport.c.obj
 .debug_info    0x00016daf     0xa082 CMakeFiles/UART.elf.dir/ra/fsp/src/r_sci_uart/r_sci_uart.c.obj
 .debug_info    0x00020e31     0x1253 CMakeFiles/UART.elf.dir/ra_gen/common_data.c.obj
 .debug_info    0x00022084     0x373a CMakeFiles/UART.elf.dir/ra_gen/hal_data.c.obj
 .debug_info    0x000257be       0xaa CMakeFiles/UART.elf.dir/ra_gen/main.c.obj
 .debug_info    0x00025868      0xa31 CMakeFiles/UART.elf.dir/ra_gen/pin_data.c.obj
 .debug_info    0x00026299      0x8ba CMakeFiles/UART.elf.dir/ra_gen/vector_data.c.obj
 .debug_info    0x00026b53     0x2a76 CMakeFiles/UART.elf.dir/src/hal_entry.c.obj
 .debug_info    0x000295c9      0xfef CMakeFiles/UART.elf.dir/src/hal_warmstart.c.obj
 .debug_info    0x0002a5b8      0xfb2 /usr/lib/gcc/arm-none-eabi/14.2.0/../../../../arm-none-eabi/lib/thumb/v8-m.main+fp/hard/libg_nano.a(libc_a-findfp.o)
 .debug_info    0x0002b56a      0x7d2 /usr/lib/gcc/arm-none-eabi/14.2.0/../../../../arm-none-eabi/lib/thumb/v8-m.main+fp/hard/libg_nano.a(libc_a-fwalk.o)
 .debug_info    0x0002bd3c      0x841 /usr/lib/gcc/arm-none-eabi/14.2.0/../../../../arm-none-eabi/lib/thumb/v8-m.main+fp/hard/libg_nano.a(libc_a-printf.o)
 .debug_info    0x0002c57d      0x950 /usr/lib/gcc/arm-none-eabi/14.2.0/../../../../arm-none-eabi/lib/thumb/v8-m.main+fp/hard/libg_nano.a(libc_a-puts.o)
 .debug_info    0x0002cecd      0x840 /usr/lib/gcc/arm-none-eabi/14.2.0/../../../../arm-none-eabi/lib/thumb/v8-m.main+fp/hard/libg_nano.a(libc_a-scanf.o)
 .debug_info    0x0002d70d      0xa90 /usr/lib/gcc/arm-none-eabi/14.2.0/../../../../arm-none-eabi/lib/thumb/v8-m.main+fp/hard/libg_nano.a(libc_a-stdio.o)
 .debug_info    0x0002e19d      0x874 /usr/lib/gcc/arm-none-eabi/14.2.0/../../../../arm-none-eabi/lib/thumb/v8-m.main+fp/hard/libg_nano.a(libc_a-wbuf.o)
 .debug_info    0x0002ea11      0x7bb /usr/lib/gcc/arm-none-eabi/14.2.0/../../../../arm-none-eabi/lib/thumb/v8-m.main+fp/hard/libg_nano.a(libc_a-wsetup.o)
 .debug_info    0x0002f1cc       0xe0 /usr/lib/gcc/arm-none-eabi/14.2.0/../../../../arm-none-eabi/lib/thumb/v8-m.main+fp/hard/libg_nano.a(libc_a-memset.o)
 .debug_info    0x0002f2ac      0x75d /usr/lib/gcc/arm-none-eabi/14.2.0/../../../../arm-none-eabi/lib/thumb/v8-m.main+fp/hard/libg_nano.a(libc_a-closer.o)
 .debug_info    0x0002fa09      0x8a1 /usr/lib/gcc/arm-none-eabi/14.2.0/../../../../arm-none-eabi/lib/thumb/v8-m.main+fp/hard/libg_nano.a(libc_a-reent.o)
 .debug_info    0x000302aa      0x715 /usr/lib/gcc/arm-none-eabi/14.2.0/../../../../arm-none-eabi/lib/thumb/v8-m.main+fp/hard/libg_nano.a(libc_a-impure.o)
 .debug_info    0x000309bf      0x7a8 /usr/lib/gcc/arm-none-eabi/14.2.0/../../../../arm-none-eabi/lib/thumb/v8-m.main+fp/hard/libg_nano.a(libc_a-lseekr.o)
 .debug_info    0x00031167      0x7bf /usr/lib/gcc/arm-none-eabi/14.2.0/../../../../arm-none-eabi/lib/thumb/v8-m.main+fp/hard/libg_nano.a(libc_a-readr.o)
 .debug_info    0x00031926      0x7c5 /usr/lib/gcc/arm-none-eabi/14.2.0/../../../../arm-none-eabi/lib/thumb/v8-m.main+fp/hard/libg_nano.a(libc_a-writer.o)
 .debug_info    0x000320eb      0x6fb /usr/lib/gcc/arm-none-eabi/14.2.0/../../../../arm-none-eabi/lib/thumb/v8-m.main+fp/hard/libg_nano.a(libc_a-errno.o)
 .debug_info    0x000327e6      0x218 /usr/lib/gcc/arm-none-eabi/14.2.0/../../../../arm-none-eabi/lib/thumb/v8-m.main+fp/hard/libg_nano.a(libc_a-lock.o)
 .debug_info    0x000329fe      0x121 /usr/lib/gcc/arm-none-eabi/14.2.0/../../../../arm-none-eabi/lib/thumb/v8-m.main+fp/hard/libg_nano.a(libc_a-memcpy-stub.o)
 .debug_info    0x00032b1f      0x851 /usr/lib/gcc/arm-none-eabi/14.2.0/../../../../arm-none-eabi/lib/thumb/v8-m.main+fp/hard/libg_nano.a(libc_a-freer.o)
 .debug_info    0x00033370      0x9bc /usr/lib/gcc/arm-none-eabi/14.2.0/../../../../arm-none-eabi/lib/thumb/v8-m.main+fp/hard/libg_nano.a(libc_a-mallocr.o)
 .debug_info    0x00033d2c      0x76b /usr/lib/gcc/arm-none-eabi/14.2.0/../../../../arm-none-eabi/lib/thumb/v8-m.main+fp/hard/libg_nano.a(libc_a-mlock.o)
 .debug_info    0x00034497     0x1094 /usr/lib/gcc/arm-none-eabi/14.2.0/../../../../arm-none-eabi/lib/thumb/v8-m.main+fp/hard/libg_nano.a(libc_a-nano-vfprintf.o)
 .debug_info    0x0003552b      0xde2 /usr/lib/gcc/arm-none-eabi/14.2.0/../../../../arm-none-eabi/lib/thumb/v8-m.main+fp/hard/libg_nano.a(libc_a-nano-vfprintf_i.o)
 .debug_info    0x0003630d     0x1050 /usr/lib/gcc/arm-none-eabi/14.2.0/../../../../arm-none-eabi/lib/thumb/v8-m.main+fp/hard/libg_nano.a(libc_a-nano-vfscanf.o)
 .debug_info    0x0003735d      0xdc0 /usr/lib/gcc/arm-none-eabi/14.2.0/../../../../arm-none-eabi/lib/thumb/v8-m.main+fp/hard/libg_nano.a(libc_a-nano-vfscanf_i.o)
 .debug_info    0x0003811d      0x9f2 /usr/lib/gcc/arm-none-eabi/14.2.0/../../../../arm-none-eabi/lib/thumb/v8-m.main+fp/hard/libg_nano.a(libc_a-fflush.o)
 .debug_info    0x00038b0f      0xb15 /usr/lib/gcc/arm-none-eabi/14.2.0/../../../../arm-none-eabi/lib/thumb/v8-m.main+fp/hard/libg_nano.a(libc_a-makebuf.o)
 .debug_info    0x00039624      0x997 /usr/lib/gcc/arm-none-eabi/14.2.0/../../../../arm-none-eabi/lib/thumb/v8-m.main+fp/hard/libg_nano.a(libc_a-refill.o)
 .debug_info    0x00039fbb      0x10e /usr/lib/gcc/arm-none-eabi/14.2.0/../../../../arm-none-eabi/lib/thumb/v8-m.main+fp/hard/libg_nano.a(libc_a-sccl.o)
 .debug_info    0x0003a0c9      0x99f /usr/lib/gcc/arm-none-eabi/14.2.0/../../../../arm-none-eabi/lib/thumb/v8-m.main+fp/hard/libg_nano.a(libc_a-ungetc.o)
 .debug_info    0x0003aa68      0x981 /usr/lib/gcc/arm-none-eabi/14.2.0/../../../../arm-none-eabi/lib/thumb/v8-m.main+fp/hard/libg_nano.a(libc_a-fstatr.o)
 .debug_info    0x0003b3e9      0x75d /usr/lib/gcc/arm-none-eabi/14.2.0/../../../../arm-none-eabi/lib/thumb/v8-m.main+fp/hard/libg_nano.a(libc_a-isattyr.o)
 .debug_info    0x0003bb46      0x782 /usr/lib/gcc/arm-none-eabi/14.2.0/../../../../arm-none-eabi/lib/thumb/v8-m.main+fp/hard/libg_nano.a(libc_a-sbrkr.o)
 .debug_info    0x0003c2c8      0x110 /usr/lib/gcc/arm-none-eabi/14.2.0/../../../../arm-none-eabi/lib/thumb/v8-m.main+fp/hard/libg_nano.a(libc_a-memchr-stub.o)
 .debug_info    0x0003c3d8      0x8cd /usr/lib/gcc/arm-none-eabi/14.2.0/../../../../arm-none-eabi/lib/thumb/v8-m.main+fp/hard/libg_nano.a(libc_a-reallocr.o)
 .debug_info    0x0003cca5      0xd7f /usr/lib/gcc/arm-none-eabi/14.2.0/../../../../arm-none-eabi/lib/thumb/v8-m.main+fp/hard/libg_nano.a(libc_a-strtol.o)
 .debug_info    0x0003da24      0xce3 /usr/lib/gcc/arm-none-eabi/14.2.0/../../../../arm-none-eabi/lib/thumb/v8-m.main+fp/hard/libg_nano.a(libc_a-strtoul.o)
 .debug_info    0x0003e707       0xb9 /usr/lib/gcc/arm-none-eabi/14.2.0/../../../../arm-none-eabi/lib/thumb/v8-m.main+fp/hard/libg_nano.a(libc_a-ctype_.o)
 .debug_info    0x0003e7c0      0x794 /usr/lib/gcc/arm-none-eabi/14.2.0/../../../../arm-none-eabi/lib/thumb/v8-m.main+fp/hard/libg_nano.a(libc_a-msizer.o)

.debug_abbrev   0x00000000     0x783a
 .debug_abbrev  0x00000000      0x102 CMakeFiles/UART.elf.dir/ra/fsp/src/bsp/cmsis/Device/RENESAS/Source/startup.c.obj
 .debug_abbrev  0x00000102      0x37b CMakeFiles/UART.elf.dir/ra/fsp/src/bsp/cmsis/Device/RENESAS/Source/system.c.obj
 .debug_abbrev  0x0000047d      0x43a CMakeFiles/UART.elf.dir/ra/fsp/src/bsp/mcu/all/bsp_clocks.c.obj
 .debug_abbrev  0x000008b7      0x188 CMakeFiles/UART.elf.dir/ra/fsp/src/bsp/mcu/all/bsp_common.c.obj
 .debug_abbrev  0x00000a3f      0x10d CMakeFiles/UART.elf.dir/ra/fsp/src/bsp/mcu/all/bsp_delay.c.obj
 .debug_abbrev  0x00000b4c      0x25c CMakeFiles/UART.elf.dir/ra/fsp/src/bsp/mcu/all/bsp_group_irq.c.obj
 .debug_abbrev  0x00000da8       0x5e CMakeFiles/UART.elf.dir/ra/fsp/src/bsp/mcu/all/bsp_io.c.obj
 .debug_abbrev  0x00000e06      0x28d CMakeFiles/UART.elf.dir/ra/fsp/src/bsp/mcu/all/bsp_irq.c.obj
 .debug_abbrev  0x00001093      0x283 CMakeFiles/UART.elf.dir/ra/fsp/src/bsp/mcu/all/bsp_register_protection.c.obj
 .debug_abbrev  0x00001316       0x90 CMakeFiles/UART.elf.dir/ra/fsp/src/bsp/mcu/all/bsp_sbrk.c.obj
 .debug_abbrev  0x000013a6       0xe3 CMakeFiles/UART.elf.dir/ra/fsp/src/bsp/mcu/ra6m5/bsp_linker.c.obj
 .debug_abbrev  0x00001489      0x4b6 CMakeFiles/UART.elf.dir/ra/fsp/src/r_ioport/r_ioport.c.obj
 .debug_abbrev  0x0000193f      0x639 CMakeFiles/UART.elf.dir/ra/fsp/src/r_sci_uart/r_sci_uart.c.obj
 .debug_abbrev  0x00001f78      0x13a CMakeFiles/UART.elf.dir/ra_gen/common_data.c.obj
 .debug_abbrev  0x000020b2      0x2be CMakeFiles/UART.elf.dir/ra_gen/hal_data.c.obj
 .debug_abbrev  0x00002370       0x61 CMakeFiles/UART.elf.dir/ra_gen/main.c.obj
 .debug_abbrev  0x000023d1       0xff CMakeFiles/UART.elf.dir/ra_gen/pin_data.c.obj
 .debug_abbrev  0x000024d0       0xbe CMakeFiles/UART.elf.dir/ra_gen/vector_data.c.obj
 .debug_abbrev  0x0000258e      0x442 CMakeFiles/UART.elf.dir/src/hal_entry.c.obj
 .debug_abbrev  0x000029d0      0x158 CMakeFiles/UART.elf.dir/src/hal_warmstart.c.obj
 .debug_abbrev  0x00002b28      0x424 /usr/lib/gcc/arm-none-eabi/14.2.0/../../../../arm-none-eabi/lib/thumb/v8-m.main+fp/hard/libg_nano.a(libc_a-findfp.o)
 .debug_abbrev  0x00002f4c      0x19b /usr/lib/gcc/arm-none-eabi/14.2.0/../../../../arm-none-eabi/lib/thumb/v8-m.main+fp/hard/libg_nano.a(libc_a-fwalk.o)
 .debug_abbrev  0x000030e7      0x21a /usr/lib/gcc/arm-none-eabi/14.2.0/../../../../arm-none-eabi/lib/thumb/v8-m.main+fp/hard/libg_nano.a(libc_a-printf.o)
 .debug_abbrev  0x00003301      0x2a7 /usr/lib/gcc/arm-none-eabi/14.2.0/../../../../arm-none-eabi/lib/thumb/v8-m.main+fp/hard/libg_nano.a(libc_a-puts.o)
 .debug_abbrev  0x000035a8      0x22f /usr/lib/gcc/arm-none-eabi/14.2.0/../../../../arm-none-eabi/lib/thumb/v8-m.main+fp/hard/libg_nano.a(libc_a-scanf.o)
 .debug_abbrev  0x000037d7      0x221 /usr/lib/gcc/arm-none-eabi/14.2.0/../../../../arm-none-eabi/lib/thumb/v8-m.main+fp/hard/libg_nano.a(libc_a-stdio.o)
 .debug_abbrev  0x000039f8      0x22d /usr/lib/gcc/arm-none-eabi/14.2.0/../../../../arm-none-eabi/lib/thumb/v8-m.main+fp/hard/libg_nano.a(libc_a-wbuf.o)
 .debug_abbrev  0x00003c25      0x1e2 /usr/lib/gcc/arm-none-eabi/14.2.0/../../../../arm-none-eabi/lib/thumb/v8-m.main+fp/hard/libg_nano.a(libc_a-wsetup.o)
 .debug_abbrev  0x00003e07       0x9e /usr/lib/gcc/arm-none-eabi/14.2.0/../../../../arm-none-eabi/lib/thumb/v8-m.main+fp/hard/libg_nano.a(libc_a-memset.o)
 .debug_abbrev  0x00003ea5      0x1b0 /usr/lib/gcc/arm-none-eabi/14.2.0/../../../../arm-none-eabi/lib/thumb/v8-m.main+fp/hard/libg_nano.a(libc_a-closer.o)
 .debug_abbrev  0x00004055      0x1f7 /usr/lib/gcc/arm-none-eabi/14.2.0/../../../../arm-none-eabi/lib/thumb/v8-m.main+fp/hard/libg_nano.a(libc_a-reent.o)
 .debug_abbrev  0x0000424c      0x149 /usr/lib/gcc/arm-none-eabi/14.2.0/../../../../arm-none-eabi/lib/thumb/v8-m.main+fp/hard/libg_nano.a(libc_a-impure.o)
 .debug_abbrev  0x00004395      0x1c4 /usr/lib/gcc/arm-none-eabi/14.2.0/../../../../arm-none-eabi/lib/thumb/v8-m.main+fp/hard/libg_nano.a(libc_a-lseekr.o)
 .debug_abbrev  0x00004559      0x1b0 /usr/lib/gcc/arm-none-eabi/14.2.0/../../../../arm-none-eabi/lib/thumb/v8-m.main+fp/hard/libg_nano.a(libc_a-readr.o)
 .debug_abbrev  0x00004709      0x1b5 /usr/lib/gcc/arm-none-eabi/14.2.0/../../../../arm-none-eabi/lib/thumb/v8-m.main+fp/hard/libg_nano.a(libc_a-writer.o)
 .debug_abbrev  0x000048be      0x15e /usr/lib/gcc/arm-none-eabi/14.2.0/../../../../arm-none-eabi/lib/thumb/v8-m.main+fp/hard/libg_nano.a(libc_a-errno.o)
 .debug_abbrev  0x00004a1c      0x115 /usr/lib/gcc/arm-none-eabi/14.2.0/../../../../arm-none-eabi/lib/thumb/v8-m.main+fp/hard/libg_nano.a(libc_a-lock.o)
 .debug_abbrev  0x00004b31       0xc1 /usr/lib/gcc/arm-none-eabi/14.2.0/../../../../arm-none-eabi/lib/thumb/v8-m.main+fp/hard/libg_nano.a(libc_a-memcpy-stub.o)
 .debug_abbrev  0x00004bf2      0x236 /usr/lib/gcc/arm-none-eabi/14.2.0/../../../../arm-none-eabi/lib/thumb/v8-m.main+fp/hard/libg_nano.a(libc_a-freer.o)
 .debug_abbrev  0x00004e28      0x24a /usr/lib/gcc/arm-none-eabi/14.2.0/../../../../arm-none-eabi/lib/thumb/v8-m.main+fp/hard/libg_nano.a(libc_a-mallocr.o)
 .debug_abbrev  0x00005072      0x1bf /usr/lib/gcc/arm-none-eabi/14.2.0/../../../../arm-none-eabi/lib/thumb/v8-m.main+fp/hard/libg_nano.a(libc_a-mlock.o)
 .debug_abbrev  0x00005231      0x316 /usr/lib/gcc/arm-none-eabi/14.2.0/../../../../arm-none-eabi/lib/thumb/v8-m.main+fp/hard/libg_nano.a(libc_a-nano-vfprintf.o)
 .debug_abbrev  0x00005547      0x28e /usr/lib/gcc/arm-none-eabi/14.2.0/../../../../arm-none-eabi/lib/thumb/v8-m.main+fp/hard/libg_nano.a(libc_a-nano-vfprintf_i.o)
 .debug_abbrev  0x000057d5      0x332 /usr/lib/gcc/arm-none-eabi/14.2.0/../../../../arm-none-eabi/lib/thumb/v8-m.main+fp/hard/libg_nano.a(libc_a-nano-vfscanf.o)
 .debug_abbrev  0x00005b07      0x29f /usr/lib/gcc/arm-none-eabi/14.2.0/../../../../arm-none-eabi/lib/thumb/v8-m.main+fp/hard/libg_nano.a(libc_a-nano-vfscanf_i.o)
 .debug_abbrev  0x00005da6      0x2b2 /usr/lib/gcc/arm-none-eabi/14.2.0/../../../../arm-none-eabi/lib/thumb/v8-m.main+fp/hard/libg_nano.a(libc_a-fflush.o)
 .debug_abbrev  0x00006058      0x290 /usr/lib/gcc/arm-none-eabi/14.2.0/../../../../arm-none-eabi/lib/thumb/v8-m.main+fp/hard/libg_nano.a(libc_a-makebuf.o)
 .debug_abbrev  0x000062e8      0x285 /usr/lib/gcc/arm-none-eabi/14.2.0/../../../../arm-none-eabi/lib/thumb/v8-m.main+fp/hard/libg_nano.a(libc_a-refill.o)
 .debug_abbrev  0x0000656d       0x9a /usr/lib/gcc/arm-none-eabi/14.2.0/../../../../arm-none-eabi/lib/thumb/v8-m.main+fp/hard/libg_nano.a(libc_a-sccl.o)
 .debug_abbrev  0x00006607      0x278 /usr/lib/gcc/arm-none-eabi/14.2.0/../../../../arm-none-eabi/lib/thumb/v8-m.main+fp/hard/libg_nano.a(libc_a-ungetc.o)
 .debug_abbrev  0x0000687f      0x1c3 /usr/lib/gcc/arm-none-eabi/14.2.0/../../../../arm-none-eabi/lib/thumb/v8-m.main+fp/hard/libg_nano.a(libc_a-fstatr.o)
 .debug_abbrev  0x00006a42      0x1b0 /usr/lib/gcc/arm-none-eabi/14.2.0/../../../../arm-none-eabi/lib/thumb/v8-m.main+fp/hard/libg_nano.a(libc_a-isattyr.o)
 .debug_abbrev  0x00006bf2      0x1da /usr/lib/gcc/arm-none-eabi/14.2.0/../../../../arm-none-eabi/lib/thumb/v8-m.main+fp/hard/libg_nano.a(libc_a-sbrkr.o)