../VL53L0X/Src/soft_i2c.c:3:13:soft_i2c_delay	16	static
../VL53L0X/Src/soft_i2c.c:9:6:soft_i2c_init	32	static
../VL53L0X/Src/soft_i2c.c:29:13:soft_i2c_start	8	static
../VL53L0X/Src/soft_i2c.c:40:13:soft_i2c_stop	8	static
../VL53L0X/Src/soft_i2c.c:52:13:soft_i2c_send_byte	24	static
../VL53L0X/Src/soft_i2c.c:76:16:soft_i2c_receive_byte	16	static
../VL53L0X/Src/soft_i2c.c:99:16:soft_i2c_wait_ack	16	static
../VL53L0X/Src/soft_i2c.c:124:13:soft_i2c_send_ack	8	static
../VL53L0X/Src/soft_i2c.c:136:13:soft_i2c_send_nack	8	static
../VL53L0X/Src/soft_i2c.c:148:9:soft_i2c_write	32	static
../VL53L0X/Src/soft_i2c.c:182:9:soft_i2c_read	40	static
